<html>
<body>
<pre>
<h1>µVision Build Log</h1>
<h2>Tool Versions:</h2>
IDE-Version: ¦ÌVision V5.14.0.0
Copyright (C) 2015 ARM Ltd and ARM Germany GmbH. All rights reserved.
License Information: s RoboticsZeng, s, LIC=BL263-AGXV8-PG17L-0QNJQ-DAANJ-R8D6A
 
Tool Versions:
Toolchain:       MDK-ARM Professional  Version: 5.14.0.0
Toolchain Path:  d:\Keil_v5\ARM\ARMCC\Bin
C Compiler:      Armcc.exe V5.05 update 1 (build 106)
Assembler:       Armasm.exe V5.05 update 1 (build 106)
Linker/Locator:  ArmLink.exe V5.05 update 1 (build 106)
Library Manager: ArmAr.exe V5.05 update 1 (build 106)
Hex Converter:   FromElf.exe V5.05 update 1 (build 106)
CPU DLL:         SARMCM3.DLL V5.14.0.0
Dialog DLL:      DCM.DLL V1.13.1.0
Target DLL:      STLink\ST-LINKIII-KEIL_SWO.dll V2.0.14.0_KEIL
Dialog DLL:      TCM.DLL V1.14.4.0
 
<h2>Project:</h2>
D:\GitHub\GIA_ZENG\Software\FOC_V2_Software\MDK-ARM\foc_gb6010.uvprojx
Project File Date:  01/17/2023

<h2>Output:</h2>
Build target 'foc_gb6010'
compiling controll.c...
../Core/Inc/AS5600.h(136): warning:  #1-D: last line of file ends without a newline
  #endif        /* AS5600_INCLUDED */
..\Core\Src\controll.c(417): warning:  #223-D: function "printf" declared implicitly
      printf("elec_zero_pos = %d, actual_pos = %d", sdo->SDO_ELEC_ZERO_POSITION, state->actual_position);
..\Core\Src\controll.c(436): warning:  #223-D: function "printf" declared implicitly
      printf("adc offset = %d, %d", sdo->SDO_ADC0_OFFSET, sdo->SDO_ADC1_OFFSET);
..\Core\Src\controll.c: 3 warnings, 0 errors
compiling flash.c...
../Core/Inc/AS5600.h(136): warning:  #1-D: last line of file ends without a newline
  #endif        /* AS5600_INCLUDED */
..\Core\Src\flash.c(200): warning:  #1-D: last line of file ends without a newline
  }
..\Core\Src\flash.c: 2 warnings, 0 errors
compiling main.c...
../Core/Inc/AS5600.h(136): warning:  #1-D: last line of file ends without a newline
  #endif        /* AS5600_INCLUDED */
../Core/Src/main.c: 1 warning, 0 errors
linking...
Program Size: Code=25832 RO-data=292 RW-data=296 ZI-data=11528  
FromELF: creating hex file...
"foc_gb6010\foc_gb6010.axf" - 0 Error(s), 6 Warning(s).

<h2>Software Packages used:</h2>

Package Vendor: ARM
                http://www.keil.com/pack/ARM.CMSIS.4.2.0.pack
                ARM::CMSIS:CORE:3.40.0
                CMSIS (Cortex Microcontroller Software Interface Standard)
   * Component: CORE Version: 3.40.0

<h2>Collection of Component include folders:</h2>
  D:\GitHub\GIA_ZENG\Software\FOC_V2_Software\MDK-ARM\RTE
  d:\Keil_v5\ARM\PACK\ARM\CMSIS\4.2.0\CMSIS\Include
  d:\Keil_v5\ARM\PACK\Keil\STM32F1xx_DFP\1.0.5\Device\Include

<h2>Collection of Component Files used:</h2>

   * Component: ARM::CMSIS:CORE:3.40.0
      Source file:   CMSIS\UserCodeTemplates\ARM\ITM_Retarget.c
</pre>
</body>
</html>
