Component: ARM Compiler 5.05 update 1 (build 106) Tool: armlink [4d0efa]

==============================================================================

Section Cross References

    startup_stm32f103xb.o(RESET) refers to startup_stm32f103xb.o(STACK) for __initial_sp
    startup_stm32f103xb.o(RESET) refers to startup_stm32f103xb.o(.text) for Reset_Handler
    startup_stm32f103xb.o(RESET) refers to stm32f1xx_it.o(i.NMI_Handler) for NMI_Handler
    startup_stm32f103xb.o(RESET) refers to stm32f1xx_it.o(i.HardFault_Handler) for HardFault_Handler
    startup_stm32f103xb.o(RESET) refers to stm32f1xx_it.o(i.MemManage_Handler) for MemManage_Handler
    startup_stm32f103xb.o(RESET) refers to stm32f1xx_it.o(i.BusFault_Handler) for BusFault_Handler
    startup_stm32f103xb.o(RESET) refers to stm32f1xx_it.o(i.UsageFault_Handler) for UsageFault_Handler
    startup_stm32f103xb.o(RESET) refers to stm32f1xx_it.o(i.SVC_Handler) for SVC_Handler
    startup_stm32f103xb.o(RESET) refers to stm32f1xx_it.o(i.DebugMon_Handler) for DebugMon_Handler
    startup_stm32f103xb.o(RESET) refers to stm32f1xx_it.o(i.PendSV_Handler) for PendSV_Handler
    startup_stm32f103xb.o(RESET) refers to stm32f1xx_it.o(i.SysTick_Handler) for SysTick_Handler
    startup_stm32f103xb.o(RESET) refers to stm32f1xx_it.o(i.TIM1_UP_IRQHandler) for TIM1_UP_IRQHandler
    startup_stm32f103xb.o(RESET) refers to stm32f1xx_it.o(i.TIM2_IRQHandler) for TIM2_IRQHandler
    startup_stm32f103xb.o(RESET) refers to stm32f1xx_it.o(i.TIM3_IRQHandler) for TIM3_IRQHandler
    startup_stm32f103xb.o(RESET) refers to stm32f1xx_it.o(i.TIM4_IRQHandler) for TIM4_IRQHandler
    startup_stm32f103xb.o(.text) refers to system_stm32f1xx.o(i.SystemInit) for SystemInit
    startup_stm32f103xb.o(.text) refers to entry.o(.ARM.Collect$$$$00000000) for __main
    foc_kernal.o(i._normalizeAngle) refers to f2d.o(.text) for __aeabi_f2d
    foc_kernal.o(i._normalizeAngle) refers to fmod.o(i.fmod) for fmod
    foc_kernal.o(i._normalizeAngle) refers to d2f.o(.text) for __aeabi_d2f
    foc_kernal.o(i._normalizeAngle) refers to dadd.o(.text) for __aeabi_dadd
    foc_kernal.o(i.get_angle_elec) refers to dfltui.o(.text) for __aeabi_ui2d
    foc_kernal.o(i.get_angle_elec) refers to dflti.o(.text) for __aeabi_i2d
    foc_kernal.o(i.get_angle_elec) refers to dmul.o(.text) for __aeabi_dmul
    foc_kernal.o(i.get_angle_elec) refers to ddiv.o(.text) for __aeabi_ddiv
    foc_kernal.o(i.get_angle_elec) refers to d2f.o(.text) for __aeabi_d2f
    foc_kernal.o(i.get_angle_elec) refers to foc_kernal.o(i._normalizeAngle) for _normalizeAngle
    foc_kernal.o(i.get_angle_elec) refers to stm32f1xx_it.o(.data) for CONST_ENC_RESOLUTION
    foc_kernal.o(i.get_angle_elec) refers to stm32f1xx_it.o(.data) for actualPos
    foc_kernal.o(i.get_angle_elec) refers to stm32f1xx_it.o(.data) for CONST_POLAR_PAIRS
    foc_kernal.o(i.get_angle_elec) refers to foc_kernal.o(.data) for .data
    foc_kernal.o(i.setPhaseVoltage) refers to simple_math.o(i._sin) for _sin
    foc_kernal.o(i.setPhaseVoltage) refers to fmul.o(.text) for __aeabi_fmul
    foc_kernal.o(i.setPhaseVoltage) refers to simple_math.o(i._cos) for _cos
    foc_kernal.o(i.setPhaseVoltage) refers to fadd.o(.text) for __aeabi_fsub
    foc_kernal.o(i.setPhaseVoltage) refers to simple_math.o(i._sqrtApprox) for _sqrtApprox
    foc_kernal.o(i.setPhaseVoltage) refers to f2d.o(.text) for __aeabi_f2d
    foc_kernal.o(i.setPhaseVoltage) refers to dadd.o(.text) for __aeabi_dadd
    foc_kernal.o(i.setPhaseVoltage) refers to d2f.o(.text) for __aeabi_d2f
    foc_kernal.o(i.setPhaseVoltage) refers to foc_kernal.o(i._normalizeAngle) for _normalizeAngle
    foc_kernal.o(i.setPhaseVoltage) refers to ddiv.o(.text) for __aeabi_ddiv
    foc_kernal.o(i.setPhaseVoltage) refers to dfixui.o(.text) for __aeabi_d2uiz
    foc_kernal.o(i.setPhaseVoltage) refers to dfltui.o(.text) for __aeabi_ui2d
    foc_kernal.o(i.setPhaseVoltage) refers to dmul.o(.text) for __aeabi_dmul
    foc_kernal.o(i.setPhaseVoltage) refers to fscalb.o(.text) for __ARM_scalbnf
    foc_kernal.o(i.setPhaseVoltage) refers to fflti.o(.text) for __aeabi_i2f
    foc_kernal.o(i.setPhaseVoltage) refers to ffixui.o(.text) for __aeabi_f2uiz
    foc_kernal.o(i.setPhaseVoltage) refers to foc_kernal.o(.data) for .data
    foc_kernal.o(i.setPhaseVoltage) refers to tim.o(.data) for PWM_PERIOD
    foc_kernal.o(i.setPhaseVoltage) refers to tim.o(.bss) for htim1
    simple_math.o(i._cos) refers to f2d.o(.text) for __aeabi_f2d
    simple_math.o(i._cos) refers to dadd.o(.text) for __aeabi_dadd
    simple_math.o(i._cos) refers to d2f.o(.text) for __aeabi_d2f
    simple_math.o(i._cos) refers to simple_math.o(i._sin) for _sin
    simple_math.o(i._cos_int) refers to fflti.o(.text) for __aeabi_i2f
    simple_math.o(i._cos_int) refers to simple_math.o(i._sin) for _sin
    simple_math.o(i._cos_int) refers to ffixi.o(.text) for __aeabi_f2iz
    simple_math.o(i._sin) refers to f2d.o(.text) for __aeabi_f2d
[...]
    Removing stm32f1xx_hal_tim.o(i.HAL_TIM_OnePulse_DeInit), (76 bytes).
    Removing stm32f1xx_hal_tim.o(i.HAL_TIM_OnePulse_GetState), (6 bytes).
    Removing stm32f1xx_hal_tim.o(i.HAL_TIM_OnePulse_Init), (86 bytes).
    Removing stm32f1xx_hal_tim.o(i.HAL_TIM_OnePulse_MspDeInit), (2 bytes).
    Removing stm32f1xx_hal_tim.o(i.HAL_TIM_OnePulse_MspInit), (2 bytes).
    Removing stm32f1xx_hal_tim.o(i.HAL_TIM_OnePulse_Start), (104 bytes).
    Removing stm32f1xx_hal_tim.o(i.HAL_TIM_OnePulse_Start_IT), (124 bytes).
    Removing stm32f1xx_hal_tim.o(i.HAL_TIM_OnePulse_Stop), (100 bytes).
    Removing stm32f1xx_hal_tim.o(i.HAL_TIM_OnePulse_Stop_IT), (120 bytes).
    Removing stm32f1xx_hal_tim.o(i.HAL_TIM_PWM_DeInit), (92 bytes).
    Removing stm32f1xx_hal_tim.o(i.HAL_TIM_PWM_GetState), (6 bytes).
    Removing stm32f1xx_hal_tim.o(i.HAL_TIM_PWM_MspDeInit), (2 bytes).
    Removing stm32f1xx_hal_tim.o(i.HAL_TIM_PWM_PulseFinishedHalfCpltCallback), (2 bytes).
    Removing stm32f1xx_hal_tim.o(i.HAL_TIM_PWM_Start_DMA), (388 bytes).
    Removing stm32f1xx_hal_tim.o(i.HAL_TIM_PWM_Start_IT), (196 bytes).
    Removing stm32f1xx_hal_tim.o(i.HAL_TIM_PWM_Stop), (112 bytes).
    Removing stm32f1xx_hal_tim.o(i.HAL_TIM_PWM_Stop_DMA), (184 bytes).
    Removing stm32f1xx_hal_tim.o(i.HAL_TIM_PWM_Stop_IT), (164 bytes).
    Removing stm32f1xx_hal_tim.o(i.HAL_TIM_PeriodElapsedHalfCpltCallback), (2 bytes).
    Removing stm32f1xx_hal_tim.o(i.HAL_TIM_ReadCapturedValue), (42 bytes).
    Removing stm32f1xx_hal_tim.o(i.HAL_TIM_SlaveConfigSynchro), (86 bytes).
    Removing stm32f1xx_hal_tim.o(i.HAL_TIM_SlaveConfigSynchro_IT), (86 bytes).
    Removing stm32f1xx_hal_tim.o(i.HAL_TIM_TriggerHalfCpltCallback), (2 bytes).
    Removing stm32f1xx_hal_tim.o(i.TIM_DMACaptureCplt), (110 bytes).
    Removing stm32f1xx_hal_tim.o(i.TIM_DMACaptureHalfCplt), (56 bytes).
    Removing stm32f1xx_hal_tim.o(i.TIM_DMADelayPulseCplt), (94 bytes).
    Removing stm32f1xx_hal_tim.o(i.TIM_DMADelayPulseHalfCplt), (56 bytes).
    Removing stm32f1xx_hal_tim.o(i.TIM_DMAError), (84 bytes).
    Removing stm32f1xx_hal_tim.o(i.TIM_DMAPeriodElapsedCplt), (22 bytes).
    Removing stm32f1xx_hal_tim.o(i.TIM_DMAPeriodElapsedHalfCplt), (10 bytes).
    Removing stm32f1xx_hal_tim.o(i.TIM_DMATriggerCplt), (22 bytes).
    Removing stm32f1xx_hal_tim.o(i.TIM_DMATriggerHalfCplt), (10 bytes).
    Removing stm32f1xx_hal_tim.o(i.TIM_SlaveTimer_SetConfig), (134 bytes).
    Removing stm32f1xx_hal_tim.o(i.TIM_TI1_SetConfig), (88 bytes).
    Removing stm32f1xx_hal_tim.o(i.TIM_TI2_SetConfig), (54 bytes).
    Removing stm32f1xx_hal_tim_ex.o(.rev16_text), (4 bytes).
    Removing stm32f1xx_hal_tim_ex.o(.revsh_text), (4 bytes).
    Removing stm32f1xx_hal_tim_ex.o(.rrx_text), (6 bytes).
    Removing stm32f1xx_hal_tim_ex.o(i.HAL_TIMEx_CommutHalfCpltCallback), (2 bytes).
    Removing stm32f1xx_hal_tim_ex.o(i.HAL_TIMEx_ConfigCommutEvent), (112 bytes).
    Removing stm32f1xx_hal_tim_ex.o(i.HAL_TIMEx_ConfigCommutEvent_DMA), (144 bytes).
    Removing stm32f1xx_hal_tim_ex.o(i.HAL_TIMEx_ConfigCommutEvent_IT), (112 bytes).
    Removing stm32f1xx_hal_tim_ex.o(i.HAL_TIMEx_GetChannelNState), (34 bytes).
    Removing stm32f1xx_hal_tim_ex.o(i.HAL_TIMEx_HallSensor_DeInit), (76 bytes).
    Removing stm32f1xx_hal_tim_ex.o(i.HAL_TIMEx_HallSensor_GetState), (6 bytes).
    Removing stm32f1xx_hal_tim_ex.o(i.HAL_TIMEx_HallSensor_Init), (208 bytes).
    Removing stm32f1xx_hal_tim_ex.o(i.HAL_TIMEx_HallSensor_MspDeInit), (2 bytes).
    Removing stm32f1xx_hal_tim_ex.o(i.HAL_TIMEx_HallSensor_MspInit), (2 bytes).
    Removing stm32f1xx_hal_tim_ex.o(i.HAL_TIMEx_HallSensor_Start), (128 bytes).
    Removing stm32f1xx_hal_tim_ex.o(i.HAL_TIMEx_HallSensor_Start_DMA), (184 bytes).
    Removing stm32f1xx_hal_tim_ex.o(i.HAL_TIMEx_HallSensor_Start_IT), (140 bytes).
    Removing stm32f1xx_hal_tim_ex.o(i.HAL_TIMEx_HallSensor_Stop), (58 bytes).
    Removing stm32f1xx_hal_tim_ex.o(i.HAL_TIMEx_HallSensor_Stop_DMA), (70 bytes).
    Removing stm32f1xx_hal_tim_ex.o(i.HAL_TIMEx_HallSensor_Stop_IT), (68 bytes).
    Removing stm32f1xx_hal_tim_ex.o(i.HAL_TIMEx_OCN_Start), (152 bytes).
    Removing stm32f1xx_hal_tim_ex.o(i.HAL_TIMEx_OCN_Start_DMA), (336 bytes).
    Removing stm32f1xx_hal_tim_ex.o(i.HAL_TIMEx_OCN_Start_IT), (188 bytes).
    Removing stm32f1xx_hal_tim_ex.o(i.HAL_TIMEx_OCN_Stop), (104 bytes).
    Removing stm32f1xx_hal_tim_ex.o(i.HAL_TIMEx_OCN_Stop_DMA), (158 bytes).
    Removing stm32f1xx_hal_tim_ex.o(i.HAL_TIMEx_OCN_Stop_IT), (160 bytes).
    Removing stm32f1xx_hal_tim_ex.o(i.HAL_TIMEx_OnePulseN_Start), (100 bytes).
    Removing stm32f1xx_hal_tim_ex.o(i.HAL_TIMEx_OnePulseN_Start_IT), (120 bytes).
    Removing stm32f1xx_hal_tim_ex.o(i.HAL_TIMEx_OnePulseN_Stop), (98 bytes).
    Removing stm32f1xx_hal_tim_ex.o(i.HAL_TIMEx_OnePulseN_Stop_IT), (120 bytes).
    Removing stm32f1xx_hal_tim_ex.o(i.HAL_TIMEx_PWMN_Start), (152 bytes).
    Removing stm32f1xx_hal_tim_ex.o(i.HAL_TIMEx_PWMN_Start_DMA), (336 bytes).
    Removing stm32f1xx_hal_tim_ex.o(i.HAL_TIMEx_PWMN_Start_IT), (188 bytes).
    Removing stm32f1xx_hal_tim_ex.o(i.HAL_TIMEx_PWMN_Stop), (104 bytes).
    Removing stm32f1xx_hal_tim_ex.o(i.HAL_TIMEx_PWMN_Stop_DMA), (158 bytes).
    Removing stm32f1xx_hal_tim_ex.o(i.HAL_TIMEx_PWMN_Stop_IT), (160 bytes).
    Removing stm32f1xx_hal_tim_ex.o(i.HAL_TIMEx_RemapConfig), (4 bytes).
    Removing stm32f1xx_hal_tim_ex.o(i.TIMEx_DMACommutationCplt), (16 bytes).
    Removing stm32f1xx_hal_tim_ex.o(i.TIMEx_DMACommutationHalfCplt), (16 bytes).
    Removing stm32f1xx_hal_tim_ex.o(i.TIM_CCxNChannelCmd), (26 bytes).
    Removing stm32f1xx_hal_tim_ex.o(i.TIM_DMADelayPulseNCplt), (94 bytes).
    Removing stm32f1xx_hal_tim_ex.o(i.TIM_DMAErrorCCxN), (62 bytes).
    Removing stm32f1xx_hal_uart.o(.rev16_text), (4 bytes).
    Removing stm32f1xx_hal_uart.o(.revsh_text), (4 bytes).
    Removing stm32f1xx_hal_uart.o(.rrx_text), (6 bytes).
    Removing stm32f1xx_hal_uart.o(i.HAL_HalfDuplex_EnableReceiver), (50 bytes).
    Removing stm32f1xx_hal_uart.o(i.HAL_HalfDuplex_EnableTransmitter), (50 bytes).
    Removing stm32f1xx_hal_uart.o(i.HAL_HalfDuplex_Init), (108 bytes).
    Removing stm32f1xx_hal_uart.o(i.HAL_LIN_Init), (128 bytes).
    Removing stm32f1xx_hal_uart.o(i.HAL_LIN_SendBreak), (46 bytes).
    Removing stm32f1xx_hal_uart.o(i.HAL_MultiProcessor_EnterMuteMode), (46 bytes).
    Removing stm32f1xx_hal_uart.o(i.HAL_MultiProcessor_ExitMuteMode), (46 bytes).
    Removing stm32f1xx_hal_uart.o(i.HAL_MultiProcessor_Init), (142 bytes).
    Removing stm32f1xx_hal_uart.o(i.HAL_UARTEx_ReceiveToIdle), (254 bytes).
    Removing stm32f1xx_hal_uart.o(i.HAL_UARTEx_ReceiveToIdle_DMA), (74 bytes).
    Removing stm32f1xx_hal_uart.o(i.HAL_UARTEx_ReceiveToIdle_IT), (74 bytes).
    Removing stm32f1xx_hal_uart.o(i.HAL_UARTEx_RxEventCallback), (2 bytes).
    Removing stm32f1xx_hal_uart.o(i.HAL_UART_Abort), (156 bytes).
    Removing stm32f1xx_hal_uart.o(i.HAL_UART_AbortCpltCallback), (2 bytes).
    Removing stm32f1xx_hal_uart.o(i.HAL_UART_AbortReceive), (106 bytes).
    Removing stm32f1xx_hal_uart.o(i.HAL_UART_AbortReceiveCpltCallback), (2 bytes).
    Removing stm32f1xx_hal_uart.o(i.HAL_UART_AbortReceive_IT), (112 bytes).
    Removing stm32f1xx_hal_uart.o(i.HAL_UART_AbortTransmit), (78 bytes).
    Removing stm32f1xx_hal_uart.o(i.HAL_UART_AbortTransmitCpltCallback), (2 bytes).
    Removing stm32f1xx_hal_uart.o(i.HAL_UART_AbortTransmit_IT), (84 bytes).
    Removing stm32f1xx_hal_uart.o(i.HAL_UART_Abort_IT), (188 bytes).
    Removing stm32f1xx_hal_uart.o(i.HAL_UART_DMAPause), (102 bytes).
    Removing stm32f1xx_hal_uart.o(i.HAL_UART_DMAResume), (94 bytes).
    Removing stm32f1xx_hal_uart.o(i.HAL_UART_DMAStop), (88 bytes).
    Removing stm32f1xx_hal_uart.o(i.HAL_UART_DeInit), (52 bytes).
    Removing stm32f1xx_hal_uart.o(i.HAL_UART_ErrorCallback), (2 bytes).
    Removing stm32f1xx_hal_uart.o(i.HAL_UART_GetError), (4 bytes).
    Removing stm32f1xx_hal_uart.o(i.HAL_UART_GetState), (10 bytes).
    Removing stm32f1xx_hal_uart.o(i.HAL_UART_IRQHandler), (524 bytes).
    Removing stm32f1xx_hal_uart.o(i.HAL_UART_MspDeInit), (2 bytes).
    Removing stm32f1xx_hal_uart.o(i.HAL_UART_MspInit), (2 bytes).
    Removing stm32f1xx_hal_uart.o(i.HAL_UART_Receive), (192 bytes).
    Removing stm32f1xx_hal_uart.o(i.HAL_UART_Receive_DMA), (42 bytes).
    Removing stm32f1xx_hal_uart.o(i.HAL_UART_Receive_IT), (42 bytes).
    Removing stm32f1xx_hal_uart.o(i.HAL_UART_RxCpltCallback), (2 bytes).
    Removing stm32f1xx_hal_uart.o(i.HAL_UART_RxHalfCpltCallback), (2 bytes).
    Removing stm32f1xx_hal_uart.o(i.HAL_UART_Transmit), (178 bytes).
    Removing stm32f1xx_hal_uart.o(i.HAL_UART_Transmit_DMA), (128 bytes).
    Removing stm32f1xx_hal_uart.o(i.HAL_UART_Transmit_IT), (62 bytes).
    Removing stm32f1xx_hal_uart.o(i.HAL_UART_TxCpltCallback), (2 bytes).
    Removing stm32f1xx_hal_uart.o(i.HAL_UART_TxHalfCpltCallback), (2 bytes).
    Removing stm32f1xx_hal_uart.o(i.UART_DMAAbortOnError), (16 bytes).
    Removing stm32f1xx_hal_uart.o(i.UART_DMAError), (74 bytes).
    Removing stm32f1xx_hal_uart.o(i.UART_DMAReceiveCplt), (90 bytes).
    Removing stm32f1xx_hal_uart.o(i.UART_DMARxAbortCallback), (44 bytes).
    Removing stm32f1xx_hal_uart.o(i.UART_DMARxHalfCplt), (26 bytes).
    Removing stm32f1xx_hal_uart.o(i.UART_DMARxOnlyAbortCallback), (22 bytes).
    Removing stm32f1xx_hal_uart.o(i.UART_DMATransmitCplt), (46 bytes).
    Removing stm32f1xx_hal_uart.o(i.UART_DMATxAbortCallback), (44 bytes).
    Removing stm32f1xx_hal_uart.o(i.UART_DMATxHalfCplt), (10 bytes).
    Removing stm32f1xx_hal_uart.o(i.UART_DMATxOnlyAbortCallback), (20 bytes).
    Removing stm32f1xx_hal_uart.o(i.UART_EndRxTransfer), (48 bytes).
    Removing stm32f1xx_hal_uart.o(i.UART_EndTxTransfer), (18 bytes).
    Removing stm32f1xx_hal_uart.o(i.UART_Receive_IT), (182 bytes).
    Removing stm32f1xx_hal_uart.o(i.UART_Start_Receive_DMA), (112 bytes).
    Removing stm32f1xx_hal_uart.o(i.UART_Start_Receive_IT), (54 bytes).
    Removing stm32f1xx_hal_uart.o(i.UART_WaitOnFlagUntilTimeout), (100 bytes).
    Removing system_stm32f1xx.o(.rev16_text), (4 bytes).
    Removing system_stm32f1xx.o(.revsh_text), (4 bytes).
    Removing system_stm32f1xx.o(.rrx_text), (6 bytes).
    Removing system_stm32f1xx.o(i.SystemCoreClockUpdate), (104 bytes).
    Removing ffixi.o(.text), (50 bytes).
    Removing dscalb.o(.text), (46 bytes).

540 unused section(s) (total 40660 bytes) removed from the image.

==============================================================================

Image Symbol Table

    Local Symbols

    Symbol Name                              Value     Ov Type        Size  Object(Section)

    ../Core/Src/adc.c                        0x00000000   Number         0  adc.o ABSOLUTE
    ../Core/Src/gpio.c                       0x00000000   Number         0  gpio.o ABSOLUTE
    ../Core/Src/i2c.c                        0x00000000   Number         0  i2c.o ABSOLUTE
    ../Core/Src/main.c                       0x00000000   Number         0  main.o ABSOLUTE
    ../Core/Src/stm32f1xx_hal_msp.c          0x00000000   Number         0  stm32f1xx_hal_msp.o ABSOLUTE
    ../Core/Src/stm32f1xx_it.c               0x00000000   Number         0  stm32f1xx_it.o ABSOLUTE
    ../Core/Src/system_stm32f1xx.c           0x00000000   Number         0  system_stm32f1xx.o ABSOLUTE
    ../Core/Src/tim.c                        0x00000000   Number         0  tim.o ABSOLUTE
    ../Core/Src/usart.c                      0x00000000   Number         0  usart.o ABSOLUTE
    ../Drivers/STM32F1xx_HAL_Driver/Src/stm32f1xx_hal.c 0x00000000   Number         0  stm32f1xx_hal.o ABSOLUTE
    ../Drivers/STM32F1xx_HAL_Driver/Src/stm32f1xx_hal_adc.c 0x00000000   Number         0  stm32f1xx_hal_adc.o ABSOLUTE
    ../Drivers/STM32F1xx_HAL_Driver/Src/stm32f1xx_hal_adc_ex.c 0x00000000   Number         0  stm32f1xx_hal_adc_ex.o ABSOLUTE
    ../Drivers/STM32F1xx_HAL_Driver/Src/stm32f1xx_hal_cortex.c 0x00000000   Number         0  stm32f1xx_hal_cortex.o ABSOLUTE
    ../Drivers/STM32F1xx_HAL_Driver/Src/stm32f1xx_hal_dma.c 0x00000000   Number         0  stm32f1xx_hal_dma.o ABSOLUTE
    ../Drivers/STM32F1xx_HAL_Driver/Src/stm32f1xx_hal_exti.c 0x00000000   Number         0  stm32f1xx_hal_exti.o ABSOLUTE
    ../Drivers/STM32F1xx_HAL_Driver/Src/stm32f1xx_hal_flash.c 0x00000000   Number         0  stm32f1xx_hal_flash.o ABSOLUTE
    ../Drivers/STM32F1xx_HAL_Driver/Src/stm32f1xx_hal_flash_ex.c 0x00000000   Number         0  stm32f1xx_hal_flash_ex.o ABSOLUTE
    ../Drivers/STM32F1xx_HAL_Driver/Src/stm32f1xx_hal_gpio.c 0x00000000   Number         0  stm32f1xx_hal_gpio.o ABSOLUTE
    ../Drivers/STM32F1xx_HAL_Driver/Src/stm32f1xx_hal_gpio_ex.c 0x00000000   Number         0  stm32f1xx_hal_gpio_ex.o ABSOLUTE
    ../Drivers/STM32F1xx_HAL_Driver/Src/stm32f1xx_hal_i2c.c 0x00000000   Number         0  stm32f1xx_hal_i2c.o ABSOLUTE
    ../Drivers/STM32F1xx_HAL_Driver/Src/stm32f1xx_hal_pwr.c 0x00000000   Number         0  stm32f1xx_hal_pwr.o ABSOLUTE
    ../Drivers/STM32F1xx_HAL_Driver/Src/stm32f1xx_hal_rcc.c 0x00000000   Number         0  stm32f1xx_hal_rcc.o ABSOLUTE
    ../Drivers/STM32F1xx_HAL_Driver/Src/stm32f1xx_hal_rcc_ex.c 0x00000000   Number         0  stm32f1xx_hal_rcc_ex.o ABSOLUTE
    ../Drivers/STM32F1xx_HAL_Driver/Src/stm32f1xx_hal_tim.c 0x00000000   Number         0  stm32f1xx_hal_tim.o ABSOLUTE
    ../Drivers/STM32F1xx_HAL_Driver/Src/stm32f1xx_hal_tim_ex.c 0x00000000   Number         0  stm32f1xx_hal_tim_ex.o ABSOLUTE
    ../Drivers/STM32F1xx_HAL_Driver/Src/stm32f1xx_hal_uart.c 0x00000000   Number         0  stm32f1xx_hal_uart.o ABSOLUTE
    ../clib/microlib/errno.c                 0x00000000   Number         0  errno.o ABSOLUTE
    ../clib/microlib/init/entry.s            0x00000000   Number         0  entry5.o ABSOLUTE
    ../clib/microlib/init/entry.s            0x00000000   Number         0  entry.o ABSOLUTE
    ../clib/microlib/init/entry.s            0x00000000   Number         0  entry2.o ABSOLUTE
    ../clib/microlib/init/entry.s            0x00000000   Number         0  entry7a.o ABSOLUTE
    ../clib/microlib/init/entry.s            0x00000000   Number         0  entry11b.o ABSOLUTE
    ../clib/microlib/init/entry.s            0x00000000   Number         0  entry11a.o ABSOLUTE
    ../clib/microlib/init/entry.s            0x00000000   Number         0  entry10b.o ABSOLUTE
    ../clib/microlib/init/entry.s            0x00000000   Number         0  entry10a.o ABSOLUTE
    ../clib/microlib/init/entry.s            0x00000000   Number         0  entry9b.o ABSOLUTE
    ../clib/microlib/init/entry.s            0x00000000   Number         0  entry9a.o ABSOLUTE
    ../clib/microlib/init/entry.s            0x00000000   Number         0  entry8b.o ABSOLUTE
    ../clib/microlib/init/entry.s            0x00000000   Number         0  entry8a.o ABSOLUTE
    ../clib/microlib/init/entry.s            0x00000000   Number         0  entry7b.o ABSOLUTE
    ../clib/microlib/longlong.c              0x00000000   Number         0  llushr.o ABSOLUTE
    ../clib/microlib/longlong.c              0x00000000   Number         0  llshl.o ABSOLUTE
    ../clib/microlib/longlong.c              0x00000000   Number         0  llsshr.o ABSOLUTE
    ../clib/microlib/malloc/calloc.c         0x00000000   Number         0  calloc.o ABSOLUTE
    ../clib/microlib/malloc/malloc.c         0x00000000   Number         0  malloc.o ABSOLUTE
    ../clib/microlib/malloc/malloc.c         0x00000000   Number         0  mallocra.o ABSOLUTE
    ../clib/microlib/malloc/malloc.c         0x00000000   Number         0  malloca.o ABSOLUTE
    ../clib/microlib/malloc/malloc.c         0x00000000   Number         0  mallocr.o ABSOLUTE
    ../clib/microlib/malloc/mvars.c          0x00000000   Number         0  mvars.o ABSOLUTE
    ../clib/microlib/string/memcpy.c         0x00000000   Number         0  memcpya.o ABSOLUTE
    ../clib/microlib/string/memcpy.c         0x00000000   Number         0  memcpyb.o ABSOLUTE
    ../clib/microlib/string/memset.c         0x00000000   Number         0  memseta.o ABSOLUTE
    ../clib/microlib/stubs.s                 0x00000000   Number         0  iusefp.o ABSOLUTE
    ../fplib/microlib/d2f.c                  0x00000000   Number         0  d2f.o ABSOLUTE
    ../fplib/microlib/f2d.c                  0x00000000   Number         0  f2d.o ABSOLUTE
    ../fplib/microlib/fpadd.c                0x00000000   Number         0  fadd.o ABSOLUTE
    ../fplib/microlib/fpadd.c                0x00000000   Number         0  dadd.o ABSOLUTE
    ../fplib/microlib/fpdiv.c                0x00000000   Number         0  ddiv.o ABSOLUTE
    ../fplib/microlib/fpepilogue.c           0x00000000   Number         0  depilogue.o ABSOLUTE
    ../fplib/microlib/fpepilogue.c           0x00000000   Number         0  fepilogue.o ABSOLUTE
    ../fplib/microlib/fpfix.c                0x00000000   Number         0  ffixui.o ABSOLUTE
    ../fplib/microlib/fpfix.c                0x00000000   Number         0  dfixi.o ABSOLUTE
    ../fplib/microlib/fpfix.c                0x00000000   Number         0  ffixi.o ABSOLUTE
    ../fplib/microlib/fpfix.c                0x00000000   Number         0  dfixui.o ABSOLUTE
    ../fplib/microlib/fpflt.c                0x00000000   Number         0  dfltui.o ABSOLUTE
    ../fplib/microlib/fpflt.c                0x00000000   Number         0  fflti.o ABSOLUTE
    ../fplib/microlib/fpflt.c                0x00000000   Number         0  dflti.o ABSOLUTE
    ../fplib/microlib/fpmul.c                0x00000000   Number         0  fmul.o ABSOLUTE
    ../fplib/microlib/fpmul.c                0x00000000   Number         0  dmul.o ABSOLUTE
    ../fplib/microlib/fprem.c                0x00000000   Number         0  drem.o ABSOLUTE
    ../fplib/microlib/fpscalb.c              0x00000000   Number         0  fscalb.o ABSOLUTE
    ../fplib/microlib/fpscalb.c              0x00000000   Number         0  dscalb.o ABSOLUTE
    ../mathlib/dunder.c                      0x00000000   Number         0  dunder.o ABSOLUTE
    ../mathlib/fmod.c                        0x00000000   Number         0  fmod_x.o ABSOLUTE
    ../mathlib/fmod.c                        0x00000000   Number         0  fmod.o ABSOLUTE
    ..\Core\Src\AS5600.c                     0x00000000   Number         0  as5600.o ABSOLUTE
    ..\Core\Src\adc.c                        0x00000000   Number         0  adc.o ABSOLUTE
    ..\Core\Src\foc_kernal.c                 0x00000000   Number         0  foc_kernal.o ABSOLUTE
    ..\Core\Src\gpio.c                       0x00000000   Number         0  gpio.o ABSOLUTE
    ..\Core\Src\i2c.c                        0x00000000   Number         0  i2c.o ABSOLUTE
    ..\Core\Src\main.c                       0x00000000   Number         0  main.o ABSOLUTE
    ..\Core\Src\simple_math.c                0x00000000   Number         0  simple_math.o ABSOLUTE
    ..\Core\Src\stm32f1xx_hal_msp.c          0x00000000   Number         0  stm32f1xx_hal_msp.o ABSOLUTE
    ..\Core\Src\stm32f1xx_it.c               0x00000000   Number         0  stm32f1xx_it.o ABSOLUTE
    ..\Core\Src\system_stm32f1xx.c           0x00000000   Number         0  system_stm32f1xx.o ABSOLUTE
    ..\Core\Src\tim.c                        0x00000000   Number         0  tim.o ABSOLUTE
    ..\Core\Src\usart.c                      0x00000000   Number         0  usart.o ABSOLUTE
    ..\Drivers\STM32F1xx_HAL_Driver\Src\stm32f1xx_hal.c 0x00000000   Number         0  stm32f1xx_hal.o ABSOLUTE
    ..\Drivers\STM32F1xx_HAL_Driver\Src\stm32f1xx_hal_adc.c 0x00000000   Number         0  stm32f1xx_hal_adc.o ABSOLUTE
    ..\Drivers\STM32F1xx_HAL_Driver\Src\stm32f1xx_hal_adc_ex.c 0x00000000   Number         0  stm32f1xx_hal_adc_ex.o ABSOLUTE
    ..\Drivers\STM32F1xx_HAL_Driver\Src\stm32f1xx_hal_cortex.c 0x00000000   Number         0  stm32f1xx_hal_cortex.o ABSOLUTE
    ..\Drivers\STM32F1xx_HAL_Driver\Src\stm32f1xx_hal_dma.c 0x00000000   Number         0  stm32f1xx_hal_dma.o ABSOLUTE
    ..\Drivers\STM32F1xx_HAL_Driver\Src\stm32f1xx_hal_exti.c 0x00000000   Number         0  stm32f1xx_hal_exti.o ABSOLUTE
    ..\Drivers\STM32F1xx_HAL_Driver\Src\stm32f1xx_hal_flash.c 0x00000000   Number         0  stm32f1xx_hal_flash.o ABSOLUTE
    ..\Drivers\STM32F1xx_HAL_Driver\Src\stm32f1xx_hal_flash_ex.c 0x00000000   Number         0  stm32f1xx_hal_flash_ex.o ABSOLUTE
    ..\Drivers\STM32F1xx_HAL_Driver\Src\stm32f1xx_hal_gpio.c 0x00000000   Number         0  stm32f1xx_hal_gpio.o ABSOLUTE
    ..\Drivers\STM32F1xx_HAL_Driver\Src\stm32f1xx_hal_gpio_ex.c 0x00000000   Number         0  stm32f1xx_hal_gpio_ex.o ABSOLUTE
    ..\Drivers\STM32F1xx_HAL_Driver\Src\stm32f1xx_hal_i2c.c 0x00000000   Number         0  stm32f1xx_hal_i2c.o ABSOLUTE
    ..\Drivers\STM32F1xx_HAL_Driver\Src\stm32f1xx_hal_pwr.c 0x00000000   Number         0  stm32f1xx_hal_pwr.o ABSOLUTE
    ..\Drivers\STM32F1xx_HAL_Driver\Src\stm32f1xx_hal_rcc.c 0x00000000   Number         0  stm32f1xx_hal_rcc.o ABSOLUTE
    ..\Drivers\STM32F1xx_HAL_Driver\Src\stm32f1xx_hal_rcc_ex.c 0x00000000   Number         0  stm32f1xx_hal_rcc_ex.o ABSOLUTE
    ..\Drivers\STM32F1xx_HAL_Driver\Src\stm32f1xx_hal_tim.c 0x00000000   Number         0  stm32f1xx_hal_tim.o ABSOLUTE
    ..\Drivers\STM32F1xx_HAL_Driver\Src\stm32f1xx_hal_tim_ex.c 0x00000000   Number         0  stm32f1xx_hal_tim_ex.o ABSOLUTE
    ..\Drivers\STM32F1xx_HAL_Driver\Src\stm32f1xx_hal_uart.c 0x00000000   Number         0  stm32f1xx_hal_uart.o ABSOLUTE
    ..\\Core\\Src\\AS5600.c                  0x00000000   Number         0  as5600.o ABSOLUTE
    ..\\Core\\Src\\foc_kernal.c              0x00000000   Number         0  foc_kernal.o ABSOLUTE
    ..\\Core\\Src\\simple_math.c             0x00000000   Number         0  simple_math.o ABSOLUTE
    cdrcmple.s                               0x00000000   Number         0  cdrcmple.o ABSOLUTE
    dc.s                                     0x00000000   Number         0  dc.o ABSOLUTE
    handlers.s                               0x00000000   Number         0  handlers.o ABSOLUTE
    init.s                                   0x00000000   Number         0  init.o ABSOLUTE
    startup_stm32f103xb.s                    0x00000000   Number         0  startup_stm32f103xb.o ABSOLUTE
    RESET                                    0x08000000   Section      236  startup_stm32f103xb.o(RESET)
    .ARM.Collect$$$$00000000                 0x080000ec   Section        0  entry.o(.ARM.Collect$$$$00000000)
    .ARM.Collect$$$$00000001                 0x080000ec   Section        4  entry2.o(.ARM.Collect$$$$00000001)
    .ARM.Collect$$$$00000004                 0x080000f0   Section        4  entry5.o(.ARM.Collect$$$$00000004)
    .ARM.Collect$$$$00000008                 0x080000f4   Section        0  entry7b.o(.ARM.Collect$$$$00000008)
    .ARM.Collect$$$$0000000A                 0x080000f4   Section        0  entry8b.o(.ARM.Collect$$$$0000000A)
    .ARM.Collect$$$$0000000B                 0x080000f4   Section        8  entry9a.o(.ARM.Collect$$$$0000000B)
    .ARM.Collect$$$$0000000D                 0x080000fc   Section        0  entry10a.o(.ARM.Collect$$$$0000000D)
    .ARM.Collect$$$$0000000F                 0x080000fc   Section        0  entry11a.o(.ARM.Collect$$$$0000000F)
    .ARM.Collect$$$$00002712                 0x080000fc   Section        4  entry2.o(.ARM.Collect$$$$00002712)
    __lit__00000000                          0x080000fc   Data           4  entry2.o(.ARM.Collect$$$$00002712)
    .text                                    0x08000100   Section       36  startup_stm32f103xb.o(.text)
    .text                                    0x08000124   Section        0  llushr.o(.text)
    .text                                    0x08000144   Section        0  memseta.o(.text)
    .text                                    0x08000168   Section        0  calloc.o(.text)
    .text                                    0x08000184   Section        0  fadd.o(.text)
    .text                                    0x08000234   Section        0  fmul.o(.text)
    .text                                    0x08000298   Section        0  fscalb.o(.text)
    .text                                    0x080002b0   Section        0  dadd.o(.text)
    .text                                    0x080003fe   Section        0  dmul.o(.text)
    .text                                    0x080004e2   Section        0  ddiv.o(.text)
    .text                                    0x080005c0   Section        0  fflti.o(.text)
    .text                                    0x080005d2   Section        0  dflti.o(.text)
    .text                                    0x080005f4   Section        0  dfltui.o(.text)
    .text                                    0x0800060e   Section        0  ffixui.o(.text)
    .text                                    0x08000636   Section        0  dfixi.o(.text)
    .text                                    0x08000674   Section        0  dfixui.o(.text)
    .text                                    0x080006a6   Section        0  f2d.o(.text)
    .text                                    0x080006cc   Section       48  cdrcmple.o(.text)
    .text                                    0x080006fc   Section        0  d2f.o(.text)
    .text                                    0x08000734   Section        0  llshl.o(.text)
    .text                                    0x08000752   Section        0  llsshr.o(.text)
    .text                                    0x08000776   Section        0  fepilogue.o(.text)
    .text                                    0x08000776   Section        0  iusefp.o(.text)
    .text                                    0x080007e4   Section        0  depilogue.o(.text)
    .text                                    0x0800089e   Section        0  drem.o(.text)
    .text                                    0x08000924   Section       36  init.o(.text)
    i.ADC_ConversionStop_Disable             0x08000948   Section        0  stm32f1xx_hal_adc.o(i.ADC_ConversionStop_Disable)
    i.ADC_Enable                             0x080009a0   Section        0  stm32f1xx_hal_adc.o(i.ADC_Enable)
    i.ADC_Select_Channel                     0x08000a1c   Section        0  adc.o(i.ADC_Select_Channel)
    i.ADC_get_voltage                        0x08000a44   Section        0  adc.o(i.ADC_get_voltage)
    i.AS5600_get_magnet_status               0x08000aa4   Section        0  as5600.o(i.AS5600_get_magnet_status)
    i.AS5600_get_rawAngle                    0x08000abc   Section        0  as5600.o(i.AS5600_get_rawAngle)
    i.AS5600_init                            0x08000ae6   Section        0  as5600.o(i.AS5600_init)
    i.AS5600_new                             0x08000b94   Section        0  as5600.o(i.AS5600_new)
    i.AS5600_set_fast_filter_threshold       0x08000b9c   Section        0  as5600.o(i.AS5600_set_fast_filter_threshold)
    i.AS5600_set_hysteresis                  0x08000c26   Section        0  as5600.o(i.AS5600_set_hysteresis)
    i.AS5600_set_low_power_mode              0x08000c6e   Section        0  as5600.o(i.AS5600_set_low_power_mode)
    i.AS5600_set_output_mode                 0x08000cb6   Section        0  as5600.o(i.AS5600_set_output_mode)
    i.AS5600_set_slow_filter                 0x08000d34   Section        0  as5600.o(i.AS5600_set_slow_filter)
    i.AS5600_set_watchdog_timer              0x08000d7c   Section        0  as5600.o(i.AS5600_set_watchdog_timer)
    i.AS5600_write_config_register           0x08000d9c   Section        0  as5600.o(i.AS5600_write_config_register)
    i.BusFault_Handler                       0x08000db8   Section        0  stm32f1xx_it.o(i.BusFault_Handler)
    i.DebugMon_Handler                       0x08000dba   Section        0  stm32f1xx_it.o(i.DebugMon_Handler)
    i.Error_Handler                          0x08000dbc   Section        0  main.o(i.Error_Handler)
    i.HAL_ADC_ConfigChannel                  0x08000dc0   Section        0  stm32f1xx_hal_adc.o(i.HAL_ADC_ConfigChannel)
    i.HAL_ADC_GetValue                       0x08000ebc   Section        0  stm32f1xx_hal_adc.o(i.HAL_ADC_GetValue)
    i.HAL_ADC_Init                           0x08000ec4   Section        0  stm32f1xx_hal_adc.o(i.HAL_ADC_Init)
    i.HAL_ADC_MspInit                        0x08000fe0   Section        0  adc.o(i.HAL_ADC_MspInit)
    i.HAL_ADC_PollForConversion              0x08001038   Section        0  stm32f1xx_hal_adc.o(i.HAL_ADC_PollForConversion)
    i.HAL_ADC_Start                          0x08001174   Section        0  stm32f1xx_hal_adc.o(i.HAL_ADC_Start)
    i.HAL_ADC_Stop                           0x08001234   Section        0  stm32f1xx_hal_adc.o(i.HAL_ADC_Stop)
    i.HAL_Delay                              0x08001268   Section        0  stm32f1xx_hal.o(i.HAL_Delay)
    i.HAL_GPIO_Init                          0x0800128c   Section        0  stm32f1xx_hal_gpio.o(i.HAL_GPIO_Init)
    i.HAL_GPIO_WritePin                      0x0800146c   Section        0  stm32f1xx_hal_gpio.o(i.HAL_GPIO_WritePin)
    i.HAL_GetTick                            0x08001478   Section        0  stm32f1xx_hal.o(i.HAL_GetTick)
    i.HAL_I2C_Init                           0x08001484   Section        0  stm32f1xx_hal_i2c.o(i.HAL_I2C_Init)
    i.HAL_I2C_Mem_Read                       0x0800160c   Section        0  stm32f1xx_hal_i2c.o(i.HAL_I2C_Mem_Read)
    i.HAL_I2C_Mem_Write                      0x0800185c   Section        0  stm32f1xx_hal_i2c.o(i.HAL_I2C_Mem_Write)
    i.HAL_I2C_MspInit                        0x0800198c   Section        0  i2c.o(i.HAL_I2C_MspInit)
    i.HAL_IncTick                            0x080019e8   Section        0  stm32f1xx_hal.o(i.HAL_IncTick)
    i.HAL_Init                               0x080019f8   Section        0  stm32f1xx_hal.o(i.HAL_Init)
    i.HAL_InitTick                           0x08001a1c   Section        0  stm32f1xx_hal.o(i.HAL_InitTick)
    i.HAL_MspInit                            0x08001a5c   Section        0  stm32f1xx_hal_msp.o(i.HAL_MspInit)
    i.HAL_NVIC_EnableIRQ                     0x08001a98   Section        0  stm32f1xx_hal_cortex.o(i.HAL_NVIC_EnableIRQ)
    i.HAL_NVIC_SetPriority                   0x08001ab4   Section        0  stm32f1xx_hal_cortex.o(i.HAL_NVIC_SetPriority)
    i.HAL_NVIC_SetPriorityGrouping           0x08001af4   Section        0  stm32f1xx_hal_cortex.o(i.HAL_NVIC_SetPriorityGrouping)
    i.HAL_RCCEx_GetPeriphCLKFreq             0x08001b18   Section        0  stm32f1xx_hal_rcc_ex.o(i.HAL_RCCEx_GetPeriphCLKFreq)
    i.HAL_RCCEx_PeriphCLKConfig              0x08001be0   Section        0  stm32f1xx_hal_rcc_ex.o(i.HAL_RCCEx_PeriphCLKConfig)
    i.HAL_RCC_ClockConfig                    0x08001ccc   Section        0  stm32f1xx_hal_rcc.o(i.HAL_RCC_ClockConfig)
    i.HAL_RCC_GetPCLK1Freq                   0x08001df8   Section        0  stm32f1xx_hal_rcc.o(i.HAL_RCC_GetPCLK1Freq)
    i.HAL_RCC_GetPCLK2Freq                   0x08001e18   Section        0  stm32f1xx_hal_rcc.o(i.HAL_RCC_GetPCLK2Freq)
    i.HAL_RCC_GetSysClockFreq                0x08001e38   Section        0  stm32f1xx_hal_rcc.o(i.HAL_RCC_GetSysClockFreq)
    i.HAL_RCC_OscConfig                      0x08001ea4   Section        0  stm32f1xx_hal_rcc.o(i.HAL_RCC_OscConfig)
    i.HAL_SYSTICK_Config                     0x080021c4   Section        0  stm32f1xx_hal_cortex.o(i.HAL_SYSTICK_Config)
    i.HAL_TIMEx_BreakCallback                0x080021ec   Section        0  stm32f1xx_hal_tim_ex.o(i.HAL_TIMEx_BreakCallback)
    i.HAL_TIMEx_CommutCallback               0x080021ee   Section        0  stm32f1xx_hal_tim_ex.o(i.HAL_TIMEx_CommutCallback)
    i.HAL_TIMEx_ConfigBreakDeadTime          0x080021f0   Section        0  stm32f1xx_hal_tim_ex.o(i.HAL_TIMEx_ConfigBreakDeadTime)
    i.HAL_TIMEx_MasterConfigSynchronization  0x08002244   Section        0  stm32f1xx_hal_tim_ex.o(i.HAL_TIMEx_MasterConfigSynchronization)
    i.HAL_TIM_Base_Init                      0x080022ac   Section        0  stm32f1xx_hal_tim.o(i.HAL_TIM_Base_Init)
    i.HAL_TIM_Base_MspInit                   0x08002308   Section        0  tim.o(i.HAL_TIM_Base_MspInit)
    i.HAL_TIM_Base_Start_IT                  0x080023b8   Section        0  stm32f1xx_hal_tim.o(i.HAL_TIM_Base_Start_IT)
    i.HAL_TIM_ConfigClockSource              0x08002410   Section        0  stm32f1xx_hal_tim.o(i.HAL_TIM_ConfigClockSource)
    i.HAL_TIM_IC_CaptureCallback             0x080024e6   Section        0  stm32f1xx_hal_tim.o(i.HAL_TIM_IC_CaptureCallback)
    i.HAL_TIM_IRQHandler                     0x080024e8   Section        0  stm32f1xx_hal_tim.o(i.HAL_TIM_IRQHandler)
    i.HAL_TIM_MspPostInit                    0x08002650   Section        0  tim.o(i.HAL_TIM_MspPostInit)
    i.HAL_TIM_OC_DelayElapsedCallback        0x0800269c   Section        0  stm32f1xx_hal_tim.o(i.HAL_TIM_OC_DelayElapsedCallback)
    i.HAL_TIM_PWM_ConfigChannel              0x0800269e   Section        0  stm32f1xx_hal_tim.o(i.HAL_TIM_PWM_ConfigChannel)
    i.HAL_TIM_PWM_Init                       0x08002764   Section        0  stm32f1xx_hal_tim.o(i.HAL_TIM_PWM_Init)
    i.HAL_TIM_PWM_MspInit                    0x080027be   Section        0  stm32f1xx_hal_tim.o(i.HAL_TIM_PWM_MspInit)
    i.HAL_TIM_PWM_PulseFinishedCallback      0x080027c0   Section        0  stm32f1xx_hal_tim.o(i.HAL_TIM_PWM_PulseFinishedCallback)
    i.HAL_TIM_PWM_Start                      0x080027c4   Section        0  stm32f1xx_hal_tim.o(i.HAL_TIM_PWM_Start)
    i.HAL_TIM_PeriodElapsedCallback          0x08002860   Section        0  stm32f1xx_hal_tim.o(i.HAL_TIM_PeriodElapsedCallback)
    i.HAL_TIM_TriggerCallback                0x08002862   Section        0  stm32f1xx_hal_tim.o(i.HAL_TIM_TriggerCallback)
    i.HAL_UART_Init                          0x08002864   Section        0  stm32f1xx_hal_uart.o(i.HAL_UART_Init)
    i.HAL_UART_MspInit                       0x080028c8   Section        0  usart.o(i.HAL_UART_MspInit)
    i.HardFault_Handler                      0x08002938   Section        0  stm32f1xx_it.o(i.HardFault_Handler)
    i.I2C_IsAcknowledgeFailed                0x0800293a   Section        0  stm32f1xx_hal_i2c.o(i.I2C_IsAcknowledgeFailed)
    I2C_IsAcknowledgeFailed                  0x0800293b   Thumb Code    46  stm32f1xx_hal_i2c.o(i.I2C_IsAcknowledgeFailed)
    i.I2C_RequestMemoryRead                  0x08002968   Section        0  stm32f1xx_hal_i2c.o(i.I2C_RequestMemoryRead)
    I2C_RequestMemoryRead                    0x08002969   Thumb Code   246  stm32f1xx_hal_i2c.o(i.I2C_RequestMemoryRead)
    i.I2C_RequestMemoryWrite                 0x08002a64   Section        0  stm32f1xx_hal_i2c.o(i.I2C_RequestMemoryWrite)
    I2C_RequestMemoryWrite                   0x08002a65   Thumb Code   162  stm32f1xx_hal_i2c.o(i.I2C_RequestMemoryWrite)
    i.I2C_WaitOnBTFFlagUntilTimeout          0x08002b0c   Section        0  stm32f1xx_hal_i2c.o(i.I2C_WaitOnBTFFlagUntilTimeout)
    I2C_WaitOnBTFFlagUntilTimeout            0x08002b0d   Thumb Code    76  stm32f1xx_hal_i2c.o(i.I2C_WaitOnBTFFlagUntilTimeout)
    i.I2C_WaitOnFlagUntilTimeout             0x08002b58   Section        0  stm32f1xx_hal_i2c.o(i.I2C_WaitOnFlagUntilTimeout)
    I2C_WaitOnFlagUntilTimeout               0x08002b59   Thumb Code   104  stm32f1xx_hal_i2c.o(i.I2C_WaitOnFlagUntilTimeout)
    i.I2C_WaitOnMasterAddressFlagUntilTimeout 0x08002bc0   Section        0  stm32f1xx_hal_i2c.o(i.I2C_WaitOnMasterAddressFlagUntilTimeout)
    I2C_WaitOnMasterAddressFlagUntilTimeout  0x08002bc1   Thumb Code   150  stm32f1xx_hal_i2c.o(i.I2C_WaitOnMasterAddressFlagUntilTimeout)
    i.I2C_WaitOnRXNEFlagUntilTimeout         0x08002c56   Section        0  stm32f1xx_hal_i2c.o(i.I2C_WaitOnRXNEFlagUntilTimeout)
    I2C_WaitOnRXNEFlagUntilTimeout           0x08002c57   Thumb Code   102  stm32f1xx_hal_i2c.o(i.I2C_WaitOnRXNEFlagUntilTimeout)
    i.I2C_WaitOnTXEFlagUntilTimeout          0x08002cbc   Section        0  stm32f1xx_hal_i2c.o(i.I2C_WaitOnTXEFlagUntilTimeout)
    I2C_WaitOnTXEFlagUntilTimeout            0x08002cbd   Thumb Code    76  stm32f1xx_hal_i2c.o(i.I2C_WaitOnTXEFlagUntilTimeout)
    i.MX_ADC1_Init                           0x08002d08   Section        0  adc.o(i.MX_ADC1_Init)
    i.MX_GPIO_Init                           0x08002d54   Section        0  gpio.o(i.MX_GPIO_Init)
    i.MX_I2C1_Init                           0x08002dd4   Section        0  i2c.o(i.MX_I2C1_Init)
    i.MX_TIM1_Init                           0x08002e14   Section        0  tim.o(i.MX_TIM1_Init)
    i.MX_TIM2_Init                           0x08002f10   Section        0  tim.o(i.MX_TIM2_Init)
    i.MX_TIM3_Init                           0x08002f74   Section        0  tim.o(i.MX_TIM3_Init)
    i.MX_TIM4_Init                           0x08002fdc   Section        0  tim.o(i.MX_TIM4_Init)
    i.MX_USART2_UART_Init                    0x08003044   Section        0  usart.o(i.MX_USART2_UART_Init)
    i.MemManage_Handler                      0x0800307c   Section        0  stm32f1xx_it.o(i.MemManage_Handler)
    i.NMI_Handler                            0x0800307e   Section        0  stm32f1xx_it.o(i.NMI_Handler)
    i.PendSV_Handler                         0x08003080   Section        0  stm32f1xx_it.o(i.PendSV_Handler)
    i.SVC_Handler                            0x08003082   Section        0  stm32f1xx_it.o(i.SVC_Handler)
    i.SysTick_Handler                        0x08003084   Section        0  stm32f1xx_it.o(i.SysTick_Handler)
    i.SystemClock_Config                     0x08003088   Section        0  main.o(i.SystemClock_Config)
    i.SystemInit                             0x08003100   Section        0  system_stm32f1xx.o(i.SystemInit)
    i.TIM1_UP_IRQHandler                     0x08003104   Section        0  stm32f1xx_it.o(i.TIM1_UP_IRQHandler)
    i.TIM2_IRQHandler                        0x08003118   Section        0  stm32f1xx_it.o(i.TIM2_IRQHandler)
    i.TIM3_IRQHandler                        0x08003140   Section        0  stm32f1xx_it.o(i.TIM3_IRQHandler)
    i.TIM4_IRQHandler                        0x08003178   Section        0  stm32f1xx_it.o(i.TIM4_IRQHandler)
    i.TIM_Base_SetConfig                     0x08003184   Section        0  stm32f1xx_hal_tim.o(i.TIM_Base_SetConfig)
    i.TIM_CCxChannelCmd                      0x080031f0   Section        0  stm32f1xx_hal_tim.o(i.TIM_CCxChannelCmd)
    i.TIM_ETR_SetConfig                      0x0800320a   Section        0  stm32f1xx_hal_tim.o(i.TIM_ETR_SetConfig)
    i.TIM_ITRx_SetConfig                     0x0800321e   Section        0  stm32f1xx_hal_tim.o(i.TIM_ITRx_SetConfig)
    TIM_ITRx_SetConfig                       0x0800321f   Thumb Code    16  stm32f1xx_hal_tim.o(i.TIM_ITRx_SetConfig)
    i.TIM_OC1_SetConfig                      0x08003230   Section        0  stm32f1xx_hal_tim.o(i.TIM_OC1_SetConfig)
    TIM_OC1_SetConfig                        0x08003231   Thumb Code    74  stm32f1xx_hal_tim.o(i.TIM_OC1_SetConfig)
    i.TIM_OC2_SetConfig                      0x08003280   Section        0  stm32f1xx_hal_tim.o(i.TIM_OC2_SetConfig)
    i.TIM_OC3_SetConfig                      0x080032d8   Section        0  stm32f1xx_hal_tim.o(i.TIM_OC3_SetConfig)
    TIM_OC3_SetConfig                        0x080032d9   Thumb Code    82  stm32f1xx_hal_tim.o(i.TIM_OC3_SetConfig)
    i.TIM_OC4_SetConfig                      0x08003330   Section        0  stm32f1xx_hal_tim.o(i.TIM_OC4_SetConfig)
    TIM_OC4_SetConfig                        0x08003331   Thumb Code    64  stm32f1xx_hal_tim.o(i.TIM_OC4_SetConfig)
    i.TIM_TI1_ConfigInputStage               0x08003374   Section        0  stm32f1xx_hal_tim.o(i.TIM_TI1_ConfigInputStage)
    TIM_TI1_ConfigInputStage                 0x08003375   Thumb Code    34  stm32f1xx_hal_tim.o(i.TIM_TI1_ConfigInputStage)
    i.TIM_TI2_ConfigInputStage               0x08003396   Section        0  stm32f1xx_hal_tim.o(i.TIM_TI2_ConfigInputStage)
    TIM_TI2_ConfigInputStage                 0x08003397   Thumb Code    36  stm32f1xx_hal_tim.o(i.TIM_TI2_ConfigInputStage)
    i.UART_SetConfig                         0x080033bc   Section        0  stm32f1xx_hal_uart.o(i.UART_SetConfig)
    UART_SetConfig                           0x080033bd   Thumb Code   178  stm32f1xx_hal_uart.o(i.UART_SetConfig)
    i.UsageFault_Handler                     0x08003474   Section        0  stm32f1xx_it.o(i.UsageFault_Handler)
    i.__NVIC_SetPriority                     0x08003476   Section        0  stm32f1xx_hal_cortex.o(i.__NVIC_SetPriority)
    __NVIC_SetPriority                       0x08003477   Thumb Code    32  stm32f1xx_hal_cortex.o(i.__NVIC_SetPriority)
    i.__mathlib_dbl_invalid                  0x08003496   Section        0  dunder.o(i.__mathlib_dbl_invalid)
    i.__scatterload_copy                     0x080034a2   Section       14  handlers.o(i.__scatterload_copy)
    i.__scatterload_null                     0x080034b0   Section        2  handlers.o(i.__scatterload_null)
    i.__scatterload_zeroinit                 0x080034b2   Section       14  handlers.o(i.__scatterload_zeroinit)
    i.__set_errno                            0x080034c0   Section        0  errno.o(i.__set_errno)
    i._cos                                   0x080034cc   Section        0  simple_math.o(i._cos)
    i._normalizeAngle                        0x08003528   Section        0  foc_kernal.o(i._normalizeAngle)
    i._sin                                   0x08003568   Section        0  simple_math.o(i._sin)
    i._sqrtApprox                            0x08003690   Section        0  simple_math.o(i._sqrtApprox)
    i.fmod                                   0x080036a0   Section        0  fmod.o(i.fmod)
    i.get_angle_elec                         0x08003734   Section        0  foc_kernal.o(i.get_angle_elec)
    i.main                                   0x08003788   Section        0  main.o(i.main)
    i.malloc                                 0x08003850   Section        0  malloc.o(i.malloc)
    i.setPhaseVoltage                        0x080038bc   Section        0  foc_kernal.o(i.setPhaseVoltage)
    .constdata                               0x08003b70   Section      800  simple_math.o(.constdata)
    .constdata                               0x08003e90   Section       12  adc.o(.constdata)
    .constdata                               0x08003e9c   Section       16  system_stm32f1xx.o(.constdata)
    .constdata                               0x08003eac   Section        8  system_stm32f1xx.o(.constdata)
    .data                                    0x20000000   Section        4  foc_kernal.o(.data)
    .data                                    0x20000004   Section        4  main.o(.data)
    .data                                    0x20000008   Section        4  tim.o(.data)
    .data                                    0x2000000c   Section        2  stm32f1xx_it.o(.data)
    .data                                    0x2000000e   Section        2  stm32f1xx_it.o(.data)
    .data                                    0x20000010   Section        2  stm32f1xx_it.o(.data)
    .data                                    0x20000012   Section        2  stm32f1xx_it.o(.data)
    .data                                    0x20000014   Section        2  stm32f1xx_it.o(.data)
    .data                                    0x20000018   Section       12  stm32f1xx_hal.o(.data)
    .data                                    0x20000024   Section        4  system_stm32f1xx.o(.data)
    .data                                    0x20000028   Section        4  errno.o(.data)
    _errno                                   0x20000028   Data           4  errno.o(.data)
    .data                                    0x2000002c   Section        4  mvars.o(.data)
    .data                                    0x20000030   Section        4  mvars.o(.data)
    .bss                                     0x20000034   Section       48  adc.o(.bss)
    .bss                                     0x20000064   Section       84  i2c.o(.bss)
    .bss                                     0x200000b8   Section      288  tim.o(.bss)
    .bss                                     0x200001d8   Section       68  usart.o(.bss)
    HEAP                                     0x20000220   Section      512  startup_stm32f103xb.o(HEAP)
    STACK                                    0x20000420   Section     1024  startup_stm32f103xb.o(STACK)

    Global Symbols

    Symbol Name                              Value     Ov Type        Size  Object(Section)

    BuildAttributes$$THM_ISAv4$P$D$K$B$S$PE$A:L22UL41UL21$X:L11$S22US41US21$IEEE1$IW$USESV6$~STKCKD$USESV7$~SHL$OTIME$ROPI$IEEEX$EBA8$MICROLIB$REQ8$PRES8$EABIv2 0x00000000   Number         0  anon$$obj.o ABSOLUTE
    __ARM_use_no_argv                        0x00000000   Number         0  main.o ABSOLUTE
    __cpp_initialize__aeabi_                  - Undefined Weak Reference
    __cxa_finalize                            - Undefined Weak Reference
    __decompress                              - Undefined Weak Reference
    _clock_init                               - Undefined Weak Reference
    _microlib_exit                            - Undefined Weak Reference
    __Vectors_Size                           0x000000ec   Number         0  startup_stm32f103xb.o ABSOLUTE
    __Vectors                                0x08000000   Data           4  startup_stm32f103xb.o(RESET)
    __Vectors_End                            0x080000ec   Data           0  startup_stm32f103xb.o(RESET)
    __main                                   0x080000ed   Thumb Code     0  entry.o(.ARM.Collect$$$$00000000)
    _main_stk                                0x080000ed   Thumb Code     0  entry2.o(.ARM.Collect$$$$00000001)
    _main_scatterload                        0x080000f1   Thumb Code     0  entry5.o(.ARM.Collect$$$$00000004)
    __main_after_scatterload                 0x080000f5   Thumb Code     0  entry5.o(.ARM.Collect$$$$00000004)
    _main_clock                              0x080000f5   Thumb Code     0  entry7b.o(.ARM.Collect$$$$00000008)
    _main_cpp_init                           0x080000f5   Thumb Code     0  entry8b.o(.ARM.Collect$$$$0000000A)
    _main_init                               0x080000f5   Thumb Code     0  entry9a.o(.ARM.Collect$$$$0000000B)
    __rt_final_cpp                           0x080000fd   Thumb Code     0  entry10a.o(.ARM.Collect$$$$0000000D)
    __rt_final_exit                          0x080000fd   Thumb Code     0  entry11a.o(.ARM.Collect$$$$0000000F)
    Reset_Handler                            0x08000101   Thumb Code     8  startup_stm32f103xb.o(.text)
    ADC1_2_IRQHandler                        0x0800011b   Thumb Code     0  startup_stm32f103xb.o(.text)
    CAN1_RX1_IRQHandler                      0x0800011b   Thumb Code     0  startup_stm32f103xb.o(.text)
    CAN1_SCE_IRQHandler                      0x0800011b   Thumb Code     0  startup_stm32f103xb.o(.text)
    DMA1_Channel1_IRQHandler                 0x0800011b   Thumb Code     0  startup_stm32f103xb.o(.text)
    DMA1_Channel2_IRQHandler                 0x0800011b   Thumb Code     0  startup_stm32f103xb.o(.text)
    DMA1_Channel3_IRQHandler                 0x0800011b   Thumb Code     0  startup_stm32f103xb.o(.text)
    DMA1_Channel4_IRQHandler                 0x0800011b   Thumb Code     0  startup_stm32f103xb.o(.text)
    DMA1_Channel5_IRQHandler                 0x0800011b   Thumb Code     0  startup_stm32f103xb.o(.text)
    DMA1_Channel6_IRQHandler                 0x0800011b   Thumb Code     0  startup_stm32f103xb.o(.text)
    DMA1_Channel7_IRQHandler                 0x0800011b   Thumb Code     0  startup_stm32f103xb.o(.text)
    EXTI0_IRQHandler                         0x0800011b   Thumb Code     0  startup_stm32f103xb.o(.text)
    EXTI15_10_IRQHandler                     0x0800011b   Thumb Code     0  startup_stm32f103xb.o(.text)
    EXTI1_IRQHandler                         0x0800011b   Thumb Code     0  startup_stm32f103xb.o(.text)
    EXTI2_IRQHandler                         0x0800011b   Thumb Code     0  startup_stm32f103xb.o(.text)
    EXTI3_IRQHandler                         0x0800011b   Thumb Code     0  startup_stm32f103xb.o(.text)
    EXTI4_IRQHandler                         0x0800011b   Thumb Code     0  startup_stm32f103xb.o(.text)
    EXTI9_5_IRQHandler                       0x0800011b   Thumb Code     0  startup_stm32f103xb.o(.text)
    FLASH_IRQHandler                         0x0800011b   Thumb Code     0  startup_stm32f103xb.o(.text)
    I2C1_ER_IRQHandler                       0x0800011b   Thumb Code     0  startup_stm32f103xb.o(.text)
    I2C1_EV_IRQHandler                       0x0800011b   Thumb Code     0  startup_stm32f103xb.o(.text)
    I2C2_ER_IRQHandler                       0x0800011b   Thumb Code     0  startup_stm32f103xb.o(.text)
    I2C2_EV_IRQHandler                       0x0800011b   Thumb Code     0  startup_stm32f103xb.o(.text)
    PVD_IRQHandler                           0x0800011b   Thumb Code     0  startup_stm32f103xb.o(.text)
    RCC_IRQHandler                           0x0800011b   Thumb Code     0  startup_stm32f103xb.o(.text)
    RTC_Alarm_IRQHandler                     0x0800011b   Thumb Code     0  startup_stm32f103xb.o(.text)
    RTC_IRQHandler                           0x0800011b   Thumb Code     0  startup_stm32f103xb.o(.text)
    SPI1_IRQHandler                          0x0800011b   Thumb Code     0  startup_stm32f103xb.o(.text)
    SPI2_IRQHandler                          0x0800011b   Thumb Code     0  startup_stm32f103xb.o(.text)
    TAMPER_IRQHandler                        0x0800011b   Thumb Code     0  startup_stm32f103xb.o(.text)
    TIM1_BRK_IRQHandler                      0x0800011b   Thumb Code     0  startup_stm32f103xb.o(.text)
    TIM1_CC_IRQHandler                       0x0800011b   Thumb Code     0  startup_stm32f103xb.o(.text)
    TIM1_TRG_COM_IRQHandler                  0x0800011b   Thumb Code     0  startup_stm32f103xb.o(.text)
    USART1_IRQHandler                        0x0800011b   Thumb Code     0  startup_stm32f103xb.o(.text)
    USART2_IRQHandler                        0x0800011b   Thumb Code     0  startup_stm32f103xb.o(.text)
    USART3_IRQHandler                        0x0800011b   Thumb Code     0  startup_stm32f103xb.o(.text)
    USBWakeUp_IRQHandler                     0x0800011b   Thumb Code     0  startup_stm32f103xb.o(.text)
    USB_HP_CAN1_TX_IRQHandler                0x0800011b   Thumb Code     0  startup_stm32f103xb.o(.text)
    USB_LP_CAN1_RX0_IRQHandler               0x0800011b   Thumb Code     0  startup_stm32f103xb.o(.text)
    WWDG_IRQHandler                          0x0800011b   Thumb Code     0  startup_stm32f103xb.o(.text)
    __aeabi_llsr                             0x08000125   Thumb Code    32  llushr.o(.text)
    _ll_ushift_r                             0x08000125   Thumb Code     0  llushr.o(.text)
    __aeabi_memset                           0x08000145   Thumb Code    14  memseta.o(.text)
    __aeabi_memset4                          0x08000145   Thumb Code     0  memseta.o(.text)
    __aeabi_memset8                          0x08000145   Thumb Code     0  memseta.o(.text)
    __aeabi_memclr                           0x08000153   Thumb Code     4  memseta.o(.text)
    __aeabi_memclr4                          0x08000153   Thumb Code     0  memseta.o(.text)
    __aeabi_memclr8                          0x08000153   Thumb Code     0  memseta.o(.text)
    _memset$wrapper                          0x08000157   Thumb Code    18  memseta.o(.text)
    calloc                                   0x08000169   Thumb Code    28  calloc.o(.text)
    __aeabi_fadd                             0x08000185   Thumb Code   164  fadd.o(.text)
    __aeabi_fsub                             0x08000229   Thumb Code     6  fadd.o(.text)
    __aeabi_frsub                            0x0800022f   Thumb Code     6  fadd.o(.text)
    __aeabi_fmul                             0x08000235   Thumb Code   100  fmul.o(.text)
    __ARM_scalbnf                            0x08000299   Thumb Code    24  fscalb.o(.text)
    scalbnf                                  0x08000299   Thumb Code     0  fscalb.o(.text)
    __aeabi_dadd                             0x080002b1   Thumb Code   322  dadd.o(.text)
    __aeabi_dsub                             0x080003f3   Thumb Code     6  dadd.o(.text)
    __aeabi_drsub                            0x080003f9   Thumb Code     6  dadd.o(.text)
    __aeabi_dmul                             0x080003ff   Thumb Code   228  dmul.o(.text)
    __aeabi_ddiv                             0x080004e3   Thumb Code   222  ddiv.o(.text)
    __aeabi_i2f                              0x080005c1   Thumb Code    18  fflti.o(.text)
    __aeabi_i2d                              0x080005d3   Thumb Code    34  dflti.o(.text)
    __aeabi_ui2d                             0x080005f5   Thumb Code    26  dfltui.o(.text)
    __aeabi_f2uiz                            0x0800060f   Thumb Code    40  ffixui.o(.text)
    __aeabi_d2iz                             0x08000637   Thumb Code    62  dfixi.o(.text)
    __aeabi_d2uiz                            0x08000675   Thumb Code    50  dfixui.o(.text)
    __aeabi_f2d                              0x080006a7   Thumb Code    38  f2d.o(.text)
    __aeabi_cdrcmple                         0x080006cd   Thumb Code    48  cdrcmple.o(.text)
    __aeabi_d2f                              0x080006fd   Thumb Code    56  d2f.o(.text)
    __aeabi_llsl                             0x08000735   Thumb Code    30  llshl.o(.text)
    _ll_shift_l                              0x08000735   Thumb Code     0  llshl.o(.text)
    __aeabi_lasr                             0x08000753   Thumb Code    36  llsshr.o(.text)
    _ll_sshift_r                             0x08000753   Thumb Code     0  llsshr.o(.text)
    __I$use$fp                               0x08000777   Thumb Code     0  iusefp.o(.text)
    _float_round                             0x08000777   Thumb Code    18  fepilogue.o(.text)
    _float_epilogue                          0x08000789   Thumb Code    92  fepilogue.o(.text)
    _double_round                            0x080007e5   Thumb Code    30  depilogue.o(.text)
    _double_epilogue                         0x08000803   Thumb Code   156  depilogue.o(.text)
    _drem                                    0x0800089f   Thumb Code   134  drem.o(.text)
    __scatterload                            0x08000925   Thumb Code    28  init.o(.text)
    __scatterload_rt2                        0x08000925   Thumb Code     0  init.o(.text)
    ADC_ConversionStop_Disable               0x08000949   Thumb Code    86  stm32f1xx_hal_adc.o(i.ADC_ConversionStop_Disable)
    ADC_Enable                               0x080009a1   Thumb Code   114  stm32f1xx_hal_adc.o(i.ADC_Enable)
    ADC_Select_Channel                       0x08000a1d   Thumb Code    30  adc.o(i.ADC_Select_Channel)
    ADC_get_voltage                          0x08000a45   Thumb Code    82  adc.o(i.ADC_get_voltage)
    AS5600_get_magnet_status                 0x08000aa5   Thumb Code    24  as5600.o(i.AS5600_get_magnet_status)
    AS5600_get_rawAngle                      0x08000abd   Thumb Code    42  as5600.o(i.AS5600_get_rawAngle)
    AS5600_init                              0x08000ae7   Thumb Code   174  as5600.o(i.AS5600_init)
    AS5600_new                               0x08000b95   Thumb Code     8  as5600.o(i.AS5600_new)
    AS5600_set_fast_filter_threshold         0x08000b9d   Thumb Code   138  as5600.o(i.AS5600_set_fast_filter_threshold)
    AS5600_set_hysteresis                    0x08000c27   Thumb Code    72  as5600.o(i.AS5600_set_hysteresis)
    AS5600_set_low_power_mode                0x08000c6f   Thumb Code    72  as5600.o(i.AS5600_set_low_power_mode)
    AS5600_set_output_mode                   0x08000cb7   Thumb Code   126  as5600.o(i.AS5600_set_output_mode)
    AS5600_set_slow_filter                   0x08000d35   Thumb Code    72  as5600.o(i.AS5600_set_slow_filter)
    AS5600_set_watchdog_timer                0x08000d7d   Thumb Code    32  as5600.o(i.AS5600_set_watchdog_timer)
    AS5600_write_config_register             0x08000d9d   Thumb Code    28  as5600.o(i.AS5600_write_config_register)
    BusFault_Handler                         0x08000db9   Thumb Code     2  stm32f1xx_it.o(i.BusFault_Handler)
    DebugMon_Handler                         0x08000dbb   Thumb Code     2  stm32f1xx_it.o(i.DebugMon_Handler)
    Error_Handler                            0x08000dbd   Thumb Code     4  main.o(i.Error_Handler)
    HAL_ADC_ConfigChannel                    0x08000dc1   Thumb Code   240  stm32f1xx_hal_adc.o(i.HAL_ADC_ConfigChannel)
    HAL_ADC_GetValue                         0x08000ebd   Thumb Code     6  stm32f1xx_hal_adc.o(i.HAL_ADC_GetValue)
    HAL_ADC_Init                             0x08000ec5   Thumb Code   272  stm32f1xx_hal_adc.o(i.HAL_ADC_Init)
    HAL_ADC_MspInit                          0x08000fe1   Thumb Code    74  adc.o(i.HAL_ADC_MspInit)
    HAL_ADC_PollForConversion                0x08001039   Thumb Code   304  stm32f1xx_hal_adc.o(i.HAL_ADC_PollForConversion)
    HAL_ADC_Start                            0x08001175   Thumb Code   184  stm32f1xx_hal_adc.o(i.HAL_ADC_Start)
    HAL_ADC_Stop                             0x08001235   Thumb Code    52  stm32f1xx_hal_adc.o(i.HAL_ADC_Stop)
    HAL_Delay                                0x08001269   Thumb Code    32  stm32f1xx_hal.o(i.HAL_Delay)
    HAL_GPIO_Init                            0x0800128d   Thumb Code   446  stm32f1xx_hal_gpio.o(i.HAL_GPIO_Init)
    HAL_GPIO_WritePin                        0x0800146d   Thumb Code    10  stm32f1xx_hal_gpio.o(i.HAL_GPIO_WritePin)
    HAL_GetTick                              0x08001479   Thumb Code     6  stm32f1xx_hal.o(i.HAL_GetTick)
    HAL_I2C_Init                             0x08001485   Thumb Code   376  stm32f1xx_hal_i2c.o(i.HAL_I2C_Init)
    HAL_I2C_Mem_Read                         0x0800160d   Thumb Code   574  stm32f1xx_hal_i2c.o(i.HAL_I2C_Mem_Read)
    HAL_I2C_Mem_Write                        0x0800185d   Thumb Code   294  stm32f1xx_hal_i2c.o(i.HAL_I2C_Mem_Write)
    HAL_I2C_MspInit                          0x0800198d   Thumb Code    80  i2c.o(i.HAL_I2C_MspInit)
    HAL_IncTick                              0x080019e9   Thumb Code    12  stm32f1xx_hal.o(i.HAL_IncTick)
    HAL_Init                                 0x080019f9   Thumb Code    32  stm32f1xx_hal.o(i.HAL_Init)
    HAL_InitTick                             0x08001a1d   Thumb Code    54  stm32f1xx_hal.o(i.HAL_InitTick)
    HAL_MspInit                              0x08001a5d   Thumb Code    52  stm32f1xx_hal_msp.o(i.HAL_MspInit)
    HAL_NVIC_EnableIRQ                       0x08001a99   Thumb Code    26  stm32f1xx_hal_cortex.o(i.HAL_NVIC_EnableIRQ)
    HAL_NVIC_SetPriority                     0x08001ab5   Thumb Code    60  stm32f1xx_hal_cortex.o(i.HAL_NVIC_SetPriority)
    HAL_NVIC_SetPriorityGrouping             0x08001af5   Thumb Code    26  stm32f1xx_hal_cortex.o(i.HAL_NVIC_SetPriorityGrouping)
    HAL_RCCEx_GetPeriphCLKFreq               0x08001b19   Thumb Code   166  stm32f1xx_hal_rcc_ex.o(i.HAL_RCCEx_GetPeriphCLKFreq)
    HAL_RCCEx_PeriphCLKConfig                0x08001be1   Thumb Code   224  stm32f1xx_hal_rcc_ex.o(i.HAL_RCCEx_PeriphCLKConfig)
    HAL_RCC_ClockConfig                      0x08001ccd   Thumb Code   280  stm32f1xx_hal_rcc.o(i.HAL_RCC_ClockConfig)
    HAL_RCC_GetPCLK1Freq                     0x08001df9   Thumb Code    20  stm32f1xx_hal_rcc.o(i.HAL_RCC_GetPCLK1Freq)
    HAL_RCC_GetPCLK2Freq                     0x08001e19   Thumb Code    20  stm32f1xx_hal_rcc.o(i.HAL_RCC_GetPCLK2Freq)
    HAL_RCC_GetSysClockFreq                  0x08001e39   Thumb Code    74  stm32f1xx_hal_rcc.o(i.HAL_RCC_GetSysClockFreq)
    HAL_RCC_OscConfig                        0x08001ea5   Thumb Code   778  stm32f1xx_hal_rcc.o(i.HAL_RCC_OscConfig)
    HAL_SYSTICK_Config                       0x080021c5   Thumb Code    40  stm32f1xx_hal_cortex.o(i.HAL_SYSTICK_Config)
    HAL_TIMEx_BreakCallback                  0x080021ed   Thumb Code     2  stm32f1xx_hal_tim_ex.o(i.HAL_TIMEx_BreakCallback)
    HAL_TIMEx_CommutCallback                 0x080021ef   Thumb Code     2  stm32f1xx_hal_tim_ex.o(i.HAL_TIMEx_CommutCallback)
    HAL_TIMEx_ConfigBreakDeadTime            0x080021f1   Thumb Code    84  stm32f1xx_hal_tim_ex.o(i.HAL_TIMEx_ConfigBreakDeadTime)
    HAL_TIMEx_MasterConfigSynchronization    0x08002245   Thumb Code    92  stm32f1xx_hal_tim_ex.o(i.HAL_TIMEx_MasterConfigSynchronization)
    HAL_TIM_Base_Init                        0x080022ad   Thumb Code    90  stm32f1xx_hal_tim.o(i.HAL_TIM_Base_Init)
    HAL_TIM_Base_MspInit                     0x08002309   Thumb Code   158  tim.o(i.HAL_TIM_Base_MspInit)
    HAL_TIM_Base_Start_IT                    0x080023b9   Thumb Code    76  stm32f1xx_hal_tim.o(i.HAL_TIM_Base_Start_IT)
    HAL_TIM_ConfigClockSource                0x08002411   Thumb Code   214  stm32f1xx_hal_tim.o(i.HAL_TIM_ConfigClockSource)
    HAL_TIM_IC_CaptureCallback               0x080024e7   Thumb Code     2  stm32f1xx_hal_tim.o(i.HAL_TIM_IC_CaptureCallback)
    HAL_TIM_IRQHandler                       0x080024e9   Thumb Code   358  stm32f1xx_hal_tim.o(i.HAL_TIM_IRQHandler)
    HAL_TIM_MspPostInit                      0x08002651   Thumb Code    64  tim.o(i.HAL_TIM_MspPostInit)
    HAL_TIM_OC_DelayElapsedCallback          0x0800269d   Thumb Code     2  stm32f1xx_hal_tim.o(i.HAL_TIM_OC_DelayElapsedCallback)
    HAL_TIM_PWM_ConfigChannel                0x0800269f   Thumb Code   198  stm32f1xx_hal_tim.o(i.HAL_TIM_PWM_ConfigChannel)
    HAL_TIM_PWM_Init                         0x08002765   Thumb Code    90  stm32f1xx_hal_tim.o(i.HAL_TIM_PWM_Init)
    HAL_TIM_PWM_MspInit                      0x080027bf   Thumb Code     2  stm32f1xx_hal_tim.o(i.HAL_TIM_PWM_MspInit)
    HAL_TIM_PWM_PulseFinishedCallback        0x080027c1   Thumb Code     2  stm32f1xx_hal_tim.o(i.HAL_TIM_PWM_PulseFinishedCallback)
    HAL_TIM_PWM_Start                        0x080027c5   Thumb Code   144  stm32f1xx_hal_tim.o(i.HAL_TIM_PWM_Start)
    HAL_TIM_PeriodElapsedCallback            0x08002861   Thumb Code     2  stm32f1xx_hal_tim.o(i.HAL_TIM_PeriodElapsedCallback)
    HAL_TIM_TriggerCallback                  0x08002863   Thumb Code     2  stm32f1xx_hal_tim.o(i.HAL_TIM_TriggerCallback)
    HAL_UART_Init                            0x08002865   Thumb Code    98  stm32f1xx_hal_uart.o(i.HAL_UART_Init)
    HAL_UART_MspInit                         0x080028c9   Thumb Code    98  usart.o(i.HAL_UART_MspInit)
    HardFault_Handler                        0x08002939   Thumb Code     2  stm32f1xx_it.o(i.HardFault_Handler)
    MX_ADC1_Init                             0x08002d09   Thumb Code    68  adc.o(i.MX_ADC1_Init)
    MX_GPIO_Init                             0x08002d55   Thumb Code   120  gpio.o(i.MX_GPIO_Init)
    MX_I2C1_Init                             0x08002dd5   Thumb Code    50  i2c.o(i.MX_I2C1_Init)
    MX_TIM1_Init                             0x08002e15   Thumb Code   238  tim.o(i.MX_TIM1_Init)
    MX_TIM2_Init                             0x08002f11   Thumb Code    96  tim.o(i.MX_TIM2_Init)
    MX_TIM3_Init                             0x08002f75   Thumb Code    94  tim.o(i.MX_TIM3_Init)
    MX_TIM4_Init                             0x08002fdd   Thumb Code    94  tim.o(i.MX_TIM4_Init)
    MX_USART2_UART_Init                      0x08003045   Thumb Code    48  usart.o(i.MX_USART2_UART_Init)
    MemManage_Handler                        0x0800307d   Thumb Code     2  stm32f1xx_it.o(i.MemManage_Handler)
    NMI_Handler                              0x0800307f   Thumb Code     2  stm32f1xx_it.o(i.NMI_Handler)
    PendSV_Handler                           0x08003081   Thumb Code     2  stm32f1xx_it.o(i.PendSV_Handler)
    SVC_Handler                              0x08003083   Thumb Code     2  stm32f1xx_it.o(i.SVC_Handler)
    SysTick_Handler                          0x08003085   Thumb Code     4  stm32f1xx_it.o(i.SysTick_Handler)
    SystemClock_Config                       0x08003089   Thumb Code   120  main.o(i.SystemClock_Config)
    SystemInit                               0x08003101   Thumb Code     2  system_stm32f1xx.o(i.SystemInit)
    TIM1_UP_IRQHandler                       0x08003105   Thumb Code    16  stm32f1xx_it.o(i.TIM1_UP_IRQHandler)
    TIM2_IRQHandler                          0x08003119   Thumb Code    26  stm32f1xx_it.o(i.TIM2_IRQHandler)
    TIM3_IRQHandler                          0x08003141   Thumb Code    46  stm32f1xx_it.o(i.TIM3_IRQHandler)
    TIM4_IRQHandler                          0x08003179   Thumb Code     6  stm32f1xx_it.o(i.TIM4_IRQHandler)
    TIM_Base_SetConfig                       0x08003185   Thumb Code    94  stm32f1xx_hal_tim.o(i.TIM_Base_SetConfig)
    TIM_CCxChannelCmd                        0x080031f1   Thumb Code    26  stm32f1xx_hal_tim.o(i.TIM_CCxChannelCmd)
    TIM_ETR_SetConfig                        0x0800320b   Thumb Code    20  stm32f1xx_hal_tim.o(i.TIM_ETR_SetConfig)
    TIM_OC2_SetConfig                        0x08003281   Thumb Code    84  stm32f1xx_hal_tim.o(i.TIM_OC2_SetConfig)
    UsageFault_Handler                       0x08003475   Thumb Code     2  stm32f1xx_it.o(i.UsageFault_Handler)
    __mathlib_dbl_invalid                    0x08003497   Thumb Code    12  dunder.o(i.__mathlib_dbl_invalid)
    __scatterload_copy                       0x080034a3   Thumb Code    14  handlers.o(i.__scatterload_copy)
    __scatterload_null                       0x080034b1   Thumb Code     2  handlers.o(i.__scatterload_null)
    __scatterload_zeroinit                   0x080034b3   Thumb Code    14  handlers.o(i.__scatterload_zeroinit)
    __set_errno                              0x080034c1   Thumb Code     6  errno.o(i.__set_errno)
    _cos                                     0x080034cd   Thumb Code    70  simple_math.o(i._cos)
    _normalizeAngle                          0x08003529   Thumb Code    54  foc_kernal.o(i._normalizeAngle)
    _sin                                     0x08003569   Thumb Code   256  simple_math.o(i._sin)
    _sqrtApprox                              0x08003691   Thumb Code    10  simple_math.o(i._sqrtApprox)
    fmod                                     0x080036a1   Thumb Code   144  fmod.o(i.fmod)
    get_angle_elec                           0x08003735   Thumb Code    60  foc_kernal.o(i.get_angle_elec)
    main                                     0x08003789   Thumb Code   166  main.o(i.main)
    malloc                                   0x08003851   Thumb Code    92  malloc.o(i.malloc)
    setPhaseVoltage                          0x080038bd   Thumb Code   642  foc_kernal.o(i.setPhaseVoltage)
    SINE_ARRAY                               0x08003b70   Data         800  simple_math.o(.constdata)
    AHBPrescTable                            0x08003e9c   Data          16  system_stm32f1xx.o(.constdata)
    APBPrescTable                            0x08003eac   Data           8  system_stm32f1xx.o(.constdata)
    Region$$Table$$Base                      0x08003eb4   Number         0  anon$$obj.o(Region$$Table)
    Region$$Table$$Limit                     0x08003ed4   Number         0  anon$$obj.o(Region$$Table)
    angle_elec                               0x20000000   Data           4  foc_kernal.o(.data)
    encoder                                  0x20000004   Data           4  main.o(.data)
    PWM_PERIOD                               0x20000008   Data           4  tim.o(.data)
    CONST_POLAR_PAIRS                        0x2000000c   Data           2  stm32f1xx_it.o(.data)
    CONST_ENC_RESOLUTION                     0x2000000e   Data           2  stm32f1xx_it.o(.data)
    actualPos                                0x20000010   Data           2  stm32f1xx_it.o(.data)
    actualCurA                               0x20000012   Data           2  stm32f1xx_it.o(.data)
    actualCurB                               0x20000014   Data           2  stm32f1xx_it.o(.data)
    uwTickFreq                               0x20000018   Data           1  stm32f1xx_hal.o(.data)
    uwTickPrio                               0x2000001c   Data           4  stm32f1xx_hal.o(.data)
    uwTick                                   0x20000020   Data           4  stm32f1xx_hal.o(.data)
    SystemCoreClock                          0x20000024   Data           4  system_stm32f1xx.o(.data)
    __microlib_freelist                      0x2000002c   Data           4  mvars.o(.data)
    __microlib_freelist_initialised          0x20000030   Data           4  mvars.o(.data)
    hadc1                                    0x20000034   Data          48  adc.o(.bss)
    hi2c1                                    0x20000064   Data          84  i2c.o(.bss)
    htim1                                    0x200000b8   Data          72  tim.o(.bss)
    htim2                                    0x20000100   Data          72  tim.o(.bss)
    htim3                                    0x20000148   Data          72  tim.o(.bss)
    htim4                                    0x20000190   Data          72  tim.o(.bss)
    huart2                                   0x200001d8   Data          68  usart.o(.bss)
    __heap_base                              0x20000220   Data           0  startup_stm32f103xb.o(HEAP)
    __heap_limit                             0x20000420   Data           0  startup_stm32f103xb.o(HEAP)
    __initial_sp                             0x20000820   Data           0  startup_stm32f103xb.o(STACK)



==============================================================================

Memory Map of the image

  Image Entry point : 0x080000ed

  Load Region LR_IROM1 (Base: 0x08000000, Size: 0x00003f08, Max: 0x00010000, ABSOLUTE)

    Execution Region ER_IROM1 (Base: 0x08000000, Size: 0x00003ed4, Max: 0x00010000, ABSOLUTE)

    Base Addr    Size         Type   Attr      Idx    E Section Name        Object

    0x08000000   0x000000ec   Data   RO            3    RESET               startup_stm32f103xb.o
    0x080000ec   0x00000000   Code   RO         3915  * .ARM.Collect$$$$00000000  mc_w.l(entry.o)
    0x080000ec   0x00000004   Code   RO         3970    .ARM.Collect$$$$00000001  mc_w.l(entry2.o)
    0x080000f0   0x00000004   Code   RO         3973    .ARM.Collect$$$$00000004  mc_w.l(entry5.o)
    0x080000f4   0x00000000   Code   RO         3975    .ARM.Collect$$$$00000008  mc_w.l(entry7b.o)
    0x080000f4   0x00000000   Code   RO         3977    .ARM.Collect$$$$0000000A  mc_w.l(entry8b.o)
    0x080000f4   0x00000008   Code   RO         3978    .ARM.Collect$$$$0000000B  mc_w.l(entry9a.o)
    0x080000fc   0x00000000   Code   RO         3980    .ARM.Collect$$$$0000000D  mc_w.l(entry10a.o)
    0x080000fc   0x00000000   Code   RO         3982    .ARM.Collect$$$$0000000F  mc_w.l(entry11a.o)
    0x080000fc   0x00000004   Code   RO         3971    .ARM.Collect$$$$00002712  mc_w.l(entry2.o)
    0x08000100   0x00000024   Code   RO            4    .text               startup_stm32f103xb.o
    0x08000124   0x00000020   Code   RO         3918    .text               mc_w.l(llushr.o)
    0x08000144   0x00000024   Code   RO         3920    .text               mc_w.l(memseta.o)
    0x08000168   0x0000001c   Code   RO         3922    .text               mc_w.l(calloc.o)
    0x08000184   0x000000b0   Code   RO         3924    .text               mf_w.l(fadd.o)
    0x08000234   0x00000064   Code   RO         3926    .text               mf_w.l(fmul.o)
    0x08000298   0x00000018   Code   RO         3928    .text               mf_w.l(fscalb.o)
    0x080002b0   0x0000014e   Code   RO         3930    .text               mf_w.l(dadd.o)
    0x080003fe   0x000000e4   Code   RO         3932    .text               mf_w.l(dmul.o)
    0x080004e2   0x000000de   Code   RO         3934    .text               mf_w.l(ddiv.o)
    0x080005c0   0x00000012   Code   RO         3936    .text               mf_w.l(fflti.o)
    0x080005d2   0x00000022   Code   RO         3938    .text               mf_w.l(dflti.o)
    0x080005f4   0x0000001a   Code   RO         3940    .text               mf_w.l(dfltui.o)
    0x0800060e   0x00000028   Code   RO         3944    .text               mf_w.l(ffixui.o)
    0x08000636   0x0000003e   Code   RO         3946    .text               mf_w.l(dfixi.o)
    0x08000674   0x00000032   Code   RO         3948    .text               mf_w.l(dfixui.o)
    0x080006a6   0x00000026   Code   RO         3950    .text               mf_w.l(f2d.o)
    0x080006cc   0x00000030   Code   RO         3952    .text               mf_w.l(cdrcmple.o)
    0x080006fc   0x00000038   Code   RO         3954    .text               mf_w.l(d2f.o)
    0x08000734   0x0000001e   Code   RO         3984    .text               mc_w.l(llshl.o)
    0x08000752   0x00000024   Code   RO         3986    .text               mc_w.l(llsshr.o)
    0x08000776   0x00000000   Code   RO         4023    .text               mc_w.l(iusefp.o)
    0x08000776   0x0000006e   Code   RO         4024    .text               mf_w.l(fepilogue.o)
    0x080007e4   0x000000ba   Code   RO         4026    .text               mf_w.l(depilogue.o)
    0x0800089e   0x00000086   Code   RO         4028    .text               mf_w.l(drem.o)
    0x08000924   0x00000024   Code   RO         4030    .text               mc_w.l(init.o)
    0x08000948   0x00000056   Code   RO          859    i.ADC_ConversionStop_Disable  stm32f1xx_hal_adc.o
    0x0800099e   0x00000002   PAD
    0x080009a0   0x0000007c   Code   RO          863    i.ADC_Enable        stm32f1xx_hal_adc.o
    0x08000a1c   0x00000028   Code   RO          440    i.ADC_Select_Channel  adc.o
    0x08000a44   0x00000060   Code   RO          441    i.ADC_get_voltage   adc.o
    0x08000aa4   0x00000018   Code   RO          218    i.AS5600_get_magnet_status  as5600.o
    0x08000abc   0x0000002a   Code   RO          219    i.AS5600_get_rawAngle  as5600.o
    0x08000ae6   0x000000ae   Code   RO          220    i.AS5600_init       as5600.o
    0x08000b94   0x00000008   Code   RO          221    i.AS5600_new        as5600.o
    0x08000b9c   0x0000008a   Code   RO          222    i.AS5600_set_fast_filter_threshold  as5600.o
    0x08000c26   0x00000048   Code   RO          223    i.AS5600_set_hysteresis  as5600.o
    0x08000c6e   0x00000048   Code   RO          224    i.AS5600_set_low_power_mode  as5600.o
    0x08000cb6   0x0000007e   Code   RO          226    i.AS5600_set_output_mode  as5600.o
    0x08000d34   0x00000048   Code   RO          228    i.AS5600_set_slow_filter  as5600.o
    0x08000d7c   0x00000020   Code   RO          231    i.AS5600_set_watchdog_timer  as5600.o
    0x08000d9c   0x0000001c   Code   RO          232    i.AS5600_write_config_register  as5600.o
    0x08000db8   0x00000002   Code   RO          649    i.BusFault_Handler  stm32f1xx_it.o
    0x08000dba   0x00000002   Code   RO          650    i.DebugMon_Handler  stm32f1xx_it.o
    0x08000dbc   0x00000004   Code   RO          342    i.Error_Handler     main.o
    0x08000dc0   0x000000fc   Code   RO          865    i.HAL_ADC_ConfigChannel  stm32f1xx_hal_adc.o
    0x08000ebc   0x00000006   Code   RO          872    i.HAL_ADC_GetValue  stm32f1xx_hal_adc.o
    0x08000ec2   0x00000002   PAD
    0x08000ec4   0x0000011c   Code   RO          874    i.HAL_ADC_Init      stm32f1xx_hal_adc.o
    0x08000fe0   0x00000058   Code   RO          443    i.HAL_ADC_MspInit   adc.o
    0x08001038   0x0000013c   Code   RO          878    i.HAL_ADC_PollForConversion  stm32f1xx_hal_adc.o
    0x08001174   0x000000c0   Code   RO          880    i.HAL_ADC_Start     stm32f1xx_hal_adc.o
    0x08001234   0x00000034   Code   RO          883    i.HAL_ADC_Stop      stm32f1xx_hal_adc.o
    0x08001268   0x00000024   Code   RO         1142    i.HAL_Delay         stm32f1xx_hal.o
    0x0800128c   0x000001e0   Code   RO         1450    i.HAL_GPIO_Init     stm32f1xx_hal_gpio.o
    0x0800146c   0x0000000a   Code   RO         1454    i.HAL_GPIO_WritePin  stm32f1xx_hal_gpio.o
    0x08001476   0x00000002   PAD
    0x08001478   0x0000000c   Code   RO         1146    i.HAL_GetTick       stm32f1xx_hal.o
    0x08001484   0x00000188   Code   RO         2121    i.HAL_I2C_Init      stm32f1xx_hal_i2c.o
    0x0800160c   0x00000250   Code   RO         2139    i.HAL_I2C_Mem_Read  stm32f1xx_hal_i2c.o
    0x0800185c   0x00000130   Code   RO         2142    i.HAL_I2C_Mem_Write  stm32f1xx_hal_i2c.o
    0x0800198c   0x0000005c   Code   RO          499    i.HAL_I2C_MspInit   i2c.o
    0x080019e8   0x00000010   Code   RO         1152    i.HAL_IncTick       stm32f1xx_hal.o
    0x080019f8   0x00000024   Code   RO         1153    i.HAL_Init          stm32f1xx_hal.o
    0x08001a1c   0x00000040   Code   RO         1154    i.HAL_InitTick      stm32f1xx_hal.o
    0x08001a5c   0x0000003c   Code   RO          799    i.HAL_MspInit       stm32f1xx_hal_msp.o
    0x08001a98   0x0000001a   Code   RO         1610    i.HAL_NVIC_EnableIRQ  stm32f1xx_hal_cortex.o
    0x08001ab2   0x00000002   PAD
    0x08001ab4   0x00000040   Code   RO         1616    i.HAL_NVIC_SetPriority  stm32f1xx_hal_cortex.o
    0x08001af4   0x00000024   Code   RO         1617    i.HAL_NVIC_SetPriorityGrouping  stm32f1xx_hal_cortex.o
    0x08001b18   0x000000c8   Code   RO         1412    i.HAL_RCCEx_GetPeriphCLKFreq  stm32f1xx_hal_rcc_ex.o
    0x08001be0   0x000000ec   Code   RO         1413    i.HAL_RCCEx_PeriphCLKConfig  stm32f1xx_hal_rcc_ex.o
    0x08001ccc   0x0000012c   Code   RO         1310    i.HAL_RCC_ClockConfig  stm32f1xx_hal_rcc.o
    0x08001df8   0x00000020   Code   RO         1317    i.HAL_RCC_GetPCLK1Freq  stm32f1xx_hal_rcc.o
    0x08001e18   0x00000020   Code   RO         1318    i.HAL_RCC_GetPCLK2Freq  stm32f1xx_hal_rcc.o
    0x08001e38   0x0000006c   Code   RO         1319    i.HAL_RCC_GetSysClockFreq  stm32f1xx_hal_rcc.o
    0x08001ea4   0x00000320   Code   RO         1322    i.HAL_RCC_OscConfig  stm32f1xx_hal_rcc.o
    0x080021c4   0x00000028   Code   RO         1621    i.HAL_SYSTICK_Config  stm32f1xx_hal_cortex.o
    0x080021ec   0x00000002   Code   RO         3248    i.HAL_TIMEx_BreakCallback  stm32f1xx_hal_tim_ex.o
    0x080021ee   0x00000002   Code   RO         3249    i.HAL_TIMEx_CommutCallback  stm32f1xx_hal_tim_ex.o
    0x080021f0   0x00000054   Code   RO         3251    i.HAL_TIMEx_ConfigBreakDeadTime  stm32f1xx_hal_tim_ex.o
    0x08002244   0x00000068   Code   RO         3267    i.HAL_TIMEx_MasterConfigSynchronization  stm32f1xx_hal_tim_ex.o
    0x080022ac   0x0000005a   Code   RO         2544    i.HAL_TIM_Base_Init  stm32f1xx_hal_tim.o
    0x08002306   0x00000002   PAD
    0x08002308   0x000000b0   Code   RO          541    i.HAL_TIM_Base_MspInit  tim.o
    0x080023b8   0x00000058   Code   RO         2549    i.HAL_TIM_Base_Start_IT  stm32f1xx_hal_tim.o
    0x08002410   0x000000d6   Code   RO         2553    i.HAL_TIM_ConfigClockSource  stm32f1xx_hal_tim.o
    0x080024e6   0x00000002   Code   RO         2578    i.HAL_TIM_IC_CaptureCallback  stm32f1xx_hal_tim.o
    0x080024e8   0x00000166   Code   RO         2592    i.HAL_TIM_IRQHandler  stm32f1xx_hal_tim.o
    0x0800264e   0x00000002   PAD
    0x08002650   0x0000004c   Code   RO          542    i.HAL_TIM_MspPostInit  tim.o
    0x0800269c   0x00000002   Code   RO         2595    i.HAL_TIM_OC_DelayElapsedCallback  stm32f1xx_hal_tim.o
    0x0800269e   0x000000c6   Code   RO         2616    i.HAL_TIM_PWM_ConfigChannel  stm32f1xx_hal_tim.o
    0x08002764   0x0000005a   Code   RO         2619    i.HAL_TIM_PWM_Init  stm32f1xx_hal_tim.o
    0x080027be   0x00000002   Code   RO         2621    i.HAL_TIM_PWM_MspInit  stm32f1xx_hal_tim.o
    0x080027c0   0x00000002   Code   RO         2622    i.HAL_TIM_PWM_PulseFinishedCallback  stm32f1xx_hal_tim.o
    0x080027c2   0x00000002   PAD
    0x080027c4   0x0000009c   Code   RO         2624    i.HAL_TIM_PWM_Start  stm32f1xx_hal_tim.o
    0x08002860   0x00000002   Code   RO         2630    i.HAL_TIM_PeriodElapsedCallback  stm32f1xx_hal_tim.o
    0x08002862   0x00000002   Code   RO         2635    i.HAL_TIM_TriggerCallback  stm32f1xx_hal_tim.o
    0x08002864   0x00000062   Code   RO         3544    i.HAL_UART_Init     stm32f1xx_hal_uart.o
    0x080028c6   0x00000002   PAD
    0x080028c8   0x00000070   Code   RO          608    i.HAL_UART_MspInit  usart.o
    0x08002938   0x00000002   Code   RO          651    i.HardFault_Handler  stm32f1xx_it.o
    0x0800293a   0x0000002e   Code   RO         2163    i.I2C_IsAcknowledgeFailed  stm32f1xx_hal_i2c.o
    0x08002968   0x000000fc   Code   RO         2173    i.I2C_RequestMemoryRead  stm32f1xx_hal_i2c.o
    0x08002a64   0x000000a8   Code   RO         2174    i.I2C_RequestMemoryWrite  stm32f1xx_hal_i2c.o
    0x08002b0c   0x0000004c   Code   RO         2178    i.I2C_WaitOnBTFFlagUntilTimeout  stm32f1xx_hal_i2c.o
    0x08002b58   0x00000068   Code   RO         2179    i.I2C_WaitOnFlagUntilTimeout  stm32f1xx_hal_i2c.o
    0x08002bc0   0x00000096   Code   RO         2180    i.I2C_WaitOnMasterAddressFlagUntilTimeout  stm32f1xx_hal_i2c.o
    0x08002c56   0x00000066   Code   RO         2181    i.I2C_WaitOnRXNEFlagUntilTimeout  stm32f1xx_hal_i2c.o
    0x08002cbc   0x0000004c   Code   RO         2182    i.I2C_WaitOnTXEFlagUntilTimeout  stm32f1xx_hal_i2c.o
    0x08002d08   0x0000004c   Code   RO          444    i.MX_ADC1_Init      adc.o
    0x08002d54   0x00000080   Code   RO          416    i.MX_GPIO_Init      gpio.o
    0x08002dd4   0x00000040   Code   RO          500    i.MX_I2C1_Init      i2c.o
    0x08002e14   0x000000fc   Code   RO          543    i.MX_TIM1_Init      tim.o
    0x08002f10   0x00000064   Code   RO          544    i.MX_TIM2_Init      tim.o
    0x08002f74   0x00000068   Code   RO          545    i.MX_TIM3_Init      tim.o
    0x08002fdc   0x00000068   Code   RO          546    i.MX_TIM4_Init      tim.o
    0x08003044   0x00000038   Code   RO          609    i.MX_USART2_UART_Init  usart.o
    0x0800307c   0x00000002   Code   RO          652    i.MemManage_Handler  stm32f1xx_it.o
    0x0800307e   0x00000002   Code   RO          653    i.NMI_Handler       stm32f1xx_it.o
    0x08003080   0x00000002   Code   RO          654    i.PendSV_Handler    stm32f1xx_it.o
    0x08003082   0x00000002   Code   RO          655    i.SVC_Handler       stm32f1xx_it.o
    0x08003084   0x00000004   Code   RO          656    i.SysTick_Handler   stm32f1xx_it.o
    0x08003088   0x00000078   Code   RO          343    i.SystemClock_Config  main.o
    0x08003100   0x00000002   Code   RO         3873    i.SystemInit        system_stm32f1xx.o
    0x08003102   0x00000002   PAD
    0x08003104   0x00000014   Code   RO          657    i.TIM1_UP_IRQHandler  stm32f1xx_it.o
    0x08003118   0x00000028   Code   RO          658    i.TIM2_IRQHandler   stm32f1xx_it.o
    0x08003140   0x00000038   Code   RO          659    i.TIM3_IRQHandler   stm32f1xx_it.o
    0x08003178   0x0000000c   Code   RO          660    i.TIM4_IRQHandler   stm32f1xx_it.o
    0x08003184   0x0000006c   Code   RO         2637    i.TIM_Base_SetConfig  stm32f1xx_hal_tim.o
    0x080031f0   0x0000001a   Code   RO         2638    i.TIM_CCxChannelCmd  stm32f1xx_hal_tim.o
    0x0800320a   0x00000014   Code   RO         2648    i.TIM_ETR_SetConfig  stm32f1xx_hal_tim.o
    0x0800321e   0x00000010   Code   RO         2649    i.TIM_ITRx_SetConfig  stm32f1xx_hal_tim.o
    0x0800322e   0x00000002   PAD
    0x08003230   0x00000050   Code   RO         2650    i.TIM_OC1_SetConfig  stm32f1xx_hal_tim.o
    0x08003280   0x00000058   Code   RO         2651    i.TIM_OC2_SetConfig  stm32f1xx_hal_tim.o
    0x080032d8   0x00000058   Code   RO         2652    i.TIM_OC3_SetConfig  stm32f1xx_hal_tim.o
    0x08003330   0x00000044   Code   RO         2653    i.TIM_OC4_SetConfig  stm32f1xx_hal_tim.o
    0x08003374   0x00000022   Code   RO         2655    i.TIM_TI1_ConfigInputStage  stm32f1xx_hal_tim.o
    0x08003396   0x00000024   Code   RO         2657    i.TIM_TI2_ConfigInputStage  stm32f1xx_hal_tim.o
    0x080033ba   0x00000002   PAD
    0x080033bc   0x000000b8   Code   RO         3570    i.UART_SetConfig    stm32f1xx_hal_uart.o
    0x08003474   0x00000002   Code   RO          661    i.UsageFault_Handler  stm32f1xx_it.o
    0x08003476   0x00000020   Code   RO         1623    i.__NVIC_SetPriority  stm32f1xx_hal_cortex.o
    0x08003496   0x0000000c   Code   RO         3959    i.__mathlib_dbl_invalid  m_ws.l(dunder.o)
    0x080034a2   0x0000000e   Code   RO         4042    i.__scatterload_copy  mc_w.l(handlers.o)
    0x080034b0   0x00000002   Code   RO         4043    i.__scatterload_null  mc_w.l(handlers.o)
    0x080034b2   0x0000000e   Code   RO         4044    i.__scatterload_zeroinit  mc_w.l(handlers.o)
    0x080034c0   0x0000000c   Code   RO         4018    i.__set_errno       mc_w.l(errno.o)
    0x080034cc   0x0000005c   Code   RO          164    i._cos              simple_math.o
    0x08003528   0x00000040   Code   RO           13    i._normalizeAngle   foc_kernal.o
    0x08003568   0x00000128   Code   RO          166    i._sin              simple_math.o
    0x08003690   0x00000010   Code   RO          168    i._sqrtApprox       simple_math.o
    0x080036a0   0x00000094   Code   RO         3908    i.fmod              m_ws.l(fmod.o)
    0x08003734   0x00000054   Code   RO           14    i.get_angle_elec    foc_kernal.o
    0x08003788   0x000000c8   Code   RO          346    i.main              main.o
    0x08003850   0x0000006c   Code   RO         3989    i.malloc            mc_w.l(malloc.o)
    0x080038bc   0x000002b4   Code   RO           15    i.setPhaseVoltage   foc_kernal.o
    0x08003b70   0x00000320   Data   RO          169    .constdata          simple_math.o
    0x08003e90   0x0000000c   Data   RO          446    .constdata          adc.o
    0x08003e9c   0x00000010   Data   RO         3874    .constdata          system_stm32f1xx.o
    0x08003eac   0x00000008   Data   RO         3875    .constdata          system_stm32f1xx.o
    0x08003eb4   0x00000020   Data   RO         4040    Region$$Table       anon$$obj.o


    Execution Region RW_IRAM1 (Base: 0x20000000, Size: 0x00000820, Max: 0x00005000, ABSOLUTE)

    Base Addr    Size         Type   Attr      Idx    E Section Name        Object

    0x20000000   0x00000004   Data   RW           16    .data               foc_kernal.o
    0x20000004   0x00000004   Data   RW          348    .data               main.o
    0x20000008   0x00000004   Data   RW          548    .data               tim.o
    0x2000000c   0x00000002   Data   RW          663    .data               stm32f1xx_it.o
    0x2000000e   0x00000002   Data   RW          665    .data               stm32f1xx_it.o
    0x20000010   0x00000002   Data   RW          688    .data               stm32f1xx_it.o
    0x20000012   0x00000002   Data   RW          690    .data               stm32f1xx_it.o
    0x20000014   0x00000002   Data   RW          691    .data               stm32f1xx_it.o
    0x20000016   0x00000002   PAD
    0x20000018   0x0000000c   Data   RW         1160    .data               stm32f1xx_hal.o
    0x20000024   0x00000004   Data   RW         3876    .data               system_stm32f1xx.o
    0x20000028   0x00000004   Data   RW         4019    .data               mc_w.l(errno.o)
    0x2000002c   0x00000004   Data   RW         4036    .data               mc_w.l(mvars.o)
    0x20000030   0x00000004   Data   RW         4037    .data               mc_w.l(mvars.o)
    0x20000034   0x00000030   Zero   RW          445    .bss                adc.o
    0x20000064   0x00000054   Zero   RW          501    .bss                i2c.o
    0x200000b8   0x00000120   Zero   RW          547    .bss                tim.o
    0x200001d8   0x00000044   Zero   RW          610    .bss                usart.o
    0x2000021c   0x00000004   PAD
    0x20000220   0x00000200   Zero   RW            2    HEAP                startup_stm32f103xb.o
    0x20000420   0x00000400   Zero   RW            1    STACK               startup_stm32f103xb.o


==============================================================================

Image component sizes


      Code (inc. data)   RO Data    RW Data    ZI Data      Debug   Object Name

       300         46         12          0         48      17610   adc.o
       788         10          0          0          0       9356   as5600.o
       840         92          0          4          0     449894   foc_kernal.o
       128          8          0          0          0        931   gpio.o
       156         26          0          0         84       1573   i2c.o
       324         34          0          4          0       3279   main.o
       404         68        800          0          0       2173   simple_math.o
        36          8        236          0       1536        796   startup_stm32f103xb.o
       164         28          0         12          0       5765   stm32f1xx_hal.o
      1312         54          0          0          0       6447   stm32f1xx_hal_adc.o
       198         14          0          0          0      28531   stm32f1xx_hal_cortex.o
       490         34          0          0          0       2532   stm32f1xx_hal_gpio.o
      2262         56          0          0          0      10798   stm32f1xx_hal_i2c.o
        60          8          0          0          0        854   stm32f1xx_hal_msp.o
      1272        100          0          0          0       4888   stm32f1xx_hal_rcc.o
       436         46          0          0          0       2353   stm32f1xx_hal_rcc_ex.o
      1770         58          0          0          0      15230   stm32f1xx_hal_tim.o
       192         12          0          0          0       3009   stm32f1xx_hal_tim_ex.o
       282          6          0          0          0       1784   stm32f1xx_hal_uart.o
       148         34          0         10          0       7762   stm32f1xx_it.o
         2          0         24          4          0       1095   system_stm32f1xx.o
       812         68          0          4        288       4422   tim.o
       168         22          0          0         68       1622   usart.o

    ----------------------------------------------------------------------
     12566        832       1104         40       2028     582704   Object Totals
         0          0         32          0          0          0   (incl. Generated)
        22          0          0          2          4          0   (incl. Padding)

    ----------------------------------------------------------------------

      Code (inc. data)   RO Data    RW Data    ZI Data      Debug   Library Member Name

        12          0          0          0          0         68   dunder.o
       148          4          0          0          0         88   fmod.o
        28          0          0          0          0         76   calloc.o
         0          0          0          0          0          0   entry.o
         0          0          0          0          0          0   entry10a.o
         0          0          0          0          0          0   entry11a.o
         8          4          0          0          0          0   entry2.o
         4          0          0          0          0          0   entry5.o
         0          0          0          0          0          0   entry7b.o
         0          0          0          0          0          0   entry8b.o
         8          4          0          0          0          0   entry9a.o
        12          6          0          4          0         68   errno.o
        30          0          0          0          0          0   handlers.o
        36          8          0          0          0         68   init.o
         0          0          0          0          0          0   iusefp.o
        30          0          0          0          0         68   llshl.o
        36          0          0          0          0         68   llsshr.o
        32          0          0          0          0         68   llushr.o
       108         16          0          0          0         84   malloc.o
        36          0          0          0          0        108   memseta.o
         0          0          0          8          0          0   mvars.o
        48          0          0          0          0         68   cdrcmple.o
        56          0          0          0          0         88   d2f.o
       334          0          0          0          0        148   dadd.o
       222          0          0          0          0        100   ddiv.o
       186          0          0          0          0        176   depilogue.o
        62          0          0          0          0         80   dfixi.o
        50          0          0          0          0         76   dfixui.o
        34          0          0          0          0         76   dflti.o
        26          0          0          0          0         76   dfltui.o
       228          0          0          0          0         96   dmul.o
       134          0          0          0          0         96   drem.o
        38          0          0          0          0         68   f2d.o
       176          0          0          0          0        140   fadd.o
       110          0          0          0          0        168   fepilogue.o
        40          0          0          0          0         68   ffixui.o
        18          0          0          0          0         68   fflti.o
       100          0          0          0          0         76   fmul.o
        24          0          0          0          0         68   fscalb.o

    ----------------------------------------------------------------------
      2414         42          0         12          0       2500   Library Totals
         0          0          0          0          0          0   (incl. Padding)

    ----------------------------------------------------------------------

      Code (inc. data)   RO Data    RW Data    ZI Data      Debug   Library Name

       160          4          0          0          0        156   m_ws.l
       368         38          0         12          0        608   mc_w.l
      1886          0          0          0          0       1736   mf_w.l

    ----------------------------------------------------------------------
      2414         42          0         12          0       2500   Library Totals

    ----------------------------------------------------------------------

==============================================================================


      Code (inc. data)   RO Data    RW Data    ZI Data      Debug   

     14980        874       1104         52       2028     578128   Grand Totals
     14980        874       1104         52       2028     578128   ELF Image Totals
     14980        874       1104         52          0          0   ROM Totals

==============================================================================

    Total RO  Size (Code + RO Data)                16084 (  15.71kB)
    Total RW  Size (RW Data + ZI Data)              2080 (   2.03kB)
    Total ROM Size (Code + RO Data + RW Data)      16136 (  15.76kB)

==============================================================================

