Component: ARM Compiler 5.05 update 1 (build 106) Tool: armlink [4d0efa]

==============================================================================

Section Cross References

    startup_stm32f103xb.o(RESET) refers to startup_stm32f103xb.o(STACK) for __initial_sp
    startup_stm32f103xb.o(RESET) refers to startup_stm32f103xb.o(.text) for Reset_Handler
    startup_stm32f103xb.o(RESET) refers to stm32f1xx_it.o(i.NMI_Handler) for NMI_Handler
    startup_stm32f103xb.o(RESET) refers to stm32f1xx_it.o(i.HardFault_Handler) for HardFault_Handler
    startup_stm32f103xb.o(RESET) refers to stm32f1xx_it.o(i.MemManage_Handler) for MemManage_Handler
    startup_stm32f103xb.o(RESET) refers to stm32f1xx_it.o(i.BusFault_Handler) for BusFault_Handler
    startup_stm32f103xb.o(RESET) refers to stm32f1xx_it.o(i.UsageFault_Handler) for UsageFault_Handler
    startup_stm32f103xb.o(RESET) refers to stm32f1xx_it.o(i.SVC_Handler) for SVC_Handler
    startup_stm32f103xb.o(RESET) refers to stm32f1xx_it.o(i.DebugMon_Handler) for DebugMon_Handler
    startup_stm32f103xb.o(RESET) refers to stm32f1xx_it.o(i.PendSV_Handler) for PendSV_Handler
    startup_stm32f103xb.o(RESET) refers to stm32f1xx_it.o(i.SysTick_Handler) for SysTick_Handler
    startup_stm32f103xb.o(RESET) refers to stm32f1xx_it.o(i.DMA1_Channel1_IRQHandler) for DMA1_Channel1_IRQHandler
    startup_stm32f103xb.o(RESET) refers to stm32f1xx_it.o(i.USB_HP_CAN1_TX_IRQHandler) for USB_HP_CAN1_TX_IRQHandler
    startup_stm32f103xb.o(RESET) refers to stm32f1xx_it.o(i.USB_LP_CAN1_RX0_IRQHandler) for USB_LP_CAN1_RX0_IRQHandler
    startup_stm32f103xb.o(RESET) refers to stm32f1xx_it.o(i.TIM1_UP_IRQHandler) for TIM1_UP_IRQHandler
    startup_stm32f103xb.o(RESET) refers to stm32f1xx_it.o(i.TIM2_IRQHandler) for TIM2_IRQHandler
    startup_stm32f103xb.o(RESET) refers to stm32f1xx_it.o(i.TIM3_IRQHandler) for TIM3_IRQHandler
    startup_stm32f103xb.o(RESET) refers to stm32f1xx_it.o(i.TIM4_IRQHandler) for TIM4_IRQHandler
    startup_stm32f103xb.o(.text) refers to system_stm32f1xx.o(i.SystemInit) for SystemInit
    startup_stm32f103xb.o(.text) refers to entry.o(.ARM.Collect$$$$00000000) for __main
    as5600.o(i.AS5600_get_AGC_setting) refers to stm32f1xx_hal_i2c.o(i.HAL_I2C_Mem_Read) for HAL_I2C_Mem_Read
    as5600.o(i.AS5600_get_CORDIC_magnitude) refers to stm32f1xx_hal_i2c.o(i.HAL_I2C_Mem_Read) for HAL_I2C_Mem_Read
    as5600.o(i.AS5600_get_magnet_status) refers to stm32f1xx_hal_i2c.o(i.HAL_I2C_Mem_Read) for HAL_I2C_Mem_Read
    as5600.o(i.AS5600_set_max_angle) refers to stm32f1xx_hal_i2c.o(i.HAL_I2C_Mem_Write) for HAL_I2C_Mem_Write
    as5600.o(i.AS5600_set_positive_rotation_direction) refers to stm32f1xx_hal_gpio.o(i.HAL_GPIO_WritePin) for HAL_GPIO_WritePin
    as5600.o(i.AS5600_set_start_position) refers to stm32f1xx_hal_i2c.o(i.HAL_I2C_Mem_Write) for HAL_I2C_Mem_Write
    as5600.o(i.AS5600_set_stop_position) refers to stm32f1xx_hal_i2c.o(i.HAL_I2C_Mem_Write) for HAL_I2C_Mem_Write
    as5600.o(i.AS5600_write_config_register) refers to stm32f1xx_hal_i2c.o(i.HAL_I2C_Mem_Write) for HAL_I2C_Mem_Write
    as5600.o(i.as5600_get_angle) refers to stm32f1xx_hal_i2c.o(i.HAL_I2C_Mem_Read) for HAL_I2C_Mem_Read
    as5600.o(i.as5600_get_angle) refers to controll.o(i.convert_pulse_to_position) for convert_pulse_to_position
    as5600.o(i.as5600_get_angle) refers to controll.o(i.compute_position_elec) for compute_position_elec
    as5600.o(i.as5600_get_angle) refers to IQNdiv.o(_IQ10div) for _IQ10div
    as5600.o(i.as5600_get_angle) refers to controll.o(i.convert_pulse_to_velocity) for convert_pulse_to_velocity
    as5600.o(i.as5600_get_angle) refers to controll.o(i.filter_update) for filter_update
    as5600.o(i.as5600_get_angle) refers to main.o(.data) for oConfig
    as5600.o(i.as5600_get_raw_angle) refers to stm32f1xx_hal_i2c.o(i.HAL_I2C_Mem_Read) for HAL_I2C_Mem_Read
    as5600.o(i.as5600_init) refers to as5600.o(i.AS5600_set_low_power_mode) for AS5600_set_low_power_mode
    as5600.o(i.as5600_init) refers to as5600.o(i.AS5600_set_hysteresis) for AS5600_set_hysteresis
    as5600.o(i.as5600_init) refers to as5600.o(i.AS5600_set_output_mode) for AS5600_set_output_mode
    as5600.o(i.as5600_init) refers to as5600.o(i.AS5600_set_slow_filter) for AS5600_set_slow_filter
    as5600.o(i.as5600_init) refers to as5600.o(i.AS5600_set_fast_filter_threshold) for AS5600_set_fast_filter_threshold
    as5600.o(i.as5600_init) refers to as5600.o(i.AS5600_set_watchdog_timer) for AS5600_set_watchdog_timer
    as5600.o(i.as5600_init) refers to as5600.o(i.AS5600_write_config_register) for AS5600_write_config_register
    as5600.o(i.as5600_init) refers to as5600.o(i.AS5600_get_magnet_status) for AS5600_get_magnet_status
    as5600.o(i.as5600_new) refers to calloc.o(.text) for calloc
    controll.o(i.compute_position_elec) refers to IQNmpy.o(_IQ10mpy) for _IQ10mpy
    controll.o(i.compute_position_elec) refers to main.o(.data) for oConfig
    controll.o(i.compute_svpwm) refers to IQNcos.o(_IQ10cos) for _IQ10cos
[...]
    ..\Drivers\STM32F1xx_HAL_Driver\Src\stm32f1xx_hal_flash.c 0x00000000   Number         0  stm32f1xx_hal_flash.o ABSOLUTE
    ..\Drivers\STM32F1xx_HAL_Driver\Src\stm32f1xx_hal_flash_ex.c 0x00000000   Number         0  stm32f1xx_hal_flash_ex.o ABSOLUTE
    ..\Drivers\STM32F1xx_HAL_Driver\Src\stm32f1xx_hal_gpio.c 0x00000000   Number         0  stm32f1xx_hal_gpio.o ABSOLUTE
    ..\Drivers\STM32F1xx_HAL_Driver\Src\stm32f1xx_hal_gpio_ex.c 0x00000000   Number         0  stm32f1xx_hal_gpio_ex.o ABSOLUTE
    ..\Drivers\STM32F1xx_HAL_Driver\Src\stm32f1xx_hal_i2c.c 0x00000000   Number         0  stm32f1xx_hal_i2c.o ABSOLUTE
    ..\Drivers\STM32F1xx_HAL_Driver\Src\stm32f1xx_hal_pwr.c 0x00000000   Number         0  stm32f1xx_hal_pwr.o ABSOLUTE
    ..\Drivers\STM32F1xx_HAL_Driver\Src\stm32f1xx_hal_rcc.c 0x00000000   Number         0  stm32f1xx_hal_rcc.o ABSOLUTE
    ..\Drivers\STM32F1xx_HAL_Driver\Src\stm32f1xx_hal_rcc_ex.c 0x00000000   Number         0  stm32f1xx_hal_rcc_ex.o ABSOLUTE
    ..\Drivers\STM32F1xx_HAL_Driver\Src\stm32f1xx_hal_tim.c 0x00000000   Number         0  stm32f1xx_hal_tim.o ABSOLUTE
    ..\Drivers\STM32F1xx_HAL_Driver\Src\stm32f1xx_hal_tim_ex.c 0x00000000   Number         0  stm32f1xx_hal_tim_ex.o ABSOLUTE
    ..\Drivers\STM32F1xx_HAL_Driver\Src\stm32f1xx_hal_uart.c 0x00000000   Number         0  stm32f1xx_hal_uart.o ABSOLUTE
    ..\\Core\\Src\\AS5600.c                  0x00000000   Number         0  as5600.o ABSOLUTE
    ..\\Core\\Src\\controll.c                0x00000000   Number         0  controll.o ABSOLUTE
    cdrcmple.s                               0x00000000   Number         0  cdrcmple.o ABSOLUTE
    dc.s                                     0x00000000   Number         0  dc.o ABSOLUTE
    handlers.s                               0x00000000   Number         0  handlers.o ABSOLUTE
    init.s                                   0x00000000   Number         0  init.o ABSOLUTE
    keil\IQNcos.S                            0x00000000   Number         0  IQNcos.o ABSOLUTE
    keil\IQNdiv.S                            0x00000000   Number         0  IQNdiv.o ABSOLUTE
    keil\IQNmpy.S                            0x00000000   Number         0  IQNmpy.o ABSOLUTE
    keil\IQNsin.S                            0x00000000   Number         0  IQNsin.o ABSOLUTE
    keil\IQNsqrt.S                           0x00000000   Number         0  IQNsqrt.o ABSOLUTE
    keil\IQNtoF.S                            0x00000000   Number         0  IQNtoF.o ABSOLUTE
    keil\IQtables.S                          0x00000000   Number         0  IQtables.o ABSOLUTE
    startup_stm32f103xb.s                    0x00000000   Number         0  startup_stm32f103xb.o ABSOLUTE
    RESET                                    0x08000000   Section      236  startup_stm32f103xb.o(RESET)
    .ARM.Collect$$$$00000000                 0x080000ec   Section        0  entry.o(.ARM.Collect$$$$00000000)
    .ARM.Collect$$$$00000001                 0x080000ec   Section        4  entry2.o(.ARM.Collect$$$$00000001)
    .ARM.Collect$$$$00000004                 0x080000f0   Section        4  entry5.o(.ARM.Collect$$$$00000004)
    .ARM.Collect$$$$00000008                 0x080000f4   Section        0  entry7b.o(.ARM.Collect$$$$00000008)
    .ARM.Collect$$$$0000000A                 0x080000f4   Section        0  entry8b.o(.ARM.Collect$$$$0000000A)
    .ARM.Collect$$$$0000000B                 0x080000f4   Section        8  entry9a.o(.ARM.Collect$$$$0000000B)
    .ARM.Collect$$$$0000000D                 0x080000fc   Section        0  entry10a.o(.ARM.Collect$$$$0000000D)
    .ARM.Collect$$$$0000000F                 0x080000fc   Section        0  entry11a.o(.ARM.Collect$$$$0000000F)
    .ARM.Collect$$$$00002712                 0x080000fc   Section        4  entry2.o(.ARM.Collect$$$$00002712)
    __lit__00000000                          0x080000fc   Data           4  entry2.o(.ARM.Collect$$$$00002712)
    .text                                    0x08000100   Section       36  startup_stm32f103xb.o(.text)
    .text                                    0x08000124   Section        0  llushr.o(.text)
    .text                                    0x08000144   Section        0  memseta.o(.text)
    .text                                    0x08000168   Section        0  calloc.o(.text)
    .text                                    0x08000184   Section        0  fadd.o(.text)
    .text                                    0x08000234   Section        0  fdiv.o(.text)
    .text                                    0x080002b0   Section        0  fscalb.o(.text)
    .text                                    0x080002c8   Section        0  dmul.o(.text)
    .text                                    0x080003ac   Section        0  ddiv.o(.text)
    .text                                    0x0800048a   Section        0  ffixi.o(.text)
    .text                                    0x080004bc   Section        0  f2d.o(.text)
    .text                                    0x080004e2   Section        0  d2f.o(.text)
    .text                                    0x0800051a   Section        0  uidiv.o(.text)
    .text                                    0x08000546   Section        0  uldiv.o(.text)
    .text                                    0x080005a8   Section        0  fepilogue.o(.text)
    .text                                    0x080005a8   Section        0  iusefp.o(.text)
    .text                                    0x08000616   Section        0  depilogue.o(.text)
    .text                                    0x080006d0   Section        0  dadd.o(.text)
    .text                                    0x0800081e   Section        0  dfixul.o(.text)
    .text                                    0x08000850   Section       48  cdrcmple.o(.text)
    .text                                    0x08000880   Section       36  init.o(.text)
    .text                                    0x080008a4   Section        0  llshl.o(.text)
    .text                                    0x080008c2   Section        0  llsshr.o(.text)
    _IQ10div                                 0x080008e8   Section      144  IQNdiv.o(_IQ10div)
    _IQ10mpy                                 0x08000978   Section       16  IQNmpy.o(_IQ10mpy)
    _IQ10toF                                 0x08000988   Section       36  IQNtoF.o(_IQ10toF)
    i.ADC_ConversionStop_Disable             0x080009ac   Section        0  stm32f1xx_hal_adc.o(i.ADC_ConversionStop_Disable)
    i.ADC_DMAConvCplt                        0x08000a02   Section        0  stm32f1xx_hal_adc.o(i.ADC_DMAConvCplt)
    i.ADC_DMAError                           0x08000a50   Section        0  stm32f1xx_hal_adc.o(i.ADC_DMAError)
    i.ADC_DMAHalfConvCplt                    0x08000a6a   Section        0  stm32f1xx_hal_adc.o(i.ADC_DMAHalfConvCplt)
    i.ADC_Enable                             0x08000a74   Section        0  stm32f1xx_hal_adc.o(i.ADC_Enable)
    i.AS5600_get_magnet_status               0x08000af0   Section        0  as5600.o(i.AS5600_get_magnet_status)
    i.AS5600_set_fast_filter_threshold       0x08000b08   Section        0  as5600.o(i.AS5600_set_fast_filter_threshold)
    i.AS5600_set_hysteresis                  0x08000b92   Section        0  as5600.o(i.AS5600_set_hysteresis)
    i.AS5600_set_low_power_mode              0x08000bda   Section        0  as5600.o(i.AS5600_set_low_power_mode)
    i.AS5600_set_output_mode                 0x08000c22   Section        0  as5600.o(i.AS5600_set_output_mode)
    i.AS5600_set_slow_filter                 0x08000ca0   Section        0  as5600.o(i.AS5600_set_slow_filter)
    i.AS5600_set_watchdog_timer              0x08000ce8   Section        0  as5600.o(i.AS5600_set_watchdog_timer)
    i.AS5600_write_config_register           0x08000d08   Section        0  as5600.o(i.AS5600_write_config_register)
    i.BusFault_Handler                       0x08000d24   Section        0  stm32f1xx_it.o(i.BusFault_Handler)
    i.CAN_User_Init                          0x08000d26   Section        0  can.o(i.CAN_User_Init)
    i.DMA1_Channel1_IRQHandler               0x08000d64   Section        0  stm32f1xx_it.o(i.DMA1_Channel1_IRQHandler)
    i.DMA_SetConfig                          0x08000d70   Section        0  stm32f1xx_hal_dma.o(i.DMA_SetConfig)
    DMA_SetConfig                            0x08000d71   Thumb Code    42  stm32f1xx_hal_dma.o(i.DMA_SetConfig)
    i.DebugMon_Handler                       0x08000d9a   Section        0  stm32f1xx_it.o(i.DebugMon_Handler)
    i.Error_Handler                          0x08000d9c   Section        0  main.o(i.Error_Handler)
    i.HAL_ADC_ConfigChannel                  0x08000da0   Section        0  stm32f1xx_hal_adc.o(i.HAL_ADC_ConfigChannel)
    i.HAL_ADC_ConvCpltCallback               0x08000e9c   Section        0  stm32f1xx_hal_adc.o(i.HAL_ADC_ConvCpltCallback)
    i.HAL_ADC_ConvHalfCpltCallback           0x08000e9e   Section        0  stm32f1xx_hal_adc.o(i.HAL_ADC_ConvHalfCpltCallback)
    i.HAL_ADC_ErrorCallback                  0x08000ea0   Section        0  stm32f1xx_hal_adc.o(i.HAL_ADC_ErrorCallback)
    i.HAL_ADC_Init                           0x08000ea4   Section        0  stm32f1xx_hal_adc.o(i.HAL_ADC_Init)
    i.HAL_ADC_MspInit                        0x08000fc0   Section        0  adc.o(i.HAL_ADC_MspInit)
    i.HAL_ADC_Start_DMA                      0x0800104c   Section        0  stm32f1xx_hal_adc.o(i.HAL_ADC_Start_DMA)
    i.HAL_CAN_ActivateNotification           0x08001158   Section        0  stm32f1xx_hal_can.o(i.HAL_CAN_ActivateNotification)
    i.HAL_CAN_AddTxMessage                   0x0800117c   Section        0  stm32f1xx_hal_can.o(i.HAL_CAN_AddTxMessage)
    i.HAL_CAN_ConfigFilter                   0x08001244   Section        0  stm32f1xx_hal_can.o(i.HAL_CAN_ConfigFilter)
    i.HAL_CAN_ErrorCallback                  0x08001332   Section        0  stm32f1xx_hal_can.o(i.HAL_CAN_ErrorCallback)
    i.HAL_CAN_GetRxMessage                   0x08001334   Section        0  stm32f1xx_hal_can.o(i.HAL_CAN_GetRxMessage)
    i.HAL_CAN_GetTxMailboxesFreeLevel        0x0800141c   Section        0  stm32f1xx_hal_can.o(i.HAL_CAN_GetTxMailboxesFreeLevel)
    i.HAL_CAN_IRQHandler                     0x08001448   Section        0  stm32f1xx_hal_can.o(i.HAL_CAN_IRQHandler)
    i.HAL_CAN_Init                           0x08001644   Section        0  stm32f1xx_hal_can.o(i.HAL_CAN_Init)
    i.HAL_CAN_MspInit                        0x08001760   Section        0  can.o(i.HAL_CAN_MspInit)
    i.HAL_CAN_RxFifo0FullCallback            0x080017ec   Section        0  stm32f1xx_hal_can.o(i.HAL_CAN_RxFifo0FullCallback)
    i.HAL_CAN_RxFifo0MsgPendingCallback      0x080017f0   Section        0  stm32f1xx_it.o(i.HAL_CAN_RxFifo0MsgPendingCallback)
    i.HAL_CAN_RxFifo1FullCallback            0x08001870   Section        0  stm32f1xx_hal_can.o(i.HAL_CAN_RxFifo1FullCallback)
    i.HAL_CAN_RxFifo1MsgPendingCallback      0x08001872   Section        0  stm32f1xx_hal_can.o(i.HAL_CAN_RxFifo1MsgPendingCallback)
    i.HAL_CAN_SleepCallback                  0x08001874   Section        0  stm32f1xx_hal_can.o(i.HAL_CAN_SleepCallback)
    i.HAL_CAN_Start                          0x08001878   Section        0  stm32f1xx_hal_can.o(i.HAL_CAN_Start)
    i.HAL_CAN_TxMailbox0AbortCallback        0x080018d0   Section        0  stm32f1xx_hal_can.o(i.HAL_CAN_TxMailbox0AbortCallback)
    i.HAL_CAN_TxMailbox0CompleteCallback     0x080018d2   Section        0  stm32f1xx_hal_can.o(i.HAL_CAN_TxMailbox0CompleteCallback)
    i.HAL_CAN_TxMailbox1AbortCallback        0x080018d4   Section        0  stm32f1xx_hal_can.o(i.HAL_CAN_TxMailbox1AbortCallback)
    i.HAL_CAN_TxMailbox1CompleteCallback     0x080018d6   Section        0  stm32f1xx_hal_can.o(i.HAL_CAN_TxMailbox1CompleteCallback)
    i.HAL_CAN_TxMailbox2AbortCallback        0x080018d8   Section        0  stm32f1xx_hal_can.o(i.HAL_CAN_TxMailbox2AbortCallback)
    i.HAL_CAN_TxMailbox2CompleteCallback     0x080018da   Section        0  stm32f1xx_hal_can.o(i.HAL_CAN_TxMailbox2CompleteCallback)
    i.HAL_CAN_WakeUpFromRxMsgCallback        0x080018dc   Section        0  stm32f1xx_hal_can.o(i.HAL_CAN_WakeUpFromRxMsgCallback)
    i.HAL_DMA_IRQHandler                     0x080018e0   Section        0  stm32f1xx_hal_dma.o(i.HAL_DMA_IRQHandler)
    i.HAL_DMA_Init                           0x08001a34   Section        0  stm32f1xx_hal_dma.o(i.HAL_DMA_Init)
    i.HAL_DMA_Start_IT                       0x08001a90   Section        0  stm32f1xx_hal_dma.o(i.HAL_DMA_Start_IT)
    i.HAL_Delay                              0x08001b00   Section        0  stm32f1xx_hal.o(i.HAL_Delay)
    i.HAL_GPIO_Init                          0x08001b24   Section        0  stm32f1xx_hal_gpio.o(i.HAL_GPIO_Init)
    i.HAL_GPIO_WritePin                      0x08001d04   Section        0  stm32f1xx_hal_gpio.o(i.HAL_GPIO_WritePin)
    i.HAL_GetTick                            0x08001d10   Section        0  stm32f1xx_hal.o(i.HAL_GetTick)
    i.HAL_I2C_Init                           0x08001d1c   Section        0  stm32f1xx_hal_i2c.o(i.HAL_I2C_Init)
    i.HAL_I2C_Mem_Read                       0x08001ea4   Section        0  stm32f1xx_hal_i2c.o(i.HAL_I2C_Mem_Read)
    i.HAL_I2C_Mem_Write                      0x080020f4   Section        0  stm32f1xx_hal_i2c.o(i.HAL_I2C_Mem_Write)
    i.HAL_I2C_MspInit                        0x08002224   Section        0  i2c.o(i.HAL_I2C_MspInit)
    i.HAL_IncTick                            0x08002280   Section        0  stm32f1xx_hal.o(i.HAL_IncTick)
    i.HAL_Init                               0x08002290   Section        0  stm32f1xx_hal.o(i.HAL_Init)
    i.HAL_InitTick                           0x080022b4   Section        0  stm32f1xx_hal.o(i.HAL_InitTick)
    i.HAL_MspInit                            0x080022f4   Section        0  stm32f1xx_hal_msp.o(i.HAL_MspInit)
    i.HAL_NVIC_EnableIRQ                     0x08002330   Section        0  stm32f1xx_hal_cortex.o(i.HAL_NVIC_EnableIRQ)
    i.HAL_NVIC_SetPriority                   0x0800234c   Section        0  stm32f1xx_hal_cortex.o(i.HAL_NVIC_SetPriority)
    i.HAL_NVIC_SetPriorityGrouping           0x0800238c   Section        0  stm32f1xx_hal_cortex.o(i.HAL_NVIC_SetPriorityGrouping)
    i.HAL_RCCEx_PeriphCLKConfig              0x080023b0   Section        0  stm32f1xx_hal_rcc_ex.o(i.HAL_RCCEx_PeriphCLKConfig)
    i.HAL_RCC_ClockConfig                    0x0800249c   Section        0  stm32f1xx_hal_rcc.o(i.HAL_RCC_ClockConfig)
    i.HAL_RCC_GetPCLK1Freq                   0x080025c8   Section        0  stm32f1xx_hal_rcc.o(i.HAL_RCC_GetPCLK1Freq)
    i.HAL_RCC_GetPCLK2Freq                   0x080025e8   Section        0  stm32f1xx_hal_rcc.o(i.HAL_RCC_GetPCLK2Freq)
    i.HAL_RCC_GetSysClockFreq                0x08002608   Section        0  stm32f1xx_hal_rcc.o(i.HAL_RCC_GetSysClockFreq)
    i.HAL_RCC_OscConfig                      0x08002674   Section        0  stm32f1xx_hal_rcc.o(i.HAL_RCC_OscConfig)
    i.HAL_SYSTICK_Config                     0x08002994   Section        0  stm32f1xx_hal_cortex.o(i.HAL_SYSTICK_Config)
    i.HAL_TIMEx_BreakCallback                0x080029bc   Section        0  stm32f1xx_hal_tim_ex.o(i.HAL_TIMEx_BreakCallback)
    i.HAL_TIMEx_CommutCallback               0x080029be   Section        0  stm32f1xx_hal_tim_ex.o(i.HAL_TIMEx_CommutCallback)
    i.HAL_TIMEx_ConfigBreakDeadTime          0x080029c0   Section        0  stm32f1xx_hal_tim_ex.o(i.HAL_TIMEx_ConfigBreakDeadTime)
    i.HAL_TIMEx_MasterConfigSynchronization  0x08002a14   Section        0  stm32f1xx_hal_tim_ex.o(i.HAL_TIMEx_MasterConfigSynchronization)
    i.HAL_TIM_Base_Init                      0x08002a7c   Section        0  stm32f1xx_hal_tim.o(i.HAL_TIM_Base_Init)
    i.HAL_TIM_Base_MspInit                   0x08002ad8   Section        0  tim.o(i.HAL_TIM_Base_MspInit)
    i.HAL_TIM_Base_Start_IT                  0x08002b88   Section        0  stm32f1xx_hal_tim.o(i.HAL_TIM_Base_Start_IT)
    i.HAL_TIM_ConfigClockSource              0x08002be0   Section        0  stm32f1xx_hal_tim.o(i.HAL_TIM_ConfigClockSource)
    i.HAL_TIM_IC_CaptureCallback             0x08002cb6   Section        0  stm32f1xx_hal_tim.o(i.HAL_TIM_IC_CaptureCallback)
    i.HAL_TIM_IRQHandler                     0x08002cb8   Section        0  stm32f1xx_hal_tim.o(i.HAL_TIM_IRQHandler)
    i.HAL_TIM_MspPostInit                    0x08002e20   Section        0  tim.o(i.HAL_TIM_MspPostInit)
    i.HAL_TIM_OC_DelayElapsedCallback        0x08002e6c   Section        0  stm32f1xx_hal_tim.o(i.HAL_TIM_OC_DelayElapsedCallback)
    i.HAL_TIM_PWM_ConfigChannel              0x08002e6e   Section        0  stm32f1xx_hal_tim.o(i.HAL_TIM_PWM_ConfigChannel)
    i.HAL_TIM_PWM_Init                       0x08002f34   Section        0  stm32f1xx_hal_tim.o(i.HAL_TIM_PWM_Init)
    i.HAL_TIM_PWM_MspInit                    0x08002f8e   Section        0  stm32f1xx_hal_tim.o(i.HAL_TIM_PWM_MspInit)
    i.HAL_TIM_PWM_PulseFinishedCallback      0x08002f90   Section        0  stm32f1xx_hal_tim.o(i.HAL_TIM_PWM_PulseFinishedCallback)
    i.HAL_TIM_PWM_Start                      0x08002f94   Section        0  stm32f1xx_hal_tim.o(i.HAL_TIM_PWM_Start)
    i.HAL_TIM_PeriodElapsedCallback          0x08003030   Section        0  stm32f1xx_hal_tim.o(i.HAL_TIM_PeriodElapsedCallback)
    i.HAL_TIM_TriggerCallback                0x08003032   Section        0  stm32f1xx_hal_tim.o(i.HAL_TIM_TriggerCallback)
    i.HAL_UART_Init                          0x08003034   Section        0  stm32f1xx_hal_uart.o(i.HAL_UART_Init)
    i.HAL_UART_MspInit                       0x08003098   Section        0  usart.o(i.HAL_UART_MspInit)
    i.HAL_UART_Transmit                      0x08003108   Section        0  stm32f1xx_hal_uart.o(i.HAL_UART_Transmit)
    i.HardFault_Handler                      0x080031ba   Section        0  stm32f1xx_it.o(i.HardFault_Handler)
    i.I2C_IsAcknowledgeFailed                0x080031bc   Section        0  stm32f1xx_hal_i2c.o(i.I2C_IsAcknowledgeFailed)
    I2C_IsAcknowledgeFailed                  0x080031bd   Thumb Code    46  stm32f1xx_hal_i2c.o(i.I2C_IsAcknowledgeFailed)
    i.I2C_RequestMemoryRead                  0x080031ec   Section        0  stm32f1xx_hal_i2c.o(i.I2C_RequestMemoryRead)
    I2C_RequestMemoryRead                    0x080031ed   Thumb Code   246  stm32f1xx_hal_i2c.o(i.I2C_RequestMemoryRead)
    i.I2C_RequestMemoryWrite                 0x080032e8   Section        0  stm32f1xx_hal_i2c.o(i.I2C_RequestMemoryWrite)
    I2C_RequestMemoryWrite                   0x080032e9   Thumb Code   162  stm32f1xx_hal_i2c.o(i.I2C_RequestMemoryWrite)
    i.I2C_WaitOnBTFFlagUntilTimeout          0x08003390   Section        0  stm32f1xx_hal_i2c.o(i.I2C_WaitOnBTFFlagUntilTimeout)
    I2C_WaitOnBTFFlagUntilTimeout            0x08003391   Thumb Code    76  stm32f1xx_hal_i2c.o(i.I2C_WaitOnBTFFlagUntilTimeout)
    i.I2C_WaitOnFlagUntilTimeout             0x080033dc   Section        0  stm32f1xx_hal_i2c.o(i.I2C_WaitOnFlagUntilTimeout)
    I2C_WaitOnFlagUntilTimeout               0x080033dd   Thumb Code   104  stm32f1xx_hal_i2c.o(i.I2C_WaitOnFlagUntilTimeout)
    i.I2C_WaitOnMasterAddressFlagUntilTimeout 0x08003444   Section        0  stm32f1xx_hal_i2c.o(i.I2C_WaitOnMasterAddressFlagUntilTimeout)
    I2C_WaitOnMasterAddressFlagUntilTimeout  0x08003445   Thumb Code   150  stm32f1xx_hal_i2c.o(i.I2C_WaitOnMasterAddressFlagUntilTimeout)
    i.I2C_WaitOnRXNEFlagUntilTimeout         0x080034da   Section        0  stm32f1xx_hal_i2c.o(i.I2C_WaitOnRXNEFlagUntilTimeout)
    I2C_WaitOnRXNEFlagUntilTimeout           0x080034db   Thumb Code   102  stm32f1xx_hal_i2c.o(i.I2C_WaitOnRXNEFlagUntilTimeout)
    i.I2C_WaitOnTXEFlagUntilTimeout          0x08003540   Section        0  stm32f1xx_hal_i2c.o(i.I2C_WaitOnTXEFlagUntilTimeout)
    I2C_WaitOnTXEFlagUntilTimeout            0x08003541   Thumb Code    76  stm32f1xx_hal_i2c.o(i.I2C_WaitOnTXEFlagUntilTimeout)
    i.MX_ADC1_Init                           0x0800358c   Section        0  adc.o(i.MX_ADC1_Init)
    i.MX_CAN_Init                            0x080035f0   Section        0  can.o(i.MX_CAN_Init)
    i.MX_DMA_Init                            0x08003634   Section        0  dma.o(i.MX_DMA_Init)
    i.MX_GPIO_Init                           0x08003660   Section        0  gpio.o(i.MX_GPIO_Init)
    i.MX_I2C1_Init                           0x08003740   Section        0  i2c.o(i.MX_I2C1_Init)
    i.MX_TIM1_Init                           0x08003780   Section        0  tim.o(i.MX_TIM1_Init)
    i.MX_TIM2_Init                           0x0800386c   Section        0  tim.o(i.MX_TIM2_Init)
    i.MX_TIM3_Init                           0x080038d0   Section        0  tim.o(i.MX_TIM3_Init)
    i.MX_TIM4_Init                           0x08003934   Section        0  tim.o(i.MX_TIM4_Init)
    i.MX_USART2_UART_Init                    0x08003998   Section        0  usart.o(i.MX_USART2_UART_Init)
    i.MemManage_Handler                      0x080039d0   Section        0  stm32f1xx_it.o(i.MemManage_Handler)
    i.NMI_Handler                            0x080039d2   Section        0  stm32f1xx_it.o(i.NMI_Handler)
    i.PendSV_Handler                         0x080039d4   Section        0  stm32f1xx_it.o(i.PendSV_Handler)
    i.SVC_Handler                            0x080039d6   Section        0  stm32f1xx_it.o(i.SVC_Handler)
    i.SysTick_Handler                        0x080039d8   Section        0  stm32f1xx_it.o(i.SysTick_Handler)
    i.SystemClock_Config                     0x080039dc   Section        0  main.o(i.SystemClock_Config)
    i.SystemInit                             0x08003a54   Section        0  system_stm32f1xx.o(i.SystemInit)
    i.TIM1_UP_IRQHandler                     0x08003a58   Section        0  stm32f1xx_it.o(i.TIM1_UP_IRQHandler)
    i.TIM2_IRQHandler                        0x08003a64   Section        0  stm32f1xx_it.o(i.TIM2_IRQHandler)
    i.TIM3_IRQHandler                        0x08003a88   Section        0  stm32f1xx_it.o(i.TIM3_IRQHandler)
    i.TIM4_IRQHandler                        0x08003a94   Section        0  stm32f1xx_it.o(i.TIM4_IRQHandler)
    i.TIM_Base_SetConfig                     0x08003aa0   Section        0  stm32f1xx_hal_tim.o(i.TIM_Base_SetConfig)
    i.TIM_CCxChannelCmd                      0x08003b0c   Section        0  stm32f1xx_hal_tim.o(i.TIM_CCxChannelCmd)
    i.TIM_ETR_SetConfig                      0x08003b26   Section        0  stm32f1xx_hal_tim.o(i.TIM_ETR_SetConfig)
    i.TIM_ITRx_SetConfig                     0x08003b3a   Section        0  stm32f1xx_hal_tim.o(i.TIM_ITRx_SetConfig)
    TIM_ITRx_SetConfig                       0x08003b3b   Thumb Code    16  stm32f1xx_hal_tim.o(i.TIM_ITRx_SetConfig)
    i.TIM_OC1_SetConfig                      0x08003b4c   Section        0  stm32f1xx_hal_tim.o(i.TIM_OC1_SetConfig)
    TIM_OC1_SetConfig                        0x08003b4d   Thumb Code    74  stm32f1xx_hal_tim.o(i.TIM_OC1_SetConfig)
    i.TIM_OC2_SetConfig                      0x08003b9c   Section        0  stm32f1xx_hal_tim.o(i.TIM_OC2_SetConfig)
    i.TIM_OC3_SetConfig                      0x08003bf4   Section        0  stm32f1xx_hal_tim.o(i.TIM_OC3_SetConfig)
    TIM_OC3_SetConfig                        0x08003bf5   Thumb Code    82  stm32f1xx_hal_tim.o(i.TIM_OC3_SetConfig)
    i.TIM_OC4_SetConfig                      0x08003c4c   Section        0  stm32f1xx_hal_tim.o(i.TIM_OC4_SetConfig)
    TIM_OC4_SetConfig                        0x08003c4d   Thumb Code    64  stm32f1xx_hal_tim.o(i.TIM_OC4_SetConfig)
    i.TIM_TI1_ConfigInputStage               0x08003c90   Section        0  stm32f1xx_hal_tim.o(i.TIM_TI1_ConfigInputStage)
    TIM_TI1_ConfigInputStage                 0x08003c91   Thumb Code    34  stm32f1xx_hal_tim.o(i.TIM_TI1_ConfigInputStage)
    i.TIM_TI2_ConfigInputStage               0x08003cb2   Section        0  stm32f1xx_hal_tim.o(i.TIM_TI2_ConfigInputStage)
    TIM_TI2_ConfigInputStage                 0x08003cb3   Thumb Code    36  stm32f1xx_hal_tim.o(i.TIM_TI2_ConfigInputStage)
    i.UART_SetConfig                         0x08003cd8   Section        0  stm32f1xx_hal_uart.o(i.UART_SetConfig)
    UART_SetConfig                           0x08003cd9   Thumb Code   178  stm32f1xx_hal_uart.o(i.UART_SetConfig)
    i.UART_WaitOnFlagUntilTimeout            0x08003d90   Section        0  stm32f1xx_hal_uart.o(i.UART_WaitOnFlagUntilTimeout)
    UART_WaitOnFlagUntilTimeout              0x08003d91   Thumb Code   100  stm32f1xx_hal_uart.o(i.UART_WaitOnFlagUntilTimeout)
    i.USB_HP_CAN1_TX_IRQHandler              0x08003df4   Section        0  stm32f1xx_it.o(i.USB_HP_CAN1_TX_IRQHandler)
    i.USB_LP_CAN1_RX0_IRQHandler             0x08003e00   Section        0  stm32f1xx_it.o(i.USB_LP_CAN1_RX0_IRQHandler)
    i.UsageFault_Handler                     0x08003e0c   Section        0  stm32f1xx_it.o(i.UsageFault_Handler)
    i.__0printf                              0x08003e10   Section        0  printfa.o(i.__0printf)
    i.__NVIC_SetPriority                     0x08003e30   Section        0  stm32f1xx_hal_cortex.o(i.__NVIC_SetPriority)
    __NVIC_SetPriority                       0x08003e31   Thumb Code    32  stm32f1xx_hal_cortex.o(i.__NVIC_SetPriority)
    i.__scatterload_copy                     0x08003e50   Section       14  handlers.o(i.__scatterload_copy)
    i.__scatterload_null                     0x08003e5e   Section        2  handlers.o(i.__scatterload_null)
    i.__scatterload_zeroinit                 0x08003e60   Section       14  handlers.o(i.__scatterload_zeroinit)
    i._fp_digits                             0x08003e70   Section        0  printfa.o(i._fp_digits)
    _fp_digits                               0x08003e71   Thumb Code   334  printfa.o(i._fp_digits)
    i._printf_core                           0x08003fd4   Section        0  printfa.o(i._printf_core)
    _printf_core                             0x08003fd5   Thumb Code  1744  printfa.o(i._printf_core)
    i._printf_post_padding                   0x080046b0   Section        0  printfa.o(i._printf_post_padding)
    _printf_post_padding                     0x080046b1   Thumb Code    36  printfa.o(i._printf_post_padding)
    i._printf_pre_padding                    0x080046d4   Section        0  printfa.o(i._printf_pre_padding)
    _printf_pre_padding                      0x080046d5   Thumb Code    46  printfa.o(i._printf_pre_padding)
    i.as5600_get_angle                       0x08004704   Section        0  as5600.o(i.as5600_get_angle)
    i.as5600_init                            0x08004780   Section        0  as5600.o(i.as5600_init)
    i.as5600_new                             0x0800482e   Section        0  as5600.o(i.as5600_new)
    i.can_send_pdo                           0x08004838   Section        0  can.o(i.can_send_pdo)
    i.compute_following_error                0x080048bc   Section        0  controll.o(i.compute_following_error)
    i.compute_position_elec                  0x080048e4   Section        0  controll.o(i.compute_position_elec)
    i.config_init                            0x080048f4   Section        0  controll.o(i.config_init)
    i.config_new                             0x08004980   Section        0  controll.o(i.config_new)
    i.convert_pdo_to_tx                      0x08004988   Section        0  can.o(i.convert_pdo_to_tx)
    i.convert_pulse_to_position              0x080049d8   Section        0  controll.o(i.convert_pulse_to_position)
    i.convert_pulse_to_velocity              0x080049fc   Section        0  controll.o(i.convert_pulse_to_velocity)
    i.filter_init                            0x08004a20   Section        0  controll.o(i.filter_init)
    i.filter_new                             0x08004a90   Section        0  controll.o(i.filter_new)
    i.filter_update                          0x08004a98   Section        0  controll.o(i.filter_update)
    i.fputc                                  0x08004ab8   Section        0  main.o(i.fputc)
    i.main                                   0x08004ad0   Section        0  main.o(i.main)
    i.malloc                                 0x08004ca0   Section        0  malloc.o(i.malloc)
    i.pdo_init                               0x08004d0c   Section        0  controll.o(i.pdo_init)
    i.pdo_new                                0x08004d1e   Section        0  controll.o(i.pdo_new)
    i.pid_init                               0x08004d26   Section        0  controll.o(i.pid_init)
    i.pid_new                                0x08004d98   Section        0  controll.o(i.pid_new)
    .constdata                               0x08004da0   Section       16  system_stm32f1xx.o(.constdata)
    .constdata                               0x08004db0   Section        8  system_stm32f1xx.o(.constdata)
    .data                                    0x20000000   Section        8  main.o(.data)
    .data                                    0x20000008   Section       20  main.o(.data)
    .data                                    0x2000001c   Section       12  can.o(.data)
    pTxMailbox                               0x2000001c   Data           4  can.o(.data)
    can_tx_data                              0x20000020   Data           8  can.o(.data)
    .data                                    0x20000028   Section        1  stm32f1xx_it.o(.data)
    .data                                    0x2000002c   Section       12  stm32f1xx_hal.o(.data)
    .data                                    0x20000038   Section        4  system_stm32f1xx.o(.data)
    .data                                    0x2000003c   Section        4  stdout.o(.data)
    .data                                    0x20000040   Section        4  mvars.o(.data)
    .data                                    0x20000044   Section        4  mvars.o(.data)
    .bss                                     0x20000048   Section       28  main.o(.bss)
    .bss                                     0x20000064   Section      148  adc.o(.bss)
    .bss                                     0x200000f8   Section       40  can.o(.bss)
    .bss                                     0x20000120   Section       84  i2c.o(.bss)
    .bss                                     0x20000174   Section      288  tim.o(.bss)
    .bss                                     0x20000294   Section       68  usart.o(.bss)
    HEAP                                     0x200002d8   Section      512  startup_stm32f103xb.o(HEAP)
    STACK                                    0x200004d8   Section     1024  startup_stm32f103xb.o(STACK)

    Global Symbols

    Symbol Name                              Value     Ov Type        Size  Object(Section)

    BuildAttributes$$THM_ISAv4$P$D$K$B$S$PE$A:L22UL41UL21$X:L11$S22US41US21$IEEE1$IW$USESV6$~STKCKD$USESV7$~SHL$OTIME$ROPI$EBA8$MICROLIB$REQ8$PRES8$EABIv2 0x00000000   Number         0  anon$$obj.o ABSOLUTE
    __ARM_use_no_argv                        0x00000000   Number         0  main.o ABSOLUTE
    _printf_a                                0x00000000   Number         0  stubs.o ABSOLUTE
    _printf_c                                0x00000000   Number         0  stubs.o ABSOLUTE
    _printf_charcount                        0x00000000   Number         0  stubs.o ABSOLUTE
    _printf_d                                0x00000000   Number         0  stubs.o ABSOLUTE
    _printf_e                                0x00000000   Number         0  stubs.o ABSOLUTE
    _printf_f                                0x00000000   Number         0  stubs.o ABSOLUTE
    _printf_flags                            0x00000000   Number         0  stubs.o ABSOLUTE
    _printf_fp_dec                           0x00000000   Number         0  stubs.o ABSOLUTE
    _printf_fp_hex                           0x00000000   Number         0  stubs.o ABSOLUTE
    _printf_g                                0x00000000   Number         0  stubs.o ABSOLUTE
    _printf_i                                0x00000000   Number         0  stubs.o ABSOLUTE
    _printf_int_dec                          0x00000000   Number         0  stubs.o ABSOLUTE
    _printf_l                                0x00000000   Number         0  stubs.o ABSOLUTE
    _printf_lc                               0x00000000   Number         0  stubs.o ABSOLUTE
    _printf_ll                               0x00000000   Number         0  stubs.o ABSOLUTE
    _printf_lld                              0x00000000   Number         0  stubs.o ABSOLUTE
    _printf_lli                              0x00000000   Number         0  stubs.o ABSOLUTE
    _printf_llo                              0x00000000   Number         0  stubs.o ABSOLUTE
    _printf_llu                              0x00000000   Number         0  stubs.o ABSOLUTE
    _printf_llx                              0x00000000   Number         0  stubs.o ABSOLUTE
    _printf_longlong_dec                     0x00000000   Number         0  stubs.o ABSOLUTE
    _printf_longlong_hex                     0x00000000   Number         0  stubs.o ABSOLUTE
    _printf_longlong_oct                     0x00000000   Number         0  stubs.o ABSOLUTE
    _printf_ls                               0x00000000   Number         0  stubs.o ABSOLUTE
    _printf_mbtowc                           0x00000000   Number         0  stubs.o ABSOLUTE
    _printf_n                                0x00000000   Number         0  stubs.o ABSOLUTE
    _printf_o                                0x00000000   Number         0  stubs.o ABSOLUTE
    _printf_p                                0x00000000   Number         0  stubs.o ABSOLUTE
    _printf_percent                          0x00000000   Number         0  stubs.o ABSOLUTE
    _printf_pre_padding                      0x00000000   Number         0  stubs.o ABSOLUTE
    _printf_return_value                     0x00000000   Number         0  stubs.o ABSOLUTE
    _printf_s                                0x00000000   Number         0  stubs.o ABSOLUTE
    _printf_sizespec                         0x00000000   Number         0  stubs.o ABSOLUTE
    _printf_str                              0x00000000   Number         0  stubs.o ABSOLUTE
    _printf_truncate_signed                  0x00000000   Number         0  stubs.o ABSOLUTE
    _printf_truncate_unsigned                0x00000000   Number         0  stubs.o ABSOLUTE
    _printf_u                                0x00000000   Number         0  stubs.o ABSOLUTE
    _printf_wc                               0x00000000   Number         0  stubs.o ABSOLUTE
    _printf_wctomb                           0x00000000   Number         0  stubs.o ABSOLUTE
    _printf_widthprec                        0x00000000   Number         0  stubs.o ABSOLUTE
    _printf_x                                0x00000000   Number         0  stubs.o ABSOLUTE
    __cpp_initialize__aeabi_                  - Undefined Weak Reference
    __cxa_finalize                            - Undefined Weak Reference
    __decompress                              - Undefined Weak Reference
    _clock_init                               - Undefined Weak Reference
    _microlib_exit                            - Undefined Weak Reference
    __Vectors_Size                           0x000000ec   Number         0  startup_stm32f103xb.o ABSOLUTE
    __Vectors                                0x08000000   Data           4  startup_stm32f103xb.o(RESET)
    __Vectors_End                            0x080000ec   Data           0  startup_stm32f103xb.o(RESET)
    __main                                   0x080000ed   Thumb Code     0  entry.o(.ARM.Collect$$$$00000000)
    _main_stk                                0x080000ed   Thumb Code     0  entry2.o(.ARM.Collect$$$$00000001)
    _main_scatterload                        0x080000f1   Thumb Code     0  entry5.o(.ARM.Collect$$$$00000004)
    __main_after_scatterload                 0x080000f5   Thumb Code     0  entry5.o(.ARM.Collect$$$$00000004)
    _main_clock                              0x080000f5   Thumb Code     0  entry7b.o(.ARM.Collect$$$$00000008)
    _main_cpp_init                           0x080000f5   Thumb Code     0  entry8b.o(.ARM.Collect$$$$0000000A)
    _main_init                               0x080000f5   Thumb Code     0  entry9a.o(.ARM.Collect$$$$0000000B)
    __rt_final_cpp                           0x080000fd   Thumb Code     0  entry10a.o(.ARM.Collect$$$$0000000D)
    __rt_final_exit                          0x080000fd   Thumb Code     0  entry11a.o(.ARM.Collect$$$$0000000F)
    Reset_Handler                            0x08000101   Thumb Code     8  startup_stm32f103xb.o(.text)
    ADC1_2_IRQHandler                        0x0800011b   Thumb Code     0  startup_stm32f103xb.o(.text)
    CAN1_RX1_IRQHandler                      0x0800011b   Thumb Code     0  startup_stm32f103xb.o(.text)
    CAN1_SCE_IRQHandler                      0x0800011b   Thumb Code     0  startup_stm32f103xb.o(.text)
    DMA1_Channel2_IRQHandler                 0x0800011b   Thumb Code     0  startup_stm32f103xb.o(.text)
    DMA1_Channel3_IRQHandler                 0x0800011b   Thumb Code     0  startup_stm32f103xb.o(.text)
    DMA1_Channel4_IRQHandler                 0x0800011b   Thumb Code     0  startup_stm32f103xb.o(.text)
    DMA1_Channel5_IRQHandler                 0x0800011b   Thumb Code     0  startup_stm32f103xb.o(.text)
    DMA1_Channel6_IRQHandler                 0x0800011b   Thumb Code     0  startup_stm32f103xb.o(.text)
    DMA1_Channel7_IRQHandler                 0x0800011b   Thumb Code     0  startup_stm32f103xb.o(.text)
    EXTI0_IRQHandler                         0x0800011b   Thumb Code     0  startup_stm32f103xb.o(.text)
    EXTI15_10_IRQHandler                     0x0800011b   Thumb Code     0  startup_stm32f103xb.o(.text)
    EXTI1_IRQHandler                         0x0800011b   Thumb Code     0  startup_stm32f103xb.o(.text)
    EXTI2_IRQHandler                         0x0800011b   Thumb Code     0  startup_stm32f103xb.o(.text)
    EXTI3_IRQHandler                         0x0800011b   Thumb Code     0  startup_stm32f103xb.o(.text)
    EXTI4_IRQHandler                         0x0800011b   Thumb Code     0  startup_stm32f103xb.o(.text)
    EXTI9_5_IRQHandler                       0x0800011b   Thumb Code     0  startup_stm32f103xb.o(.text)
    FLASH_IRQHandler                         0x0800011b   Thumb Code     0  startup_stm32f103xb.o(.text)
    I2C1_ER_IRQHandler                       0x0800011b   Thumb Code     0  startup_stm32f103xb.o(.text)
    I2C1_EV_IRQHandler                       0x0800011b   Thumb Code     0  startup_stm32f103xb.o(.text)
    I2C2_ER_IRQHandler                       0x0800011b   Thumb Code     0  startup_stm32f103xb.o(.text)
    I2C2_EV_IRQHandler                       0x0800011b   Thumb Code     0  startup_stm32f103xb.o(.text)
    PVD_IRQHandler                           0x0800011b   Thumb Code     0  startup_stm32f103xb.o(.text)
    RCC_IRQHandler                           0x0800011b   Thumb Code     0  startup_stm32f103xb.o(.text)
    RTC_Alarm_IRQHandler                     0x0800011b   Thumb Code     0  startup_stm32f103xb.o(.text)
    RTC_IRQHandler                           0x0800011b   Thumb Code     0  startup_stm32f103xb.o(.text)
    SPI1_IRQHandler                          0x0800011b   Thumb Code     0  startup_stm32f103xb.o(.text)
    SPI2_IRQHandler                          0x0800011b   Thumb Code     0  startup_stm32f103xb.o(.text)
    TAMPER_IRQHandler                        0x0800011b   Thumb Code     0  startup_stm32f103xb.o(.text)
    TIM1_BRK_IRQHandler                      0x0800011b   Thumb Code     0  startup_stm32f103xb.o(.text)
    TIM1_CC_IRQHandler                       0x0800011b   Thumb Code     0  startup_stm32f103xb.o(.text)
    TIM1_TRG_COM_IRQHandler                  0x0800011b   Thumb Code     0  startup_stm32f103xb.o(.text)
    USART1_IRQHandler                        0x0800011b   Thumb Code     0  startup_stm32f103xb.o(.text)
    USART2_IRQHandler                        0x0800011b   Thumb Code     0  startup_stm32f103xb.o(.text)
    USART3_IRQHandler                        0x0800011b   Thumb Code     0  startup_stm32f103xb.o(.text)
    USBWakeUp_IRQHandler                     0x0800011b   Thumb Code     0  startup_stm32f103xb.o(.text)
    WWDG_IRQHandler                          0x0800011b   Thumb Code     0  startup_stm32f103xb.o(.text)
    __aeabi_llsr                             0x08000125   Thumb Code    32  llushr.o(.text)
    _ll_ushift_r                             0x08000125   Thumb Code     0  llushr.o(.text)
    __aeabi_memset                           0x08000145   Thumb Code    14  memseta.o(.text)
    __aeabi_memset4                          0x08000145   Thumb Code     0  memseta.o(.text)
    __aeabi_memset8                          0x08000145   Thumb Code     0  memseta.o(.text)
    __aeabi_memclr                           0x08000153   Thumb Code     4  memseta.o(.text)
    __aeabi_memclr4                          0x08000153   Thumb Code     0  memseta.o(.text)
    __aeabi_memclr8                          0x08000153   Thumb Code     0  memseta.o(.text)
    _memset$wrapper                          0x08000157   Thumb Code    18  memseta.o(.text)
    calloc                                   0x08000169   Thumb Code    28  calloc.o(.text)
    __aeabi_fadd                             0x08000185   Thumb Code   164  fadd.o(.text)
    __aeabi_fsub                             0x08000229   Thumb Code     6  fadd.o(.text)
    __aeabi_frsub                            0x0800022f   Thumb Code     6  fadd.o(.text)
    __aeabi_fdiv                             0x08000235   Thumb Code   124  fdiv.o(.text)
    __ARM_scalbnf                            0x080002b1   Thumb Code    24  fscalb.o(.text)
    scalbnf                                  0x080002b1   Thumb Code     0  fscalb.o(.text)
    __aeabi_dmul                             0x080002c9   Thumb Code   228  dmul.o(.text)
    __aeabi_ddiv                             0x080003ad   Thumb Code   222  ddiv.o(.text)
    __aeabi_f2iz                             0x0800048b   Thumb Code    50  ffixi.o(.text)
    __aeabi_f2d                              0x080004bd   Thumb Code    38  f2d.o(.text)
    __aeabi_d2f                              0x080004e3   Thumb Code    56  d2f.o(.text)
    __aeabi_uidiv                            0x0800051b   Thumb Code     0  uidiv.o(.text)
    __aeabi_uidivmod                         0x0800051b   Thumb Code    44  uidiv.o(.text)
    __aeabi_uldivmod                         0x08000547   Thumb Code    98  uldiv.o(.text)
    __I$use$fp                               0x080005a9   Thumb Code     0  iusefp.o(.text)
    _float_round                             0x080005a9   Thumb Code    18  fepilogue.o(.text)
    _float_epilogue                          0x080005bb   Thumb Code    92  fepilogue.o(.text)
    _double_round                            0x08000617   Thumb Code    30  depilogue.o(.text)
    _double_epilogue                         0x08000635   Thumb Code   156  depilogue.o(.text)
    __aeabi_dadd                             0x080006d1   Thumb Code   322  dadd.o(.text)
    __aeabi_dsub                             0x08000813   Thumb Code     6  dadd.o(.text)
    __aeabi_drsub                            0x08000819   Thumb Code     6  dadd.o(.text)
    __aeabi_d2ulz                            0x0800081f   Thumb Code    48  dfixul.o(.text)
    __aeabi_cdrcmple                         0x08000851   Thumb Code    48  cdrcmple.o(.text)
    __scatterload                            0x08000881   Thumb Code    28  init.o(.text)
    __scatterload_rt2                        0x08000881   Thumb Code     0  init.o(.text)
    __aeabi_llsl                             0x080008a5   Thumb Code    30  llshl.o(.text)
    _ll_shift_l                              0x080008a5   Thumb Code     0  llshl.o(.text)
    __aeabi_lasr                             0x080008c3   Thumb Code    36  llsshr.o(.text)
    _ll_sshift_r                             0x080008c3   Thumb Code     0  llsshr.o(.text)
    _IQ10div                                 0x080008e9   Thumb Code     0  IQNdiv.o(_IQ10div)
    _IQ10mpy                                 0x08000979   Thumb Code     0  IQNmpy.o(_IQ10mpy)
    _IQ10toF                                 0x08000989   Thumb Code     0  IQNtoF.o(_IQ10toF)
    ADC_ConversionStop_Disable               0x080009ad   Thumb Code    86  stm32f1xx_hal_adc.o(i.ADC_ConversionStop_Disable)
    ADC_DMAConvCplt                          0x08000a03   Thumb Code    78  stm32f1xx_hal_adc.o(i.ADC_DMAConvCplt)
    ADC_DMAError                             0x08000a51   Thumb Code    26  stm32f1xx_hal_adc.o(i.ADC_DMAError)
    ADC_DMAHalfConvCplt                      0x08000a6b   Thumb Code    10  stm32f1xx_hal_adc.o(i.ADC_DMAHalfConvCplt)
    ADC_Enable                               0x08000a75   Thumb Code   114  stm32f1xx_hal_adc.o(i.ADC_Enable)
    AS5600_get_magnet_status                 0x08000af1   Thumb Code    24  as5600.o(i.AS5600_get_magnet_status)
    AS5600_set_fast_filter_threshold         0x08000b09   Thumb Code   138  as5600.o(i.AS5600_set_fast_filter_threshold)
    AS5600_set_hysteresis                    0x08000b93   Thumb Code    72  as5600.o(i.AS5600_set_hysteresis)
    AS5600_set_low_power_mode                0x08000bdb   Thumb Code    72  as5600.o(i.AS5600_set_low_power_mode)
    AS5600_set_output_mode                   0x08000c23   Thumb Code   126  as5600.o(i.AS5600_set_output_mode)
    AS5600_set_slow_filter                   0x08000ca1   Thumb Code    72  as5600.o(i.AS5600_set_slow_filter)
    AS5600_set_watchdog_timer                0x08000ce9   Thumb Code    32  as5600.o(i.AS5600_set_watchdog_timer)
    AS5600_write_config_register             0x08000d09   Thumb Code    28  as5600.o(i.AS5600_write_config_register)
    BusFault_Handler                         0x08000d25   Thumb Code     2  stm32f1xx_it.o(i.BusFault_Handler)
    CAN_User_Init                            0x08000d27   Thumb Code    60  can.o(i.CAN_User_Init)
    DMA1_Channel1_IRQHandler                 0x08000d65   Thumb Code     6  stm32f1xx_it.o(i.DMA1_Channel1_IRQHandler)
    DebugMon_Handler                         0x08000d9b   Thumb Code     2  stm32f1xx_it.o(i.DebugMon_Handler)
    Error_Handler                            0x08000d9d   Thumb Code     4  main.o(i.Error_Handler)
    HAL_ADC_ConfigChannel                    0x08000da1   Thumb Code   240  stm32f1xx_hal_adc.o(i.HAL_ADC_ConfigChannel)
    HAL_ADC_ConvCpltCallback                 0x08000e9d   Thumb Code     2  stm32f1xx_hal_adc.o(i.HAL_ADC_ConvCpltCallback)
    HAL_ADC_ConvHalfCpltCallback             0x08000e9f   Thumb Code     2  stm32f1xx_hal_adc.o(i.HAL_ADC_ConvHalfCpltCallback)
    HAL_ADC_ErrorCallback                    0x08000ea1   Thumb Code     2  stm32f1xx_hal_adc.o(i.HAL_ADC_ErrorCallback)
    HAL_ADC_Init                             0x08000ea5   Thumb Code   272  stm32f1xx_hal_adc.o(i.HAL_ADC_Init)
    HAL_ADC_MspInit                          0x08000fc1   Thumb Code   120  adc.o(i.HAL_ADC_MspInit)
    HAL_ADC_Start_DMA                        0x0800104d   Thumb Code   246  stm32f1xx_hal_adc.o(i.HAL_ADC_Start_DMA)
    HAL_CAN_ActivateNotification             0x08001159   Thumb Code    36  stm32f1xx_hal_can.o(i.HAL_CAN_ActivateNotification)
    HAL_CAN_AddTxMessage                     0x0800117d   Thumb Code   200  stm32f1xx_hal_can.o(i.HAL_CAN_AddTxMessage)
    HAL_CAN_ConfigFilter                     0x08001245   Thumb Code   238  stm32f1xx_hal_can.o(i.HAL_CAN_ConfigFilter)
    HAL_CAN_ErrorCallback                    0x08001333   Thumb Code     2  stm32f1xx_hal_can.o(i.HAL_CAN_ErrorCallback)
    HAL_CAN_GetRxMessage                     0x08001335   Thumb Code   232  stm32f1xx_hal_can.o(i.HAL_CAN_GetRxMessage)
    HAL_CAN_GetTxMailboxesFreeLevel          0x0800141d   Thumb Code    44  stm32f1xx_hal_can.o(i.HAL_CAN_GetTxMailboxesFreeLevel)
    HAL_CAN_IRQHandler                       0x08001449   Thumb Code   508  stm32f1xx_hal_can.o(i.HAL_CAN_IRQHandler)
    HAL_CAN_Init                             0x08001645   Thumb Code   282  stm32f1xx_hal_can.o(i.HAL_CAN_Init)
    HAL_CAN_MspInit                          0x08001761   Thumb Code   128  can.o(i.HAL_CAN_MspInit)
    HAL_CAN_RxFifo0FullCallback              0x080017ed   Thumb Code     2  stm32f1xx_hal_can.o(i.HAL_CAN_RxFifo0FullCallback)
    HAL_CAN_RxFifo0MsgPendingCallback        0x080017f1   Thumb Code   108  stm32f1xx_it.o(i.HAL_CAN_RxFifo0MsgPendingCallback)
    HAL_CAN_RxFifo1FullCallback              0x08001871   Thumb Code     2  stm32f1xx_hal_can.o(i.HAL_CAN_RxFifo1FullCallback)
    HAL_CAN_RxFifo1MsgPendingCallback        0x08001873   Thumb Code     2  stm32f1xx_hal_can.o(i.HAL_CAN_RxFifo1MsgPendingCallback)
    HAL_CAN_SleepCallback                    0x08001875   Thumb Code     2  stm32f1xx_hal_can.o(i.HAL_CAN_SleepCallback)
    HAL_CAN_Start                            0x08001879   Thumb Code    88  stm32f1xx_hal_can.o(i.HAL_CAN_Start)
    HAL_CAN_TxMailbox0AbortCallback          0x080018d1   Thumb Code     2  stm32f1xx_hal_can.o(i.HAL_CAN_TxMailbox0AbortCallback)
    HAL_CAN_TxMailbox0CompleteCallback       0x080018d3   Thumb Code     2  stm32f1xx_hal_can.o(i.HAL_CAN_TxMailbox0CompleteCallback)
    HAL_CAN_TxMailbox1AbortCallback          0x080018d5   Thumb Code     2  stm32f1xx_hal_can.o(i.HAL_CAN_TxMailbox1AbortCallback)
    HAL_CAN_TxMailbox1CompleteCallback       0x080018d7   Thumb Code     2  stm32f1xx_hal_can.o(i.HAL_CAN_TxMailbox1CompleteCallback)
    HAL_CAN_TxMailbox2AbortCallback          0x080018d9   Thumb Code     2  stm32f1xx_hal_can.o(i.HAL_CAN_TxMailbox2AbortCallback)
    HAL_CAN_TxMailbox2CompleteCallback       0x080018db   Thumb Code     2  stm32f1xx_hal_can.o(i.HAL_CAN_TxMailbox2CompleteCallback)
    HAL_CAN_WakeUpFromRxMsgCallback          0x080018dd   Thumb Code     2  stm32f1xx_hal_can.o(i.HAL_CAN_WakeUpFromRxMsgCallback)
    HAL_DMA_IRQHandler                       0x080018e1   Thumb Code   316  stm32f1xx_hal_dma.o(i.HAL_DMA_IRQHandler)
    HAL_DMA_Init                             0x08001a35   Thumb Code    84  stm32f1xx_hal_dma.o(i.HAL_DMA_Init)
    HAL_DMA_Start_IT                         0x08001a91   Thumb Code   112  stm32f1xx_hal_dma.o(i.HAL_DMA_Start_IT)
    HAL_Delay                                0x08001b01   Thumb Code    32  stm32f1xx_hal.o(i.HAL_Delay)
    HAL_GPIO_Init                            0x08001b25   Thumb Code   446  stm32f1xx_hal_gpio.o(i.HAL_GPIO_Init)
    HAL_GPIO_WritePin                        0x08001d05   Thumb Code    10  stm32f1xx_hal_gpio.o(i.HAL_GPIO_WritePin)
    HAL_GetTick                              0x08001d11   Thumb Code     6  stm32f1xx_hal.o(i.HAL_GetTick)
    HAL_I2C_Init                             0x08001d1d   Thumb Code   376  stm32f1xx_hal_i2c.o(i.HAL_I2C_Init)
    HAL_I2C_Mem_Read                         0x08001ea5   Thumb Code   574  stm32f1xx_hal_i2c.o(i.HAL_I2C_Mem_Read)
    HAL_I2C_Mem_Write                        0x080020f5   Thumb Code   294  stm32f1xx_hal_i2c.o(i.HAL_I2C_Mem_Write)
    HAL_I2C_MspInit                          0x08002225   Thumb Code    80  i2c.o(i.HAL_I2C_MspInit)
    HAL_IncTick                              0x08002281   Thumb Code    12  stm32f1xx_hal.o(i.HAL_IncTick)
    HAL_Init                                 0x08002291   Thumb Code    32  stm32f1xx_hal.o(i.HAL_Init)
    HAL_InitTick                             0x080022b5   Thumb Code    54  stm32f1xx_hal.o(i.HAL_InitTick)
    HAL_MspInit                              0x080022f5   Thumb Code    52  stm32f1xx_hal_msp.o(i.HAL_MspInit)
    HAL_NVIC_EnableIRQ                       0x08002331   Thumb Code    26  stm32f1xx_hal_cortex.o(i.HAL_NVIC_EnableIRQ)
    HAL_NVIC_SetPriority                     0x0800234d   Thumb Code    60  stm32f1xx_hal_cortex.o(i.HAL_NVIC_SetPriority)
    HAL_NVIC_SetPriorityGrouping             0x0800238d   Thumb Code    26  stm32f1xx_hal_cortex.o(i.HAL_NVIC_SetPriorityGrouping)
    HAL_RCCEx_PeriphCLKConfig                0x080023b1   Thumb Code   224  stm32f1xx_hal_rcc_ex.o(i.HAL_RCCEx_PeriphCLKConfig)
    HAL_RCC_ClockConfig                      0x0800249d   Thumb Code   280  stm32f1xx_hal_rcc.o(i.HAL_RCC_ClockConfig)
    HAL_RCC_GetPCLK1Freq                     0x080025c9   Thumb Code    20  stm32f1xx_hal_rcc.o(i.HAL_RCC_GetPCLK1Freq)
    HAL_RCC_GetPCLK2Freq                     0x080025e9   Thumb Code    20  stm32f1xx_hal_rcc.o(i.HAL_RCC_GetPCLK2Freq)
    HAL_RCC_GetSysClockFreq                  0x08002609   Thumb Code    74  stm32f1xx_hal_rcc.o(i.HAL_RCC_GetSysClockFreq)
    HAL_RCC_OscConfig                        0x08002675   Thumb Code   778  stm32f1xx_hal_rcc.o(i.HAL_RCC_OscConfig)
    HAL_SYSTICK_Config                       0x08002995   Thumb Code    40  stm32f1xx_hal_cortex.o(i.HAL_SYSTICK_Config)
    HAL_TIMEx_BreakCallback                  0x080029bd   Thumb Code     2  stm32f1xx_hal_tim_ex.o(i.HAL_TIMEx_BreakCallback)
    HAL_TIMEx_CommutCallback                 0x080029bf   Thumb Code     2  stm32f1xx_hal_tim_ex.o(i.HAL_TIMEx_CommutCallback)
    HAL_TIMEx_ConfigBreakDeadTime            0x080029c1   Thumb Code    84  stm32f1xx_hal_tim_ex.o(i.HAL_TIMEx_ConfigBreakDeadTime)
    HAL_TIMEx_MasterConfigSynchronization    0x08002a15   Thumb Code    92  stm32f1xx_hal_tim_ex.o(i.HAL_TIMEx_MasterConfigSynchronization)
    HAL_TIM_Base_Init                        0x08002a7d   Thumb Code    90  stm32f1xx_hal_tim.o(i.HAL_TIM_Base_Init)
    HAL_TIM_Base_MspInit                     0x08002ad9   Thumb Code   158  tim.o(i.HAL_TIM_Base_MspInit)
    HAL_TIM_Base_Start_IT                    0x08002b89   Thumb Code    76  stm32f1xx_hal_tim.o(i.HAL_TIM_Base_Start_IT)
    HAL_TIM_ConfigClockSource                0x08002be1   Thumb Code   214  stm32f1xx_hal_tim.o(i.HAL_TIM_ConfigClockSource)
    HAL_TIM_IC_CaptureCallback               0x08002cb7   Thumb Code     2  stm32f1xx_hal_tim.o(i.HAL_TIM_IC_CaptureCallback)
    HAL_TIM_IRQHandler                       0x08002cb9   Thumb Code   358  stm32f1xx_hal_tim.o(i.HAL_TIM_IRQHandler)
    HAL_TIM_MspPostInit                      0x08002e21   Thumb Code    64  tim.o(i.HAL_TIM_MspPostInit)
    HAL_TIM_OC_DelayElapsedCallback          0x08002e6d   Thumb Code     2  stm32f1xx_hal_tim.o(i.HAL_TIM_OC_DelayElapsedCallback)
    HAL_TIM_PWM_ConfigChannel                0x08002e6f   Thumb Code   198  stm32f1xx_hal_tim.o(i.HAL_TIM_PWM_ConfigChannel)
    HAL_TIM_PWM_Init                         0x08002f35   Thumb Code    90  stm32f1xx_hal_tim.o(i.HAL_TIM_PWM_Init)
    HAL_TIM_PWM_MspInit                      0x08002f8f   Thumb Code     2  stm32f1xx_hal_tim.o(i.HAL_TIM_PWM_MspInit)
    HAL_TIM_PWM_PulseFinishedCallback        0x08002f91   Thumb Code     2  stm32f1xx_hal_tim.o(i.HAL_TIM_PWM_PulseFinishedCallback)
    HAL_TIM_PWM_Start                        0x08002f95   Thumb Code   144  stm32f1xx_hal_tim.o(i.HAL_TIM_PWM_Start)
    HAL_TIM_PeriodElapsedCallback            0x08003031   Thumb Code     2  stm32f1xx_hal_tim.o(i.HAL_TIM_PeriodElapsedCallback)
    HAL_TIM_TriggerCallback                  0x08003033   Thumb Code     2  stm32f1xx_hal_tim.o(i.HAL_TIM_TriggerCallback)
    HAL_UART_Init                            0x08003035   Thumb Code    98  stm32f1xx_hal_uart.o(i.HAL_UART_Init)
    HAL_UART_MspInit                         0x08003099   Thumb Code    98  usart.o(i.HAL_UART_MspInit)
    HAL_UART_Transmit                        0x08003109   Thumb Code   178  stm32f1xx_hal_uart.o(i.HAL_UART_Transmit)
    HardFault_Handler                        0x080031bb   Thumb Code     2  stm32f1xx_it.o(i.HardFault_Handler)
    MX_ADC1_Init                             0x0800358d   Thumb Code    92  adc.o(i.MX_ADC1_Init)
    MX_CAN_Init                              0x080035f1   Thumb Code    60  can.o(i.MX_CAN_Init)
    MX_DMA_Init                              0x08003635   Thumb Code    40  dma.o(i.MX_DMA_Init)
    MX_GPIO_Init                             0x08003661   Thumb Code   206  gpio.o(i.MX_GPIO_Init)
    MX_I2C1_Init                             0x08003741   Thumb Code    50  i2c.o(i.MX_I2C1_Init)
    MX_TIM1_Init                             0x08003781   Thumb Code   228  tim.o(i.MX_TIM1_Init)
    MX_TIM2_Init                             0x0800386d   Thumb Code    96  tim.o(i.MX_TIM2_Init)
    MX_TIM3_Init                             0x080038d1   Thumb Code    92  tim.o(i.MX_TIM3_Init)
    MX_TIM4_Init                             0x08003935   Thumb Code    92  tim.o(i.MX_TIM4_Init)
    MX_USART2_UART_Init                      0x08003999   Thumb Code    48  usart.o(i.MX_USART2_UART_Init)
    MemManage_Handler                        0x080039d1   Thumb Code     2  stm32f1xx_it.o(i.MemManage_Handler)
    NMI_Handler                              0x080039d3   Thumb Code     2  stm32f1xx_it.o(i.NMI_Handler)
    PendSV_Handler                           0x080039d5   Thumb Code     2  stm32f1xx_it.o(i.PendSV_Handler)
    SVC_Handler                              0x080039d7   Thumb Code     2  stm32f1xx_it.o(i.SVC_Handler)
    SysTick_Handler                          0x080039d9   Thumb Code     4  stm32f1xx_it.o(i.SysTick_Handler)
    SystemClock_Config                       0x080039dd   Thumb Code   120  main.o(i.SystemClock_Config)
    SystemInit                               0x08003a55   Thumb Code     2  system_stm32f1xx.o(i.SystemInit)
    TIM1_UP_IRQHandler                       0x08003a59   Thumb Code     6  stm32f1xx_it.o(i.TIM1_UP_IRQHandler)
    TIM2_IRQHandler                          0x08003a65   Thumb Code    24  stm32f1xx_it.o(i.TIM2_IRQHandler)
    TIM3_IRQHandler                          0x08003a89   Thumb Code     6  stm32f1xx_it.o(i.TIM3_IRQHandler)
    TIM4_IRQHandler                          0x08003a95   Thumb Code     6  stm32f1xx_it.o(i.TIM4_IRQHandler)
    TIM_Base_SetConfig                       0x08003aa1   Thumb Code    94  stm32f1xx_hal_tim.o(i.TIM_Base_SetConfig)
    TIM_CCxChannelCmd                        0x08003b0d   Thumb Code    26  stm32f1xx_hal_tim.o(i.TIM_CCxChannelCmd)
    TIM_ETR_SetConfig                        0x08003b27   Thumb Code    20  stm32f1xx_hal_tim.o(i.TIM_ETR_SetConfig)
    TIM_OC2_SetConfig                        0x08003b9d   Thumb Code    84  stm32f1xx_hal_tim.o(i.TIM_OC2_SetConfig)
    USB_HP_CAN1_TX_IRQHandler                0x08003df5   Thumb Code     6  stm32f1xx_it.o(i.USB_HP_CAN1_TX_IRQHandler)
    USB_LP_CAN1_RX0_IRQHandler               0x08003e01   Thumb Code     6  stm32f1xx_it.o(i.USB_LP_CAN1_RX0_IRQHandler)
    UsageFault_Handler                       0x08003e0d   Thumb Code     2  stm32f1xx_it.o(i.UsageFault_Handler)
    __0printf                                0x08003e11   Thumb Code    22  printfa.o(i.__0printf)
    __1printf                                0x08003e11   Thumb Code     0  printfa.o(i.__0printf)
    __2printf                                0x08003e11   Thumb Code     0  printfa.o(i.__0printf)
    __c89printf                              0x08003e11   Thumb Code     0  printfa.o(i.__0printf)
    printf                                   0x08003e11   Thumb Code     0  printfa.o(i.__0printf)
    __scatterload_copy                       0x08003e51   Thumb Code    14  handlers.o(i.__scatterload_copy)
    __scatterload_null                       0x08003e5f   Thumb Code     2  handlers.o(i.__scatterload_null)
    __scatterload_zeroinit                   0x08003e61   Thumb Code    14  handlers.o(i.__scatterload_zeroinit)
    as5600_get_angle                         0x08004705   Thumb Code   114  as5600.o(i.as5600_get_angle)
    as5600_init                              0x08004781   Thumb Code   174  as5600.o(i.as5600_init)
    as5600_new                               0x0800482f   Thumb Code     8  as5600.o(i.as5600_new)
    can_send_pdo                             0x08004839   Thumb Code   128  can.o(i.can_send_pdo)
    compute_following_error                  0x080048bd   Thumb Code    38  controll.o(i.compute_following_error)
    compute_position_elec                    0x080048e5   Thumb Code    10  controll.o(i.compute_position_elec)
    config_init                              0x080048f5   Thumb Code   136  controll.o(i.config_init)
    config_new                               0x08004981   Thumb Code     8  controll.o(i.config_new)
    convert_pdo_to_tx                        0x08004989   Thumb Code    70  can.o(i.convert_pdo_to_tx)
    convert_pulse_to_position                0x080049d9   Thumb Code    32  controll.o(i.convert_pulse_to_position)
    convert_pulse_to_velocity                0x080049fd   Thumb Code    30  controll.o(i.convert_pulse_to_velocity)
    filter_init                              0x08004a21   Thumb Code   100  controll.o(i.filter_init)
    filter_new                               0x08004a91   Thumb Code     8  controll.o(i.filter_new)
    filter_update                            0x08004a99   Thumb Code    30  controll.o(i.filter_update)
    fputc                                    0x08004ab9   Thumb Code    20  main.o(i.fputc)
    main                                     0x08004ad1   Thumb Code   372  main.o(i.main)
    malloc                                   0x08004ca1   Thumb Code    92  malloc.o(i.malloc)
    pdo_init                                 0x08004d0d   Thumb Code    18  controll.o(i.pdo_init)
    pdo_new                                  0x08004d1f   Thumb Code     8  controll.o(i.pdo_new)
    pid_init                                 0x08004d27   Thumb Code   114  controll.o(i.pid_init)
    pid_new                                  0x08004d99   Thumb Code     8  controll.o(i.pid_new)
    AHBPrescTable                            0x08004da0   Data          16  system_stm32f1xx.o(.constdata)
    APBPrescTable                            0x08004db0   Data           8  system_stm32f1xx.o(.constdata)
    Region$$Table$$Base                      0x08004db8   Number         0  anon$$obj.o(Region$$Table)
    Region$$Table$$Limit                     0x08004dd8   Number         0  anon$$obj.o(Region$$Table)
    Rxdata                                   0x20000000   Data           8  main.o(.data)
    oPidVelocity                             0x20000008   Data           4  main.o(.data)
    oEncoder                                 0x2000000c   Data           4  main.o(.data)
    oConfig                                  0x20000010   Data           4  main.o(.data)
    oPdo                                     0x20000014   Data           4  main.o(.data)
    oFilterVelocity                          0x20000018   Data           4  main.o(.data)
    can_rx_finish_flag                       0x20000028   Data           1  stm32f1xx_it.o(.data)
    uwTickFreq                               0x2000002c   Data           1  stm32f1xx_hal.o(.data)
    uwTickPrio                               0x20000030   Data           4  stm32f1xx_hal.o(.data)
    uwTick                                   0x20000034   Data           4  stm32f1xx_hal.o(.data)
    SystemCoreClock                          0x20000038   Data           4  system_stm32f1xx.o(.data)
    __stdout                                 0x2000003c   Data           4  stdout.o(.data)
    __microlib_freelist                      0x20000040   Data           4  mvars.o(.data)
    __microlib_freelist_initialised          0x20000044   Data           4  mvars.o(.data)
    Can_Rx                                   0x20000048   Data          28  main.o(.bss)
    adc_dma_buf                              0x20000064   Data          32  adc.o(.bss)
    hadc1                                    0x20000084   Data          48  adc.o(.bss)
    hdma_adc1                                0x200000b4   Data          68  adc.o(.bss)
    hcan                                     0x200000f8   Data          40  can.o(.bss)
    hi2c1                                    0x20000120   Data          84  i2c.o(.bss)
    htim1                                    0x20000174   Data          72  tim.o(.bss)
    htim2                                    0x200001bc   Data          72  tim.o(.bss)
    htim3                                    0x20000204   Data          72  tim.o(.bss)
    htim4                                    0x2000024c   Data          72  tim.o(.bss)
    huart2                                   0x20000294   Data          68  usart.o(.bss)
    __heap_base                              0x200002d8   Data           0  startup_stm32f103xb.o(HEAP)
    __heap_limit                             0x200004d8   Data           0  startup_stm32f103xb.o(HEAP)
    __initial_sp                             0x200008d8   Data           0  startup_stm32f103xb.o(STACK)



==============================================================================

Memory Map of the image

  Image Entry point : 0x080000ed

  Load Region LR_IROM1 (Base: 0x08000000, Size: 0x00004e20, Max: 0x00010000, ABSOLUTE)

    Execution Region ER_IROM1 (Base: 0x08000000, Size: 0x00004dd8, Max: 0x00010000, ABSOLUTE)

    Base Addr    Size         Type   Attr      Idx    E Section Name        Object

    0x08000000   0x000000ec   Data   RO            3    RESET               startup_stm32f103xb.o
    0x080000ec   0x00000000   Code   RO         4843  * .ARM.Collect$$$$00000000  mc_w.l(entry.o)
    0x080000ec   0x00000004   Code   RO         5135    .ARM.Collect$$$$00000001  mc_w.l(entry2.o)
    0x080000f0   0x00000004   Code   RO         5138    .ARM.Collect$$$$00000004  mc_w.l(entry5.o)
    0x080000f4   0x00000000   Code   RO         5140    .ARM.Collect$$$$00000008  mc_w.l(entry7b.o)
    0x080000f4   0x00000000   Code   RO         5142    .ARM.Collect$$$$0000000A  mc_w.l(entry8b.o)
    0x080000f4   0x00000008   Code   RO         5143    .ARM.Collect$$$$0000000B  mc_w.l(entry9a.o)
    0x080000fc   0x00000000   Code   RO         5145    .ARM.Collect$$$$0000000D  mc_w.l(entry10a.o)
    0x080000fc   0x00000000   Code   RO         5147    .ARM.Collect$$$$0000000F  mc_w.l(entry11a.o)
    0x080000fc   0x00000004   Code   RO         5136    .ARM.Collect$$$$00002712  mc_w.l(entry2.o)
    0x08000100   0x00000024   Code   RO            4    .text               startup_stm32f103xb.o
    0x08000124   0x00000020   Code   RO         4846    .text               mc_w.l(llushr.o)
    0x08000144   0x00000024   Code   RO         4848    .text               mc_w.l(memseta.o)
    0x08000168   0x0000001c   Code   RO         5111    .text               mc_w.l(calloc.o)
    0x08000184   0x000000b0   Code   RO         5113    .text               mf_w.l(fadd.o)
    0x08000234   0x0000007c   Code   RO         5115    .text               mf_w.l(fdiv.o)
    0x080002b0   0x00000018   Code   RO         5117    .text               mf_w.l(fscalb.o)
    0x080002c8   0x000000e4   Code   RO         5119    .text               mf_w.l(dmul.o)
    0x080003ac   0x000000de   Code   RO         5121    .text               mf_w.l(ddiv.o)
    0x0800048a   0x00000032   Code   RO         5127    .text               mf_w.l(ffixi.o)
    0x080004bc   0x00000026   Code   RO         5131    .text               mf_w.l(f2d.o)
    0x080004e2   0x00000038   Code   RO         5133    .text               mf_w.l(d2f.o)
    0x0800051a   0x0000002c   Code   RO         5150    .text               mc_w.l(uidiv.o)
    0x08000546   0x00000062   Code   RO         5152    .text               mc_w.l(uldiv.o)
    0x080005a8   0x00000000   Code   RO         5182    .text               mc_w.l(iusefp.o)
    0x080005a8   0x0000006e   Code   RO         5183    .text               mf_w.l(fepilogue.o)
    0x08000616   0x000000ba   Code   RO         5185    .text               mf_w.l(depilogue.o)
    0x080006d0   0x0000014e   Code   RO         5187    .text               mf_w.l(dadd.o)
    0x0800081e   0x00000030   Code   RO         5189    .text               mf_w.l(dfixul.o)
    0x0800084e   0x00000002   PAD
    0x08000850   0x00000030   Code   RO         5191    .text               mf_w.l(cdrcmple.o)
    0x08000880   0x00000024   Code   RO         5193    .text               mc_w.l(init.o)
    0x080008a4   0x0000001e   Code   RO         5195    .text               mc_w.l(llshl.o)
    0x080008c2   0x00000024   Code   RO         5197    .text               mc_w.l(llsshr.o)
    0x080008e6   0x00000002   PAD
    0x080008e8   0x00000090   Code   RO         4387    _IQ10div            IQmathLib-cm3.lib(IQNdiv.o)
    0x08000978   0x00000010   Code   RO         4477    _IQ10mpy            IQmathLib-cm3.lib(IQNmpy.o)
    0x08000988   0x00000024   Code   RO         4744    _IQ10toF            IQmathLib-cm3.lib(IQNtoF.o)
    0x080009ac   0x00000056   Code   RO         1009    i.ADC_ConversionStop_Disable  stm32f1xx_hal_adc.o
    0x08000a02   0x0000004e   Code   RO         1010    i.ADC_DMAConvCplt   stm32f1xx_hal_adc.o
    0x08000a50   0x0000001a   Code   RO         1011    i.ADC_DMAError      stm32f1xx_hal_adc.o
    0x08000a6a   0x0000000a   Code   RO         1012    i.ADC_DMAHalfConvCplt  stm32f1xx_hal_adc.o
    0x08000a74   0x0000007c   Code   RO         1013    i.ADC_Enable        stm32f1xx_hal_adc.o
    0x08000af0   0x00000018   Code   RO           15    i.AS5600_get_magnet_status  as5600.o
    0x08000b08   0x0000008a   Code   RO           16    i.AS5600_set_fast_filter_threshold  as5600.o
    0x08000b92   0x00000048   Code   RO           17    i.AS5600_set_hysteresis  as5600.o
    0x08000bda   0x00000048   Code   RO           18    i.AS5600_set_low_power_mode  as5600.o
    0x08000c22   0x0000007e   Code   RO           20    i.AS5600_set_output_mode  as5600.o
    0x08000ca0   0x00000048   Code   RO           22    i.AS5600_set_slow_filter  as5600.o
    0x08000ce8   0x00000020   Code   RO           25    i.AS5600_set_watchdog_timer  as5600.o
    0x08000d08   0x0000001c   Code   RO           26    i.AS5600_write_config_register  as5600.o
    0x08000d24   0x00000002   Code   RO          801    i.BusFault_Handler  stm32f1xx_it.o
    0x08000d26   0x0000003c   Code   RO          559    i.CAN_User_Init     can.o
    0x08000d62   0x00000002   PAD
    0x08000d64   0x0000000c   Code   RO          802    i.DMA1_Channel1_IRQHandler  stm32f1xx_it.o
    0x08000d70   0x0000002a   Code   RO         1663    i.DMA_SetConfig     stm32f1xx_hal_dma.o
    0x08000d9a   0x00000002   Code   RO          803    i.DebugMon_Handler  stm32f1xx_it.o
    0x08000d9c   0x00000004   Code   RO          404    i.Error_Handler     main.o
    0x08000da0   0x000000fc   Code   RO         1015    i.HAL_ADC_ConfigChannel  stm32f1xx_hal_adc.o
    0x08000e9c   0x00000002   Code   RO         1016    i.HAL_ADC_ConvCpltCallback  stm32f1xx_hal_adc.o
    0x08000e9e   0x00000002   Code   RO         1017    i.HAL_ADC_ConvHalfCpltCallback  stm32f1xx_hal_adc.o
    0x08000ea0   0x00000002   Code   RO         1019    i.HAL_ADC_ErrorCallback  stm32f1xx_hal_adc.o
    0x08000ea2   0x00000002   PAD
    0x08000ea4   0x0000011c   Code   RO         1024    i.HAL_ADC_Init      stm32f1xx_hal_adc.o
    0x08000fc0   0x0000008c   Code   RO          508    i.HAL_ADC_MspInit   adc.o
    0x0800104c   0x0000010c   Code   RO         1031    i.HAL_ADC_Start_DMA  stm32f1xx_hal_adc.o
    0x08001158   0x00000024   Code   RO         2261    i.HAL_CAN_ActivateNotification  stm32f1xx_hal_can.o
    0x0800117c   0x000000c8   Code   RO         2262    i.HAL_CAN_AddTxMessage  stm32f1xx_hal_can.o
    0x08001244   0x000000ee   Code   RO         2263    i.HAL_CAN_ConfigFilter  stm32f1xx_hal_can.o
    0x08001332   0x00000002   Code   RO         2266    i.HAL_CAN_ErrorCallback  stm32f1xx_hal_can.o
    0x08001334   0x000000e8   Code   RO         2269    i.HAL_CAN_GetRxMessage  stm32f1xx_hal_can.o
    0x0800141c   0x0000002c   Code   RO         2271    i.HAL_CAN_GetTxMailboxesFreeLevel  stm32f1xx_hal_can.o
    0x08001448   0x000001fc   Code   RO         2273    i.HAL_CAN_IRQHandler  stm32f1xx_hal_can.o
    0x08001644   0x0000011a   Code   RO         2274    i.HAL_CAN_Init      stm32f1xx_hal_can.o
    0x0800175e   0x00000002   PAD
    0x08001760   0x0000008c   Code   RO          561    i.HAL_CAN_MspInit   can.o
    0x080017ec   0x00000002   Code   RO         2281    i.HAL_CAN_RxFifo0FullCallback  stm32f1xx_hal_can.o
    0x080017ee   0x00000002   PAD
    0x080017f0   0x00000080   Code   RO          804    i.HAL_CAN_RxFifo0MsgPendingCallback  stm32f1xx_it.o
    0x08001870   0x00000002   Code   RO         2283    i.HAL_CAN_RxFifo1FullCallback  stm32f1xx_hal_can.o
    0x08001872   0x00000002   Code   RO         2284    i.HAL_CAN_RxFifo1MsgPendingCallback  stm32f1xx_hal_can.o
    0x08001874   0x00000002   Code   RO         2285    i.HAL_CAN_SleepCallback  stm32f1xx_hal_can.o
    0x08001876   0x00000002   PAD
    0x08001878   0x00000058   Code   RO         2286    i.HAL_CAN_Start     stm32f1xx_hal_can.o
    0x080018d0   0x00000002   Code   RO         2288    i.HAL_CAN_TxMailbox0AbortCallback  stm32f1xx_hal_can.o
    0x080018d2   0x00000002   Code   RO         2289    i.HAL_CAN_TxMailbox0CompleteCallback  stm32f1xx_hal_can.o
    0x080018d4   0x00000002   Code   RO         2290    i.HAL_CAN_TxMailbox1AbortCallback  stm32f1xx_hal_can.o
    0x080018d6   0x00000002   Code   RO         2291    i.HAL_CAN_TxMailbox1CompleteCallback  stm32f1xx_hal_can.o
    0x080018d8   0x00000002   Code   RO         2292    i.HAL_CAN_TxMailbox2AbortCallback  stm32f1xx_hal_can.o
    0x080018da   0x00000002   Code   RO         2293    i.HAL_CAN_TxMailbox2CompleteCallback  stm32f1xx_hal_can.o
    0x080018dc   0x00000002   Code   RO         2295    i.HAL_CAN_WakeUpFromRxMsgCallback  stm32f1xx_hal_can.o
    0x080018de   0x00000002   PAD
    0x080018e0   0x00000154   Code   RO         1669    i.HAL_DMA_IRQHandler  stm32f1xx_hal_dma.o
    0x08001a34   0x0000005c   Code   RO         1670    i.HAL_DMA_Init      stm32f1xx_hal_dma.o
    0x08001a90   0x00000070   Code   RO         1674    i.HAL_DMA_Start_IT  stm32f1xx_hal_dma.o
    0x08001b00   0x00000024   Code   RO         1292    i.HAL_Delay         stm32f1xx_hal.o
    0x08001b24   0x000001e0   Code   RO         1600    i.HAL_GPIO_Init     stm32f1xx_hal_gpio.o
    0x08001d04   0x0000000a   Code   RO         1604    i.HAL_GPIO_WritePin  stm32f1xx_hal_gpio.o
    0x08001d0e   0x00000002   PAD
    0x08001d10   0x0000000c   Code   RO         1296    i.HAL_GetTick       stm32f1xx_hal.o
    0x08001d1c   0x00000188   Code   RO         2505    i.HAL_I2C_Init      stm32f1xx_hal_i2c.o
    0x08001ea4   0x00000250   Code   RO         2523    i.HAL_I2C_Mem_Read  stm32f1xx_hal_i2c.o
    0x080020f4   0x00000130   Code   RO         2526    i.HAL_I2C_Mem_Write  stm32f1xx_hal_i2c.o
    0x08002224   0x0000005c   Code   RO          652    i.HAL_I2C_MspInit   i2c.o
    0x08002280   0x00000010   Code   RO         1302    i.HAL_IncTick       stm32f1xx_hal.o
    0x08002290   0x00000024   Code   RO         1303    i.HAL_Init          stm32f1xx_hal.o
    0x080022b4   0x00000040   Code   RO         1304    i.HAL_InitTick      stm32f1xx_hal.o
    0x080022f4   0x0000003c   Code   RO          949    i.HAL_MspInit       stm32f1xx_hal_msp.o
    0x08002330   0x0000001a   Code   RO         1760    i.HAL_NVIC_EnableIRQ  stm32f1xx_hal_cortex.o
    0x0800234a   0x00000002   PAD
    0x0800234c   0x00000040   Code   RO         1766    i.HAL_NVIC_SetPriority  stm32f1xx_hal_cortex.o
    0x0800238c   0x00000024   Code   RO         1767    i.HAL_NVIC_SetPriorityGrouping  stm32f1xx_hal_cortex.o
    0x080023b0   0x000000ec   Code   RO         1563    i.HAL_RCCEx_PeriphCLKConfig  stm32f1xx_hal_rcc_ex.o
    0x0800249c   0x0000012c   Code   RO         1460    i.HAL_RCC_ClockConfig  stm32f1xx_hal_rcc.o
    0x080025c8   0x00000020   Code   RO         1467    i.HAL_RCC_GetPCLK1Freq  stm32f1xx_hal_rcc.o
    0x080025e8   0x00000020   Code   RO         1468    i.HAL_RCC_GetPCLK2Freq  stm32f1xx_hal_rcc.o
    0x08002608   0x0000006c   Code   RO         1469    i.HAL_RCC_GetSysClockFreq  stm32f1xx_hal_rcc.o
    0x08002674   0x00000320   Code   RO         1472    i.HAL_RCC_OscConfig  stm32f1xx_hal_rcc.o
    0x08002994   0x00000028   Code   RO         1771    i.HAL_SYSTICK_Config  stm32f1xx_hal_cortex.o
    0x080029bc   0x00000002   Code   RO         3632    i.HAL_TIMEx_BreakCallback  stm32f1xx_hal_tim_ex.o
    0x080029be   0x00000002   Code   RO         3633    i.HAL_TIMEx_CommutCallback  stm32f1xx_hal_tim_ex.o
    0x080029c0   0x00000054   Code   RO         3635    i.HAL_TIMEx_ConfigBreakDeadTime  stm32f1xx_hal_tim_ex.o
    0x08002a14   0x00000068   Code   RO         3651    i.HAL_TIMEx_MasterConfigSynchronization  stm32f1xx_hal_tim_ex.o
    0x08002a7c   0x0000005a   Code   RO         2928    i.HAL_TIM_Base_Init  stm32f1xx_hal_tim.o
    0x08002ad6   0x00000002   PAD
    0x08002ad8   0x000000b0   Code   RO          694    i.HAL_TIM_Base_MspInit  tim.o
    0x08002b88   0x00000058   Code   RO         2933    i.HAL_TIM_Base_Start_IT  stm32f1xx_hal_tim.o
    0x08002be0   0x000000d6   Code   RO         2937    i.HAL_TIM_ConfigClockSource  stm32f1xx_hal_tim.o
    0x08002cb6   0x00000002   Code   RO         2962    i.HAL_TIM_IC_CaptureCallback  stm32f1xx_hal_tim.o
    0x08002cb8   0x00000166   Code   RO         2976    i.HAL_TIM_IRQHandler  stm32f1xx_hal_tim.o
    0x08002e1e   0x00000002   PAD
    0x08002e20   0x0000004c   Code   RO          695    i.HAL_TIM_MspPostInit  tim.o
    0x08002e6c   0x00000002   Code   RO         2979    i.HAL_TIM_OC_DelayElapsedCallback  stm32f1xx_hal_tim.o
    0x08002e6e   0x000000c6   Code   RO         3000    i.HAL_TIM_PWM_ConfigChannel  stm32f1xx_hal_tim.o
    0x08002f34   0x0000005a   Code   RO         3003    i.HAL_TIM_PWM_Init  stm32f1xx_hal_tim.o
    0x08002f8e   0x00000002   Code   RO         3005    i.HAL_TIM_PWM_MspInit  stm32f1xx_hal_tim.o
    0x08002f90   0x00000002   Code   RO         3006    i.HAL_TIM_PWM_PulseFinishedCallback  stm32f1xx_hal_tim.o
    0x08002f92   0x00000002   PAD
    0x08002f94   0x0000009c   Code   RO         3008    i.HAL_TIM_PWM_Start  stm32f1xx_hal_tim.o
    0x08003030   0x00000002   Code   RO         3014    i.HAL_TIM_PeriodElapsedCallback  stm32f1xx_hal_tim.o
    0x08003032   0x00000002   Code   RO         3019    i.HAL_TIM_TriggerCallback  stm32f1xx_hal_tim.o
    0x08003034   0x00000062   Code   RO         3928    i.HAL_UART_Init     stm32f1xx_hal_uart.o
    0x08003096   0x00000002   PAD
    0x08003098   0x00000070   Code   RO          760    i.HAL_UART_MspInit  usart.o
    0x08003108   0x000000b2   Code   RO         3936    i.HAL_UART_Transmit  stm32f1xx_hal_uart.o
    0x080031ba   0x00000002   Code   RO          805    i.HardFault_Handler  stm32f1xx_it.o
    0x080031bc   0x0000002e   Code   RO         2547    i.I2C_IsAcknowledgeFailed  stm32f1xx_hal_i2c.o
    0x080031ea   0x00000002   PAD
    0x080031ec   0x000000fc   Code   RO         2557    i.I2C_RequestMemoryRead  stm32f1xx_hal_i2c.o
    0x080032e8   0x000000a8   Code   RO         2558    i.I2C_RequestMemoryWrite  stm32f1xx_hal_i2c.o
    0x08003390   0x0000004c   Code   RO         2562    i.I2C_WaitOnBTFFlagUntilTimeout  stm32f1xx_hal_i2c.o
    0x080033dc   0x00000068   Code   RO         2563    i.I2C_WaitOnFlagUntilTimeout  stm32f1xx_hal_i2c.o
    0x08003444   0x00000096   Code   RO         2564    i.I2C_WaitOnMasterAddressFlagUntilTimeout  stm32f1xx_hal_i2c.o
    0x080034da   0x00000066   Code   RO         2565    i.I2C_WaitOnRXNEFlagUntilTimeout  stm32f1xx_hal_i2c.o
    0x08003540   0x0000004c   Code   RO         2566    i.I2C_WaitOnTXEFlagUntilTimeout  stm32f1xx_hal_i2c.o
    0x0800358c   0x00000064   Code   RO          509    i.MX_ADC1_Init      adc.o
    0x080035f0   0x00000044   Code   RO          562    i.MX_CAN_Init       can.o
    0x08003634   0x0000002c   Code   RO          627    i.MX_DMA_Init       dma.o
    0x08003660   0x000000e0   Code   RO          481    i.MX_GPIO_Init      gpio.o
    0x08003740   0x00000040   Code   RO          653    i.MX_I2C1_Init      i2c.o
    0x08003780   0x000000ec   Code   RO          696    i.MX_TIM1_Init      tim.o
    0x0800386c   0x00000064   Code   RO          697    i.MX_TIM2_Init      tim.o
    0x080038d0   0x00000064   Code   RO          698    i.MX_TIM3_Init      tim.o
    0x08003934   0x00000064   Code   RO          699    i.MX_TIM4_Init      tim.o
    0x08003998   0x00000038   Code   RO          761    i.MX_USART2_UART_Init  usart.o
    0x080039d0   0x00000002   Code   RO          806    i.MemManage_Handler  stm32f1xx_it.o
    0x080039d2   0x00000002   Code   RO          807    i.NMI_Handler       stm32f1xx_it.o
    0x080039d4   0x00000002   Code   RO          808    i.PendSV_Handler    stm32f1xx_it.o
    0x080039d6   0x00000002   Code   RO          809    i.SVC_Handler       stm32f1xx_it.o
    0x080039d8   0x00000004   Code   RO          810    i.SysTick_Handler   stm32f1xx_it.o
    0x080039dc   0x00000078   Code   RO          405    i.SystemClock_Config  main.o
    0x08003a54   0x00000002   Code   RO         4257    i.SystemInit        system_stm32f1xx.o
    0x08003a56   0x00000002   PAD
    0x08003a58   0x0000000c   Code   RO          811    i.TIM1_UP_IRQHandler  stm32f1xx_it.o
    0x08003a64   0x00000024   Code   RO          812    i.TIM2_IRQHandler   stm32f1xx_it.o
    0x08003a88   0x0000000c   Code   RO          813    i.TIM3_IRQHandler   stm32f1xx_it.o
    0x08003a94   0x0000000c   Code   RO          814    i.TIM4_IRQHandler   stm32f1xx_it.o
    0x08003aa0   0x0000006c   Code   RO         3021    i.TIM_Base_SetConfig  stm32f1xx_hal_tim.o
    0x08003b0c   0x0000001a   Code   RO         3022    i.TIM_CCxChannelCmd  stm32f1xx_hal_tim.o
    0x08003b26   0x00000014   Code   RO         3032    i.TIM_ETR_SetConfig  stm32f1xx_hal_tim.o
    0x08003b3a   0x00000010   Code   RO         3033    i.TIM_ITRx_SetConfig  stm32f1xx_hal_tim.o
    0x08003b4a   0x00000002   PAD
    0x08003b4c   0x00000050   Code   RO         3034    i.TIM_OC1_SetConfig  stm32f1xx_hal_tim.o
    0x08003b9c   0x00000058   Code   RO         3035    i.TIM_OC2_SetConfig  stm32f1xx_hal_tim.o
    0x08003bf4   0x00000058   Code   RO         3036    i.TIM_OC3_SetConfig  stm32f1xx_hal_tim.o
    0x08003c4c   0x00000044   Code   RO         3037    i.TIM_OC4_SetConfig  stm32f1xx_hal_tim.o
    0x08003c90   0x00000022   Code   RO         3039    i.TIM_TI1_ConfigInputStage  stm32f1xx_hal_tim.o
    0x08003cb2   0x00000024   Code   RO         3041    i.TIM_TI2_ConfigInputStage  stm32f1xx_hal_tim.o
    0x08003cd6   0x00000002   PAD
    0x08003cd8   0x000000b8   Code   RO         3954    i.UART_SetConfig    stm32f1xx_hal_uart.o
    0x08003d90   0x00000064   Code   RO         3957    i.UART_WaitOnFlagUntilTimeout  stm32f1xx_hal_uart.o
    0x08003df4   0x0000000c   Code   RO          815    i.USB_HP_CAN1_TX_IRQHandler  stm32f1xx_it.o
    0x08003e00   0x0000000c   Code   RO          816    i.USB_LP_CAN1_RX0_IRQHandler  stm32f1xx_it.o
    0x08003e0c   0x00000002   Code   RO          817    i.UsageFault_Handler  stm32f1xx_it.o
    0x08003e0e   0x00000002   PAD
    0x08003e10   0x00000020   Code   RO         5083    i.__0printf         mc_w.l(printfa.o)
    0x08003e30   0x00000020   Code   RO         1773    i.__NVIC_SetPriority  stm32f1xx_hal_cortex.o
    0x08003e50   0x0000000e   Code   RO         5207    i.__scatterload_copy  mc_w.l(handlers.o)
    0x08003e5e   0x00000002   Code   RO         5208    i.__scatterload_null  mc_w.l(handlers.o)
    0x08003e60   0x0000000e   Code   RO         5209    i.__scatterload_zeroinit  mc_w.l(handlers.o)
    0x08003e6e   0x00000002   PAD
    0x08003e70   0x00000164   Code   RO         5090    i._fp_digits        mc_w.l(printfa.o)
    0x08003fd4   0x000006dc   Code   RO         5091    i._printf_core      mc_w.l(printfa.o)
    0x080046b0   0x00000024   Code   RO         5092    i._printf_post_padding  mc_w.l(printfa.o)
    0x080046d4   0x0000002e   Code   RO         5093    i._printf_pre_padding  mc_w.l(printfa.o)
    0x08004702   0x00000002   PAD
    0x08004704   0x0000007c   Code   RO           27    i.as5600_get_angle  as5600.o
    0x08004780   0x000000ae   Code   RO           29    i.as5600_init       as5600.o
    0x0800482e   0x00000008   Code   RO           30    i.as5600_new        as5600.o
    0x08004836   0x00000002   PAD
    0x08004838   0x00000084   Code   RO          563    i.can_send_pdo      can.o
    0x080048bc   0x00000026   Code   RO          259    i.compute_following_error  controll.o
    0x080048e2   0x00000002   PAD
    0x080048e4   0x00000010   Code   RO          260    i.compute_position_elec  controll.o
    0x080048f4   0x0000008c   Code   RO          262    i.config_init       controll.o
    0x08004980   0x00000008   Code   RO          263    i.config_new        controll.o
    0x08004988   0x00000050   Code   RO          564    i.convert_pdo_to_tx  can.o
    0x080049d8   0x00000024   Code   RO          267    i.convert_pulse_to_position  controll.o
    0x080049fc   0x00000024   Code   RO          268    i.convert_pulse_to_velocity  controll.o
    0x08004a20   0x00000070   Code   RO          270    i.filter_init       controll.o
    0x08004a90   0x00000008   Code   RO          271    i.filter_new        controll.o
    0x08004a98   0x0000001e   Code   RO          272    i.filter_update     controll.o
    0x08004ab6   0x00000002   PAD
    0x08004ab8   0x00000018   Code   RO          407    i.fputc             main.o
    0x08004ad0   0x000001d0   Code   RO          408    i.main              main.o
    0x08004ca0   0x0000006c   Code   RO         5155    i.malloc            mc_w.l(malloc.o)
    0x08004d0c   0x00000012   Code   RO          273    i.pdo_init          controll.o
    0x08004d1e   0x00000008   Code   RO          274    i.pdo_new           controll.o
    0x08004d26   0x00000072   Code   RO          275    i.pid_init          controll.o
    0x08004d98   0x00000008   Code   RO          276    i.pid_new           controll.o
    0x08004da0   0x00000010   Data   RO         4258    .constdata          system_stm32f1xx.o
    0x08004db0   0x00000008   Data   RO         4259    .constdata          system_stm32f1xx.o
    0x08004db8   0x00000020   Data   RO         5205    Region$$Table       anon$$obj.o


    Execution Region RW_IRAM1 (Base: 0x20000000, Size: 0x000008d8, Max: 0x00005000, ABSOLUTE)

    Base Addr    Size         Type   Attr      Idx    E Section Name        Object

    0x20000000   0x00000008   Data   RW          412    .data               main.o
    0x20000008   0x00000014   Data   RW          413    .data               main.o
    0x2000001c   0x0000000c   Data   RW          567    .data               can.o
    0x20000028   0x00000001   Data   RW          839    .data               stm32f1xx_it.o
    0x20000029   0x00000003   PAD
    0x2000002c   0x0000000c   Data   RW         1310    .data               stm32f1xx_hal.o
    0x20000038   0x00000004   Data   RW         4260    .data               system_stm32f1xx.o
    0x2000003c   0x00000004   Data   RW         5149    .data               mc_w.l(stdout.o)
    0x20000040   0x00000004   Data   RW         5203    .data               mc_w.l(mvars.o)
    0x20000044   0x00000004   Data   RW         5204    .data               mc_w.l(mvars.o)
    0x20000048   0x0000001c   Zero   RW          410    .bss                main.o
    0x20000064   0x00000094   Zero   RW          510    .bss                adc.o
    0x200000f8   0x00000028   Zero   RW          566    .bss                can.o
    0x20000120   0x00000054   Zero   RW          654    .bss                i2c.o
    0x20000174   0x00000120   Zero   RW          700    .bss                tim.o
    0x20000294   0x00000044   Zero   RW          762    .bss                usart.o
    0x200002d8   0x00000200   Zero   RW            2    HEAP                startup_stm32f103xb.o
    0x200004d8   0x00000400   Zero   RW            1    STACK               startup_stm32f103xb.o


==============================================================================

Image component sizes


      Code (inc. data)   RO Data    RW Data    ZI Data      Debug   Object Name

       240         28          0          0        148       1759   adc.o
       870         20          0          0          0     487585   as5600.o
       480         34          0         12         40       3593   can.o
       572         32          0          0          0       6688   controll.o
        44          4          0          0          0        742   dma.o
       224         18          0          0          0        971   gpio.o
       156         26          0          0         84       1573   i2c.o
       612         96          0         28         28       7489   main.o
        36          8        236          0       1536        796   startup_stm32f103xb.o
       164         28          0         12          0       5765   stm32f1xx_hal.o
      1134         56          0          0          0       7666   stm32f1xx_hal_adc.o
      1652          0          0          0          0      13181   stm32f1xx_hal_can.o
       198         14          0          0          0      28531   stm32f1xx_hal_cortex.o
       586         32          0          0          0       3175   stm32f1xx_hal_dma.o
       490         34          0          0          0       2532   stm32f1xx_hal_gpio.o
      2262         56          0          0          0      10798   stm32f1xx_hal_i2c.o
        60          8          0          0          0        854   stm32f1xx_hal_msp.o
      1272        100          0          0          0       4888   stm32f1xx_hal_rcc.o
       236         12          0          0          0       1312   stm32f1xx_hal_rcc_ex.o
      1770         58          0          0          0      15230   stm32f1xx_hal_tim.o
       192         12          0          0          0       3009   stm32f1xx_hal_tim_ex.o
       560          6          0          0          0       3376   stm32f1xx_hal_uart.o
       256         68          0          1          0       9696   stm32f1xx_it.o
         2          0         24          4          0       1095   system_stm32f1xx.o
       788         58          0          0        288       4371   tim.o
       168         22          0          0         68       1622   usart.o

    ----------------------------------------------------------------------
     15064        830        292         60       2192     628297   Object Totals
         0          0         32          0          0          0   (incl. Generated)
        40          0          0          3          0          0   (incl. Padding)

    ----------------------------------------------------------------------

      Code (inc. data)   RO Data    RW Data    ZI Data      Debug   Library Member Name

       144          2          0          0          0        256   IQNdiv.o
        16          2          0          0          0        196   IQNmpy.o
        36          0          0          0          0        212   IQNtoF.o
        28          0          0          0          0         76   calloc.o
         0          0          0          0          0          0   entry.o
         0          0          0          0          0          0   entry10a.o
         0          0          0          0          0          0   entry11a.o
         8          4          0          0          0          0   entry2.o
         4          0          0          0          0          0   entry5.o
         0          0          0          0          0          0   entry7b.o
         0          0          0          0          0          0   entry8b.o
         8          4          0          0          0          0   entry9a.o
        30          0          0          0          0          0   handlers.o
        36          8          0          0          0         68   init.o
         0          0          0          0          0          0   iusefp.o
        30          0          0          0          0         68   llshl.o
        36          0          0          0          0         68   llsshr.o
        32          0          0          0          0         68   llushr.o
       108         16          0          0          0         84   malloc.o
        36          0          0          0          0        108   memseta.o
         0          0          0          8          0          0   mvars.o
      2226         90          0          0          0        444   printfa.o
         0          0          0          4          0          0   stdout.o
        44          0          0          0          0         80   uidiv.o
        98          0          0          0          0         92   uldiv.o
        48          0          0          0          0         68   cdrcmple.o
        56          0          0          0          0         88   d2f.o
       334          0          0          0          0        148   dadd.o
       222          0          0          0          0        100   ddiv.o
       186          0          0          0          0        176   depilogue.o
        48          0          0          0          0         68   dfixul.o
       228          0          0          0          0         96   dmul.o
        38          0          0          0          0         68   f2d.o
       176          0          0          0          0        140   fadd.o
       124          0          0          0          0         88   fdiv.o
       110          0          0          0          0        168   fepilogue.o
        50          0          0          0          0         68   ffixi.o
        24          0          0          0          0         68   fscalb.o

    ----------------------------------------------------------------------
      4572        126          0         12          0       3164   Library Totals
         8          0          0          0          0          0   (incl. Padding)

    ----------------------------------------------------------------------

      Code (inc. data)   RO Data    RW Data    ZI Data      Debug   Library Name

       196          4          0          0          0        664   IQmathLib-cm3.lib
      2724        122          0         12          0       1156   mc_w.l
      1644          0          0          0          0       1344   mf_w.l

    ----------------------------------------------------------------------
      4572        126          0         12          0       3164   Library Totals

    ----------------------------------------------------------------------

==============================================================================


      Code (inc. data)   RO Data    RW Data    ZI Data      Debug   

     19636        956        292         72       2192     622097   Grand Totals
     19636        956        292         72       2192     622097   ELF Image Totals
     19636        956        292         72          0          0   ROM Totals

==============================================================================

    Total RO  Size (Code + RO Data)                19928 (  19.46kB)
    Total RW  Size (RW Data + ZI Data)              2264 (   2.21kB)
    Total ROM Size (Code + RO Data + RW Data)      20000 (  19.53kB)

==============================================================================

